Archive member included to satisfy reference by file (symbol)

c:/program files/microchip/xc32/v4.20/bin/bin/../../lib/gcc/pic32c/8.3.1/../../../../pic32c/lib/thumb/v8-m.main+fp/hard\libpic32c.a(data_init_wrapper.o)
                              build/pic32ck_gc01_cult/production/_ext/2000113765/startup_xc32.o (__pic32c_data_initialization)
c:/program files/microchip/xc32/v4.20/bin/bin/../../lib/gcc/pic32c/8.3.1/../../../../pic32c/lib/thumb/v8-m.main+fp/hard\libpic32c.a(data_init_0_1.o)
                              c:/program files/microchip/xc32/v4.20/bin/bin/../../lib/gcc/pic32c/8.3.1/../../../../pic32c/lib/thumb/v8-m.main+fp/hard\libpic32c.a(data_init_wrapper.o) (__pic32c_data_initialization_impl)
c:/program files/microchip/xc32/v4.20/bin/bin/../../lib/gcc/pic32c/8.3.1/../../../../pic32c/lib/thumb/v8-m.main+fp/hard\libc-musl.a(__libc_start_main.o)
                              build/pic32ck_gc01_cult/production/_ext/2000113765/startup_xc32.o (__libc_init_array)
c:/program files/microchip/xc32/v4.20/bin/bin/../../lib/gcc/pic32c/8.3.1/../../../../pic32c/lib/thumb/v8-m.main+fp/hard\libc-musl.a(libc.o)
                              c:/program files/microchip/xc32/v4.20/bin/bin/../../lib/gcc/pic32c/8.3.1/../../../../pic32c/lib/thumb/v8-m.main+fp/hard\libc-musl.a(__libc_start_main.o) (__progname_full)
c:/program files/microchip/xc32/v4.20/bin/bin/../../lib/gcc/pic32c/8.3.1/../../../../pic32c/lib/thumb/v8-m.main+fp/hard\libc-musl.a(stdin.o)
                              build/pic32ck_gc01_cult/production/_ext/2000113765/initialization.o (_stdin)
c:/program files/microchip/xc32/v4.20/bin/bin/../../lib/gcc/pic32c/8.3.1/../../../../pic32c/lib/thumb/v8-m.main+fp/hard\libc-musl.a(stdout.o)
                              build/pic32ck_gc01_cult/production/_ext/2000113765/initialization.o (_stdout)
c:/program files/microchip/xc32/v4.20/bin/bin/../../lib/gcc/pic32c/8.3.1/../../../../pic32c/lib/thumb/v8-m.main+fp/hard\libc-musl.a(printf.o)
                              build/pic32ck_gc01_cult/production/_ext/1360937237/main.o (printf)
c:/program files/microchip/xc32/v4.20/bin/bin/../../lib/gcc/pic32c/8.3.1/../../../../pic32c/lib/thumb/v8-m.main+fp/hard\libc-musl.a(setbuf.o)
                              build/pic32ck_gc01_cult/production/_ext/2000113765/initialization.o (setbuf)
c:/program files/microchip/xc32/v4.20/bin/bin/../../lib/gcc/pic32c/8.3.1/../../../../pic32c/lib/thumb/v8-m.main+fp/hard\libc-musl.a(memcmp.o)
                              build/pic32ck_gc01_cult/production/_ext/1360937237/main.o (memcmp)
c:/program files/microchip/xc32/v4.20/bin/bin/../../lib/gcc/pic32c/8.3.1/../../../../pic32c/lib/thumb/v8-m.main+fp/hard\libc-musl.a(__environ.o)
                              c:/program files/microchip/xc32/v4.20/bin/bin/../../lib/gcc/pic32c/8.3.1/../../../../pic32c/lib/thumb/v8-m.main+fp/hard\libc-musl.a(__libc_start_main.o) (__environ)
c:/program files/microchip/xc32/v4.20/bin/bin/../../lib/gcc/pic32c/8.3.1/../../../../pic32c/lib/thumb/v8-m.main+fp/hard\libc-musl.a(__io_init_needed.o)
                              c:/program files/microchip/xc32/v4.20/bin/bin/../../lib/gcc/pic32c/8.3.1/../../../../pic32c/lib/thumb/v8-m.main+fp/hard\libc-musl.a(stdout.o) (__io_init_needed)
c:/program files/microchip/xc32/v4.20/bin/bin/../../lib/gcc/pic32c/8.3.1/../../../../pic32c/lib/thumb/v8-m.main+fp/hard\libc-musl.a(__io_rw_needed.o)
                              c:/program files/microchip/xc32/v4.20/bin/bin/../../lib/gcc/pic32c/8.3.1/../../../../pic32c/lib/thumb/v8-m.main+fp/hard\libc-musl.a(stdin.o) (__io_rw_needed)
c:/program files/microchip/xc32/v4.20/bin/bin/../../lib/gcc/pic32c/8.3.1/../../../../pic32c/lib/thumb/v8-m.main+fp/hard\libc-musl.a(__stdio_read.o)
                              c:/program files/microchip/xc32/v4.20/bin/bin/../../lib/gcc/pic32c/8.3.1/../../../../pic32c/lib/thumb/v8-m.main+fp/hard\libc-musl.a(stdin.o) (__stdio_read)
c:/program files/microchip/xc32/v4.20/bin/bin/../../lib/gcc/pic32c/8.3.1/../../../../pic32c/lib/thumb/v8-m.main+fp/hard\libc-musl.a(__towrite_rw.o)
                              c:/program files/microchip/xc32/v4.20/bin/bin/../../lib/gcc/pic32c/8.3.1/../../../../pic32c/lib/thumb/v8-m.main+fp/hard\libc-musl.a(__io_rw_needed.o) (__towrite_rw_needed)
c:/program files/microchip/xc32/v4.20/bin/bin/../../lib/gcc/pic32c/8.3.1/../../../../pic32c/lib/thumb/v8-m.main+fp/hard\libc-musl.a(setvbuf.o)
                              c:/program files/microchip/xc32/v4.20/bin/bin/../../lib/gcc/pic32c/8.3.1/../../../../pic32c/lib/thumb/v8-m.main+fp/hard\libc-musl.a(setbuf.o) (setvbuf)
c:/program files/microchip/xc32/v4.20/bin/bin/../../lib/gcc/pic32c/8.3.1/../../../../pic32c/lib/thumb/v8-m.main+fp/hard\libc-musl.a(vfprintf.o)
                              c:/program files/microchip/xc32/v4.20/bin/bin/../../lib/gcc/pic32c/8.3.1/../../../../pic32c/lib/thumb/v8-m.main+fp/hard\libc-musl.a(printf.o) (vfprintf)
[...]
Memory Configuration

Name             Origin             Length             Attributes
boot_rom         0x08000000         0x00020000         xrl
rom              0x0c000000         0x00200000         xrl
ram              0x20000000         0x00080000         xw !r
tcm              0x00000000         0x00000000         xw
*default*        0x00000000         0xffffffff

Linker script and memory map

LOAD c:/program files/microchip/xc32/v4.20/bin/bin/../../lib/gcc/pic32c/8.3.1/thumb/v8-m.main+fp/hard/crti.o
LOAD c:/program files/microchip/xc32/v4.20/bin/bin/../../lib/gcc/pic32c/8.3.1/thumb/v8-m.main+fp/hard/crtbegin.o
LOAD build/pic32ck_gc01_cult/production/_ext/2123560367/plib_clock.o
LOAD build/pic32ck_gc01_cult/production/_ext/207049865/plib_cmcc.o
LOAD build/pic32ck_gc01_cult/production/_ext/1392153305/plib_dma0.o
LOAD build/pic32ck_gc01_cult/production/_ext/2125709853/plib_evsys.o
LOAD build/pic32ck_gc01_cult/production/_ext/207386401/plib_nvic.o
LOAD build/pic32ck_gc01_cult/production/_ext/44908540/plib_pm.o
LOAD build/pic32ck_gc01_cult/production/_ext/207439552/plib_port.o
LOAD build/pic32ck_gc01_cult/production/_ext/1641476138/plib_sercom5_usart.o
LOAD build/pic32ck_gc01_cult/production/_ext/1821514987/xc32_monitor.o
LOAD build/pic32ck_gc01_cult/production/_ext/2000113765/interrupts.o
LOAD build/pic32ck_gc01_cult/production/_ext/2000113765/startup_xc32.o
LOAD build/pic32ck_gc01_cult/production/_ext/2000113765/exceptions.o
LOAD build/pic32ck_gc01_cult/production/_ext/2000113765/initialization.o
LOAD build/pic32ck_gc01_cult/production/_ext/2000113765/libc_syscalls.o
LOAD build/pic32ck_gc01_cult/production/_ext/1360937237/main.o
                0x00000001                __MPLAB_BUILD = 0x1
                0x0c200000                __rom_end = (ORIGIN (rom) + LENGTH (rom))
                0x20080000                __ram_end = (ORIGIN (ram) + LENGTH (ram))

.vectors        0x08000000      0x2ac
                0x08000000                . = ALIGN (0x4)
                0x08000000                _sfixed = .
 *(.vectors .vectors.* .vectors_default .vectors_default.*)
 .vectors.exception_table
                0x08000000      0x2ac build/pic32ck_gc01_cult/production/_ext/2000113765/interrupts.o
                0x08000000                exception_table
 *(.isr_vector)
 *(.reset*)
 *(.after_vectors)

.text           0x0c000000       0x20
                0x0c000000                . = ALIGN (0x4)
 *(.glue_7t)
 .glue_7t       0x0c000000        0x0 linker stubs
 *(.glue_7)
 .glue_7        0x0c000000        0x0 linker stubs
 *(.gnu.linkonce.r.*)
 *(.ARM.extab* .gnu.linkonce.armextab.*)
                0x0c000000                . = ALIGN (0x4)
 *(.init)
 .init          0x0c000000        0x4 c:/program files/microchip/xc32/v4.20/bin/bin/../../lib/gcc/pic32c/8.3.1/thumb/v8-m.main+fp/hard/crti.o
                0x0c000000                _init
 .init          0x0c000004        0x8 c:/program files/microchip/xc32/v4.20/bin/bin/../../lib/gcc/pic32c/8.3.1/thumb/v8-m.main+fp/hard/crtn.o
                0x0c00000c                . = ALIGN (0x4)
                0x0c00000c                __preinit_array_start = .
 *(.preinit_array)
                0x0c00000c                __preinit_array_end = .
                0x0c00000c                . = ALIGN (0x4)
                0x0c00000c                __init_array_start = .
 *(SORT_BY_NAME(.init_array.*))
 *(.init_array)
 .init_array    0x0c00000c        0x4 c:/program files/microchip/xc32/v4.20/bin/bin/../../lib/gcc/pic32c/8.3.1/thumb/v8-m.main+fp/hard/crtbegin.o
                0x0c000010                __init_array_end = .
                0x0c000010                . = ALIGN (0x4)
 *crtbegin.o(.ctors)
 *(EXCLUDE_FILE(*crtend.o) .ctors)
 *(SORT_BY_NAME(.ctors.*))
 *crtend.o(.ctors)
                0x0c000010                . = ALIGN (0x4)
 *(.fini)
 .fini          0x0c000010        0x4 c:/program files/microchip/xc32/v4.20/bin/bin/../../lib/gcc/pic32c/8.3.1/thumb/v8-m.main+fp/hard/crti.o
                0x0c000010                _fini
 .fini          0x0c000014        0x8 c:/program files/microchip/xc32/v4.20/bin/bin/../../lib/gcc/pic32c/8.3.1/thumb/v8-m.main+fp/hard/crtn.o
                0x0c00001c                . = ALIGN (0x4)
                0x0c00001c                __fini_array_start = .
 *(.fini_array)
 .fini_array    0x0c00001c        0x4 c:/program files/microchip/xc32/v4.20/bin/bin/../../lib/gcc/pic32c/8.3.1/thumb/v8-m.main+fp/hard/crtbegin.o
 *(SORT_BY_NAME(.fini_array.*))
                0x0c000020                __fini_array_end = .
 *crtbegin.o(.dtors)
 *(EXCLUDE_FILE(*crtend.o) .dtors)
 *(SORT_BY_NAME(.dtors.*))
 *crtend.o(.dtors)
                0x0c000020                . = ALIGN (0x4)
                0x0c000020                _efixed = .
                [!provide]                PROVIDE (__exidx_start = .)

.ARM.exidx      0x0c000020        0x8
 *(.ARM.exidx* .gnu.linkonce.armexidx.*)
 .ARM.exidx     0x0c000020        0x8 c:/program files/microchip/xc32/v4.20/bin/bin/../../lib/gcc/pic32c/8.3.1/thumb/v8-m.main+fp/hard\libgcc.a(_udivmoddi4.o)
                [!provide]                PROVIDE (__exidx_end = .)
                0x0c000028                . = ALIGN (0x4)
                0x0c000028                _etext = .

.bss            0x20000000        0x0
                0x20000000                . = ALIGN (0x4)
                0x20000000                __bss_start__ = .
                0x20000000                _sbss = .
                0x20000000                _szero = .
 *(COMMON)
                0x20000000                . = ALIGN (0x4)
                0x20000000                __bss_end__ = .
                0x20000000                _ebss = .
                0x20000000                _ezero = .
                0x20000000                . = ALIGN (0x4)
                0x20000000                _end = .
                0x2007ffff                _ram_end_ = ((ORIGIN (ram) + LENGTH (ram)) - 0x1)
                0x00000200                _min_heap_size = 0x200
START GROUP
LOAD c:/program files/microchip/xc32/v4.20/bin/bin/../../lib/gcc/pic32c/8.3.1/../../../../pic32c/lib/thumb/v8-m.main+fp/hard\libpic32c.a
LOAD c:/program files/microchip/xc32/v4.20/bin/bin/../../lib/gcc/pic32c/8.3.1/../../../../pic32c/lib/thumb/v8-m.main+fp/hard\libm-emfloat.a
LOAD c:/program files/microchip/xc32/v4.20/bin/bin/../../lib/gcc/pic32c/8.3.1/../../../../pic32c/lib/thumb/v8-m.main+fp/hard\libc-musl.a
LOAD c:/program files/microchip/xc32/v4.20/bin/bin/../../lib/gcc/pic32c/8.3.1/../../../../pic32c/lib/thumb/v8-m.main+fp/hard\libm-emfloat.a
LOAD c:/program files/microchip/xc32/v4.20/bin/bin/../../lib/gcc/pic32c/8.3.1/thumb/v8-m.main+fp/hard\libgcc.a
END GROUP
LOAD c:/program files/microchip/xc32/v4.20/bin/bin/../../lib/gcc/pic32c/8.3.1/thumb/v8-m.main+fp/hard/crtend.o
LOAD c:/program files/microchip/xc32/v4.20/bin/bin/../../lib/gcc/pic32c/8.3.1/thumb/v8-m.main+fp/hard/crtn.o
OUTPUT(dist/pic32ck_gc01_cult/production/pic32ck_gc01_cult.X.production.elf elf32-littlearm)
LOAD stack
LOAD data_init

.ARM.attributes
                0x00000000       0x36
 .ARM.attributes
                0x00000000       0x22 c:/program files/microchip/xc32/v4.20/bin/bin/../../lib/gcc/pic32c/8.3.1/thumb/v8-m.main+fp/hard/crti.o
 .ARM.attributes
                0x00000022       0x38 c:/program files/microchip/xc32/v4.20/bin/bin/../../lib/gcc/pic32c/8.3.1/thumb/v8-m.main+fp/hard/crtbegin.o
 .ARM.attributes
                0x0000005a       0x38 build/pic32ck_gc01_cult/production/_ext/2123560367/plib_clock.o
 .ARM.attributes
                0x00000092       0x38 build/pic32ck_gc01_cult/production/_ext/1392153305/plib_dma0.o
 .ARM.attributes
                0x000000ca       0x38 build/pic32ck_gc01_cult/production/_ext/2125709853/plib_evsys.o
 .ARM.attributes
                0x00000102       0x38 build/pic32ck_gc01_cult/production/_ext/207386401/plib_nvic.o
 .ARM.attributes
                0x0000013a       0x38 build/pic32ck_gc01_cult/production/_ext/44908540/plib_pm.o
 .ARM.attributes
                0x00000172       0x38 build/pic32ck_gc01_cult/production/_ext/207439552/plib_port.o
 .ARM.attributes
                0x000001aa       0x38 build/pic32ck_gc01_cult/production/_ext/1641476138/plib_sercom5_usart.o
 .ARM.attributes
                0x000001e2       0x38 build/pic32ck_gc01_cult/production/_ext/1821514987/xc32_monitor.o
 .ARM.attributes
                0x0000021a       0x38 build/pic32ck_gc01_cult/production/_ext/2000113765/interrupts.o
 .ARM.attributes
                0x00000252       0x38 build/pic32ck_gc01_cult/production/_ext/2000113765/startup_xc32.o
 .ARM.attributes
                0x0000028a       0x38 build/pic32ck_gc01_cult/production/_ext/2000113765/exceptions.o
 .ARM.attributes
                0x000002c2       0x38 build/pic32ck_gc01_cult/production/_ext/2000113765/initialization.o
 .ARM.attributes
                0x000002fa       0x38 build/pic32ck_gc01_cult/production/_ext/1360937237/main.o
 .ARM.attributes
                0x00000332       0x38 c:/program files/microchip/xc32/v4.20/bin/bin/../../lib/gcc/pic32c/8.3.1/../../../../pic32c/lib/thumb/v8-m.main+fp/hard\libpic32c.a(data_init_wrapper.o)
 .ARM.attributes
                0x0000036a       0x38 c:/program files/microchip/xc32/v4.20/bin/bin/../../lib/gcc/pic32c/8.3.1/../../../../pic32c/lib/thumb/v8-m.main+fp/hard\libpic32c.a(data_init_0_1.o)
 .ARM.attributes
                0x000003a2       0x3a c:/program files/microchip/xc32/v4.20/bin/bin/../../lib/gcc/pic32c/8.3.1/../../../../pic32c/lib/thumb/v8-m.main+fp/hard\libc-musl.a(__libc_start_main.o)
 .ARM.attributes
                0x000003dc       0x38 c:/program files/microchip/xc32/v4.20/bin/bin/../../lib/gcc/pic32c/8.3.1/../../../../pic32c/lib/thumb/v8-m.main+fp/hard\libc-musl.a(libc.o)
 .ARM.attributes
                0x00000414       0x3a c:/program files/microchip/xc32/v4.20/bin/bin/../../lib/gcc/pic32c/8.3.1/../../../../pic32c/lib/thumb/v8-m.main+fp/hard\libc-musl.a(stdin.o)
 .ARM.attributes
                0x0000044e       0x3a c:/program files/microchip/xc32/v4.20/bin/bin/../../lib/gcc/pic32c/8.3.1/../../../../pic32c/lib/thumb/v8-m.main+fp/hard\libc-musl.a(stdout.o)
 .ARM.attributes
                0x00000488       0x3a c:/program files/microchip/xc32/v4.20/bin/bin/../../lib/gcc/pic32c/8.3.1/../../../../pic32c/lib/thumb/v8-m.main+fp/hard\libc-musl.a(printf.o)
 .ARM.attributes
                0x000004c2       0x3a c:/program files/microchip/xc32/v4.20/bin/bin/../../lib/gcc/pic32c/8.3.1/../../../../pic32c/lib/thumb/v8-m.main+fp/hard\libc-musl.a(setbuf.o)
 .ARM.attributes
                0x000004fc       0x3a c:/program files/microchip/xc32/v4.20/bin/bin/../../lib/gcc/pic32c/8.3.1/../../../../pic32c/lib/thumb/v8-m.main+fp/hard\libc-musl.a(memcmp.o)
 .ARM.attributes
                0x00000536       0x38 c:/program files/microchip/xc32/v4.20/bin/bin/../../lib/gcc/pic32c/8.3.1/../../../../pic32c/lib/thumb/v8-m.main+fp/hard\libc-musl.a(__environ.o)
 .ARM.attributes
                0x0000056e       0x3a c:/program files/microchip/xc32/v4.20/bin/bin/../../lib/gcc/pic32c/8.3.1/../../../../pic32c/lib/thumb/v8-m.main+fp/hard\libc-musl.a(__stdio_read.o)
 .ARM.attributes
                0x000005a8       0x3a c:/program files/microchip/xc32/v4.20/bin/bin/../../lib/gcc/pic32c/8.3.1/../../../../pic32c/lib/thumb/v8-m.main+fp/hard\libc-musl.a(__towrite_rw.o)
 .ARM.attributes
                0x000005e2       0x3a c:/program files/microchip/xc32/v4.20/bin/bin/../../lib/gcc/pic32c/8.3.1/../../../../pic32c/lib/thumb/v8-m.main+fp/hard\libc-musl.a(setvbuf.o)
 .ARM.attributes
                0x0000061c       0x3a c:/program files/microchip/xc32/v4.20/bin/bin/../../lib/gcc/pic32c/8.3.1/../../../../pic32c/lib/thumb/v8-m.main+fp/hard\libc-musl.a(vfprintf.o)
 .ARM.attributes
                0x00000656       0x3a c:/program files/microchip/xc32/v4.20/bin/bin/../../lib/gcc/pic32c/8.3.1/../../../../pic32c/lib/thumb/v8-m.main+fp/hard\libc-musl.a(readv.o)
 .ARM.attributes
                0x00000690       0x3a c:/program files/microchip/xc32/v4.20/bin/bin/../../lib/gcc/pic32c/8.3.1/../../../../pic32c/lib/thumb/v8-m.main+fp/hard\libc-musl.a(malloc.o)
 .ARM.attributes
                0x000006ca       0x3a c:/program files/microchip/xc32/v4.20/bin/bin/../../lib/gcc/pic32c/8.3.1/../../../../pic32c/lib/thumb/v8-m.main+fp/hard\libc-musl.a(expand_heap.o)
 .ARM.attributes
                0x00000704       0x3a c:/program files/microchip/xc32/v4.20/bin/bin/../../lib/gcc/pic32c/8.3.1/../../../../pic32c/lib/thumb/v8-m.main+fp/hard\libc-musl.a(__init_stdio.o)
 .ARM.attributes
                0x0000073e       0x3a c:/program files/microchip/xc32/v4.20/bin/bin/../../lib/gcc/pic32c/8.3.1/../../../../pic32c/lib/thumb/v8-m.main+fp/hard\libc-musl.a(__out.o)
 .ARM.attributes
                0x00000778       0x3a c:/program files/microchip/xc32/v4.20/bin/bin/../../lib/gcc/pic32c/8.3.1/../../../../pic32c/lib/thumb/v8-m.main+fp/hard\libc-musl.a(__pop_float.o)
 .ARM.attributes
                0x000007b2       0x3a c:/program files/microchip/xc32/v4.20/bin/bin/../../lib/gcc/pic32c/8.3.1/../../../../pic32c/lib/thumb/v8-m.main+fp/hard\libc-musl.a(__pop_int.o)
 .ARM.attributes
                0x000007ec       0x3a c:/program files/microchip/xc32/v4.20/bin/bin/../../lib/gcc/pic32c/8.3.1/../../../../pic32c/lib/thumb/v8-m.main+fp/hard\libc-musl.a(__pop_ptr.o)
 .ARM.attributes
                0x00000826       0x3a c:/program files/microchip/xc32/v4.20/bin/bin/../../lib/gcc/pic32c/8.3.1/../../../../pic32c/lib/thumb/v8-m.main+fp/hard\libc-musl.a(__printf_core.o)
 .ARM.attributes
                0x00000860       0x3a c:/program files/microchip/xc32/v4.20/bin/bin/../../lib/gcc/pic32c/8.3.1/../../../../pic32c/lib/thumb/v8-m.main+fp/hard\libc-musl.a(__stderr.o)
 .ARM.attributes
                0x0000089a       0x3a c:/program files/microchip/xc32/v4.20/bin/bin/../../lib/gcc/pic32c/8.3.1/../../../../pic32c/lib/thumb/v8-m.main+fp/hard\libc-musl.a(__stdio_close.o)
 .ARM.attributes
                0x000008d4       0x3a c:/program files/microchip/xc32/v4.20/bin/bin/../../lib/gcc/pic32c/8.3.1/../../../../pic32c/lib/thumb/v8-m.main+fp/hard\libc-musl.a(__stdio_write.o)
 .ARM.attributes
                0x0000090e       0x3a c:/program files/microchip/xc32/v4.20/bin/bin/../../lib/gcc/pic32c/8.3.1/../../../../pic32c/lib/thumb/v8-m.main+fp/hard\libc-musl.a(__stdout.o)
 .ARM.attributes
                0x00000948       0x3a c:/program files/microchip/xc32/v4.20/bin/bin/../../lib/gcc/pic32c/8.3.1/../../../../pic32c/lib/thumb/v8-m.main+fp/hard\libc-musl.a(__towrite.o)
 .ARM.attributes
                0x00000982       0x3a c:/program files/microchip/xc32/v4.20/bin/bin/../../lib/gcc/pic32c/8.3.1/../../../../pic32c/lib/thumb/v8-m.main+fp/hard\libc-musl.a(atoi.o)
 .ARM.attributes
                0x000009bc       0x3a c:/program files/microchip/xc32/v4.20/bin/bin/../../lib/gcc/pic32c/8.3.1/../../../../pic32c/lib/thumb/v8-m.main+fp/hard\libc-musl.a(memcpy.o)
 .ARM.attributes
                0x000009f6       0x3a c:/program files/microchip/xc32/v4.20/bin/bin/../../lib/gcc/pic32c/8.3.1/../../../../pic32c/lib/thumb/v8-m.main+fp/hard\libc-musl.a(memset.o)
 .ARM.attributes
                0x00000a30       0x3a c:/program files/microchip/xc32/v4.20/bin/bin/../../lib/gcc/pic32c/8.3.1/../../../../pic32c/lib/thumb/v8-m.main+fp/hard\libc-musl.a(writev.o)
 .ARM.attributes
                0x00000a6a       0x3a c:/program files/microchip/xc32/v4.20/bin/bin/../../lib/gcc/pic32c/8.3.1/../../../../pic32c/lib/thumb/v8-m.main+fp/hard\libc-musl.a(tolower.o)
 .ARM.attributes
                0x00000aa4       0x38 c:/program files/microchip/xc32/v4.20/bin/bin/../../lib/gcc/pic32c/8.3.1/../../../../pic32c/lib/thumb/v8-m.main+fp/hard\libc-musl.a(__errno_location.o)
 .ARM.attributes
                0x00000adc       0x3a c:/program files/microchip/xc32/v4.20/bin/bin/../../lib/gcc/pic32c/8.3.1/../../../../pic32c/lib/thumb/v8-m.main+fp/hard\libc-musl.a(__fmt_a.o)
 .ARM.attributes
                0x00000b16       0x3a c:/program files/microchip/xc32/v4.20/bin/bin/../../lib/gcc/pic32c/8.3.1/../../../../pic32c/lib/thumb/v8-m.main+fp/hard\libc-musl.a(__fmt_d.o)
 .ARM.attributes
                0x00000b50       0x3a c:/program files/microchip/xc32/v4.20/bin/bin/../../lib/gcc/pic32c/8.3.1/../../../../pic32c/lib/thumb/v8-m.main+fp/hard\libc-musl.a(__fmt_fp.o)
 .ARM.attributes
                0x00000b8a       0x3a c:/program files/microchip/xc32/v4.20/bin/bin/../../lib/gcc/pic32c/8.3.1/../../../../pic32c/lib/thumb/v8-m.main+fp/hard\libc-musl.a(__fmt_o.o)
 .ARM.attributes
                0x00000bc4       0x3a c:/program files/microchip/xc32/v4.20/bin/bin/../../lib/gcc/pic32c/8.3.1/../../../../pic32c/lib/thumb/v8-m.main+fp/hard\libc-musl.a(__fmt_s.o)
 .ARM.attributes
                0x00000bfe       0x3a c:/program files/microchip/xc32/v4.20/bin/bin/../../lib/gcc/pic32c/8.3.1/../../../../pic32c/lib/thumb/v8-m.main+fp/hard\libc-musl.a(__fmt_u.o)
 .ARM.attributes
                0x00000c38       0x3a c:/program files/microchip/xc32/v4.20/bin/bin/../../lib/gcc/pic32c/8.3.1/../../../../pic32c/lib/thumb/v8-m.main+fp/hard\libc-musl.a(__fmt_x.o)
 .ARM.attributes
                0x00000c72       0x3a c:/program files/microchip/xc32/v4.20/bin/bin/../../lib/gcc/pic32c/8.3.1/../../../../pic32c/lib/thumb/v8-m.main+fp/hard\libc-musl.a(__fwrite.o)
 .ARM.attributes
                0x00000cac       0x3a c:/program files/microchip/xc32/v4.20/bin/bin/../../lib/gcc/pic32c/8.3.1/../../../../pic32c/lib/thumb/v8-m.main+fp/hard\libc-musl.a(strlen.o)
 .ARM.attributes
                0x00000ce6       0x3a c:/program files/microchip/xc32/v4.20/bin/bin/../../lib/gcc/pic32c/8.3.1/../../../../pic32c/lib/thumb/v8-m.main+fp/hard\libc-musl.a(strcpy.o)
 .ARM.attributes
                0x00000d20       0x3a c:/program files/microchip/xc32/v4.20/bin/bin/../../lib/gcc/pic32c/8.3.1/../../../../pic32c/lib/thumb/v8-m.main+fp/hard\libc-musl.a(toupper.o)
 .ARM.attributes
                0x00000d5a       0x3a c:/program files/microchip/xc32/v4.20/bin/bin/../../lib/gcc/pic32c/8.3.1/../../../../pic32c/lib/thumb/v8-m.main+fp/hard\libc-musl.a(stpcpy.o)
 .ARM.attributes
                0x00000d94       0x38 c:/program files/microchip/xc32/v4.20/bin/bin/../../lib/gcc/pic32c/8.3.1/../../../../pic32c/lib/thumb/v8-m.main+fp/hard\libm-emfloat.a(fma.o)
 .ARM.attributes
                0x00000dcc       0x38 c:/program files/microchip/xc32/v4.20/bin/bin/../../lib/gcc/pic32c/8.3.1/../../../../pic32c/lib/thumb/v8-m.main+fp/hard\libm-emfloat.a(floor.o)
 .ARM.attributes
                0x00000e04       0x24 c:/program files/microchip/xc32/v4.20/bin/bin/../../lib/gcc/pic32c/8.3.1/../../../../pic32c/lib/thumb/v8-m.main+fp/hard\libm-emfloat.a(__aeabi_dadd.o)
 .ARM.attributes
                0x00000e28       0x24 c:/program files/microchip/xc32/v4.20/bin/bin/../../lib/gcc/pic32c/8.3.1/../../../../pic32c/lib/thumb/v8-m.main+fp/hard\libm-emfloat.a(__aeabi_dsub.o)
 .ARM.attributes
                0x00000e4c       0x24 c:/program files/microchip/xc32/v4.20/bin/bin/../../lib/gcc/pic32c/8.3.1/../../../../pic32c/lib/thumb/v8-m.main+fp/hard\libm-emfloat.a(__aeabi_dmul.o)
 .ARM.attributes
                0x00000e70       0x24 c:/program files/microchip/xc32/v4.20/bin/bin/../../lib/gcc/pic32c/8.3.1/../../../../pic32c/lib/thumb/v8-m.main+fp/hard\libm-emfloat.a(__aeabi_ddiv.o)
 .ARM.attributes
                0x00000e94       0x24 c:/program files/microchip/xc32/v4.20/bin/bin/../../lib/gcc/pic32c/8.3.1/../../../../pic32c/lib/thumb/v8-m.main+fp/hard\libm-emfloat.a(__aeabi_dcmple.o)
 .ARM.attributes
                0x00000eb8       0x24 c:/program files/microchip/xc32/v4.20/bin/bin/../../lib/gcc/pic32c/8.3.1/../../../../pic32c/lib/thumb/v8-m.main+fp/hard\libm-emfloat.a(__aeabi_dcmpeq.o)
 .ARM.attributes
                0x00000edc       0x24 c:/program files/microchip/xc32/v4.20/bin/bin/../../lib/gcc/pic32c/8.3.1/../../../../pic32c/lib/thumb/v8-m.main+fp/hard\libm-emfloat.a(__aeabi_dcmpgt.o)
 .ARM.attributes
                0x00000f00       0x24 c:/program files/microchip/xc32/v4.20/bin/bin/../../lib/gcc/pic32c/8.3.1/../../../../pic32c/lib/thumb/v8-m.main+fp/hard\libm-emfloat.a(__aeabi_dcmplt.o)
 .ARM.attributes
                0x00000f24       0x24 c:/program files/microchip/xc32/v4.20/bin/bin/../../lib/gcc/pic32c/8.3.1/../../../../pic32c/lib/thumb/v8-m.main+fp/hard\libm-emfloat.a(__aeabi_d2iz.o)
 .ARM.attributes
                0x00000f48       0x22 c:/program files/microchip/xc32/v4.20/bin/bin/../../lib/gcc/pic32c/8.3.1/thumb/v8-m.main+fp/hard\libgcc.a(_aeabi_uldivmod.o)
 .ARM.attributes
                0x00000f6a       0x38 c:/program files/microchip/xc32/v4.20/bin/bin/../../lib/gcc/pic32c/8.3.1/thumb/v8-m.main+fp/hard\libgcc.a(_udivmoddi4.o)
 .ARM.attributes
                0x00000fa2       0x22 c:/program files/microchip/xc32/v4.20/bin/bin/../../lib/gcc/pic32c/8.3.1/thumb/v8-m.main+fp/hard\libgcc.a(_dvmd_tls.o)
 .ARM.attributes
                0x00000fc4       0x38 c:/program files/microchip/xc32/v4.20/bin/bin/../../lib/gcc/pic32c/8.3.1/../../../../pic32c/lib/thumb/v8-m.main+fp/hard\libpic32c.a(close.o)
 .ARM.attributes
                0x00000ffc       0x38 c:/program files/microchip/xc32/v4.20/bin/bin/../../lib/gcc/pic32c/8.3.1/../../../../pic32c/lib/thumb/v8-m.main+fp/hard\libpic32c.a(lseek.o)
 .ARM.attributes
                0x00001034       0x38 c:/program files/microchip/xc32/v4.20/bin/bin/../../lib/gcc/pic32c/8.3.1/../../../../pic32c/lib/thumb/v8-m.main+fp/hard\libpic32c.a(sbrk.o)
 .ARM.attributes
                0x0000106c       0x22 c:/program files/microchip/xc32/v4.20/bin/bin/../../lib/gcc/pic32c/8.3.1/thumb/v8-m.main+fp/hard/crtn.o

.comment        0x00000000       0x2b
 .comment       0x00000000       0x2b c:/program files/microchip/xc32/v4.20/bin/bin/../../lib/gcc/pic32c/8.3.1/thumb/v8-m.main+fp/hard/crtbegin.o
                                 0x2c (size before relaxing)
 .comment       0x0000002b       0x2c build/pic32ck_gc01_cult/production/_ext/2123560367/plib_clock.o
 .comment       0x0000002b       0x2c build/pic32ck_gc01_cult/production/_ext/1392153305/plib_dma0.o
 .comment       0x0000002b       0x2c build/pic32ck_gc01_cult/production/_ext/2125709853/plib_evsys.o
 .comment       0x0000002b       0x2c build/pic32ck_gc01_cult/production/_ext/207386401/plib_nvic.o
 .comment       0x0000002b       0x2c build/pic32ck_gc01_cult/production/_ext/44908540/plib_pm.o
 .comment       0x0000002b       0x2c build/pic32ck_gc01_cult/production/_ext/207439552/plib_port.o
 .comment       0x0000002b       0x2c build/pic32ck_gc01_cult/production/_ext/1641476138/plib_sercom5_usart.o
 .comment       0x0000002b       0x2c build/pic32ck_gc01_cult/production/_ext/1821514987/xc32_monitor.o
 .comment       0x0000002b       0x2c build/pic32ck_gc01_cult/production/_ext/2000113765/interrupts.o
 .comment       0x0000002b       0x2c build/pic32ck_gc01_cult/production/_ext/2000113765/startup_xc32.o
 .comment       0x0000002b       0x2c build/pic32ck_gc01_cult/production/_ext/2000113765/exceptions.o
 .comment       0x0000002b       0x2c build/pic32ck_gc01_cult/production/_ext/2000113765/initialization.o
 .comment       0x0000002b       0x2c build/pic32ck_gc01_cult/production/_ext/1360937237/main.o
 .comment       0x0000002b       0x2c c:/program files/microchip/xc32/v4.20/bin/bin/../../lib/gcc/pic32c/8.3.1/../../../../pic32c/lib/thumb/v8-m.main+fp/hard\libpic32c.a(data_init_wrapper.o)
 .comment       0x0000002b       0x2c c:/program files/microchip/xc32/v4.20/bin/bin/../../lib/gcc/pic32c/8.3.1/../../../../pic32c/lib/thumb/v8-m.main+fp/hard\libpic32c.a(data_init_0_1.o)
 .comment       0x0000002b       0x2c c:/program files/microchip/xc32/v4.20/bin/bin/../../lib/gcc/pic32c/8.3.1/../../../../pic32c/lib/thumb/v8-m.main+fp/hard\libc-musl.a(__libc_start_main.o)
 .comment       0x0000002b       0x2c c:/program files/microchip/xc32/v4.20/bin/bin/../../lib/gcc/pic32c/8.3.1/../../../../pic32c/lib/thumb/v8-m.main+fp/hard\libc-musl.a(libc.o)
 .comment       0x0000002b       0x2c c:/program files/microchip/xc32/v4.20/bin/bin/../../lib/gcc/pic32c/8.3.1/../../../../pic32c/lib/thumb/v8-m.main+fp/hard\libc-musl.a(stdin.o)
 .comment       0x0000002b       0x2c c:/program files/microchip/xc32/v4.20/bin/bin/../../lib/gcc/pic32c/8.3.1/../../../../pic32c/lib/thumb/v8-m.main+fp/hard\libc-musl.a(stdout.o)
 .comment       0x0000002b       0x2c c:/program files/microchip/xc32/v4.20/bin/bin/../../lib/gcc/pic32c/8.3.1/../../../../pic32c/lib/thumb/v8-m.main+fp/hard\libc-musl.a(printf.o)
 .comment       0x0000002b       0x2c c:/program files/microchip/xc32/v4.20/bin/bin/../../lib/gcc/pic32c/8.3.1/../../../../pic32c/lib/thumb/v8-m.main+fp/hard\libc-musl.a(setbuf.o)
 .comment       0x0000002b       0x2c c:/program files/microchip/xc32/v4.20/bin/bin/../../lib/gcc/pic32c/8.3.1/../../../../pic32c/lib/thumb/v8-m.main+fp/hard\libc-musl.a(memcmp.o)
 .comment       0x0000002b       0x2c c:/program files/microchip/xc32/v4.20/bin/bin/../../lib/gcc/pic32c/8.3.1/../../../../pic32c/lib/thumb/v8-m.main+fp/hard\libc-musl.a(__environ.o)
 .comment       0x0000002b       0x2c c:/program files/microchip/xc32/v4.20/bin/bin/../../lib/gcc/pic32c/8.3.1/../../../../pic32c/lib/thumb/v8-m.main+fp/hard\libc-musl.a(__stdio_read.o)
 .comment       0x0000002b       0x2c c:/program files/microchip/xc32/v4.20/bin/bin/../../lib/gcc/pic32c/8.3.1/../../../../pic32c/lib/thumb/v8-m.main+fp/hard\libc-musl.a(__towrite_rw.o)
 .comment       0x0000002b       0x2c c:/program files/microchip/xc32/v4.20/bin/bin/../../lib/gcc/pic32c/8.3.1/../../../../pic32c/lib/thumb/v8-m.main+fp/hard\libc-musl.a(setvbuf.o)
 .comment       0x0000002b       0x2c c:/program files/microchip/xc32/v4.20/bin/bin/../../lib/gcc/pic32c/8.3.1/../../../../pic32c/lib/thumb/v8-m.main+fp/hard\libc-musl.a(vfprintf.o)
 .comment       0x0000002b       0x2c c:/program files/microchip/xc32/v4.20/bin/bin/../../lib/gcc/pic32c/8.3.1/../../../../pic32c/lib/thumb/v8-m.main+fp/hard\libc-musl.a(readv.o)
 .comment       0x0000002b       0x2c c:/program files/microchip/xc32/v4.20/bin/bin/../../lib/gcc/pic32c/8.3.1/../../../../pic32c/lib/thumb/v8-m.main+fp/hard\libc-musl.a(malloc.o)
 .comment       0x0000002b       0x2c c:/program files/microchip/xc32/v4.20/bin/bin/../../lib/gcc/pic32c/8.3.1/../../../../pic32c/lib/thumb/v8-m.main+fp/hard\libc-musl.a(expand_heap.o)
 .comment       0x0000002b       0x2c c:/program files/microchip/xc32/v4.20/bin/bin/../../lib/gcc/pic32c/8.3.1/../../../../pic32c/lib/thumb/v8-m.main+fp/hard\libc-musl.a(__init_stdio.o)
 .comment       0x0000002b       0x2c c:/program files/microchip/xc32/v4.20/bin/bin/../../lib/gcc/pic32c/8.3.1/../../../../pic32c/lib/thumb/v8-m.main+fp/hard\libc-musl.a(__out.o)
 .comment       0x0000002b       0x2c c:/program files/microchip/xc32/v4.20/bin/bin/../../lib/gcc/pic32c/8.3.1/../../../../pic32c/lib/thumb/v8-m.main+fp/hard\libc-musl.a(__pop_float.o)
 .comment       0x0000002b       0x2c c:/program files/microchip/xc32/v4.20/bin/bin/../../lib/gcc/pic32c/8.3.1/../../../../pic32c/lib/thumb/v8-m.main+fp/hard\libc-musl.a(__pop_int.o)
 .comment       0x0000002b       0x2c c:/program files/microchip/xc32/v4.20/bin/bin/../../lib/gcc/pic32c/8.3.1/../../../../pic32c/lib/thumb/v8-m.main+fp/hard\libc-musl.a(__pop_ptr.o)
 .comment       0x0000002b       0x2c c:/program files/microchip/xc32/v4.20/bin/bin/../../lib/gcc/pic32c/8.3.1/../../../../pic32c/lib/thumb/v8-m.main+fp/hard\libc-musl.a(__printf_core.o)
 .comment       0x0000002b       0x2c c:/program files/microchip/xc32/v4.20/bin/bin/../../lib/gcc/pic32c/8.3.1/../../../../pic32c/lib/thumb/v8-m.main+fp/hard\libc-musl.a(__stderr.o)
 .comment       0x0000002b       0x2c c:/program files/microchip/xc32/v4.20/bin/bin/../../lib/gcc/pic32c/8.3.1/../../../../pic32c/lib/thumb/v8-m.main+fp/hard\libc-musl.a(__stdio_close.o)
 .comment       0x0000002b       0x2c c:/program files/microchip/xc32/v4.20/bin/bin/../../lib/gcc/pic32c/8.3.1/../../../../pic32c/lib/thumb/v8-m.main+fp/hard\libc-musl.a(__stdio_write.o)
 .comment       0x0000002b       0x2c c:/program files/microchip/xc32/v4.20/bin/bin/../../lib/gcc/pic32c/8.3.1/../../../../pic32c/lib/thumb/v8-m.main+fp/hard\libc-musl.a(__stdout.o)
 .comment       0x0000002b       0x2c c:/program files/microchip/xc32/v4.20/bin/bin/../../lib/gcc/pic32c/8.3.1/../../../../pic32c/lib/thumb/v8-m.main+fp/hard\libc-musl.a(__towrite.o)
 .comment       0x0000002b       0x2c c:/program files/microchip/xc32/v4.20/bin/bin/../../lib/gcc/pic32c/8.3.1/../../../../pic32c/lib/thumb/v8-m.main+fp/hard\libc-musl.a(atoi.o)
 .comment       0x0000002b       0x2c c:/program files/microchip/xc32/v4.20/bin/bin/../../lib/gcc/pic32c/8.3.1/../../../../pic32c/lib/thumb/v8-m.main+fp/hard\libc-musl.a(memcpy.o)
 .comment       0x0000002b       0x2c c:/program files/microchip/xc32/v4.20/bin/bin/../../lib/gcc/pic32c/8.3.1/../../../../pic32c/lib/thumb/v8-m.main+fp/hard\libc-musl.a(memset.o)
 .comment       0x0000002b       0x2c c:/program files/microchip/xc32/v4.20/bin/bin/../../lib/gcc/pic32c/8.3.1/../../../../pic32c/lib/thumb/v8-m.main+fp/hard\libc-musl.a(writev.o)
 .comment       0x0000002b       0x2c c:/program files/microchip/xc32/v4.20/bin/bin/../../lib/gcc/pic32c/8.3.1/../../../../pic32c/lib/thumb/v8-m.main+fp/hard\libc-musl.a(tolower.o)
 .comment       0x0000002b       0x2c c:/program files/microchip/xc32/v4.20/bin/bin/../../lib/gcc/pic32c/8.3.1/../../../../pic32c/lib/thumb/v8-m.main+fp/hard\libc-musl.a(__errno_location.o)
 .comment       0x0000002b       0x2c c:/program files/microchip/xc32/v4.20/bin/bin/../../lib/gcc/pic32c/8.3.1/../../../../pic32c/lib/thumb/v8-m.main+fp/hard\libc-musl.a(__fmt_a.o)
 .comment       0x0000002b       0x2c c:/program files/microchip/xc32/v4.20/bin/bin/../../lib/gcc/pic32c/8.3.1/../../../../pic32c/lib/thumb/v8-m.main+fp/hard\libc-musl.a(__fmt_d.o)
 .comment       0x0000002b       0x2c c:/program files/microchip/xc32/v4.20/bin/bin/../../lib/gcc/pic32c/8.3.1/../../../../pic32c/lib/thumb/v8-m.main+fp/hard\libc-musl.a(__fmt_fp.o)
 .comment       0x0000002b       0x2c c:/program files/microchip/xc32/v4.20/bin/bin/../../lib/gcc/pic32c/8.3.1/../../../../pic32c/lib/thumb/v8-m.main+fp/hard\libc-musl.a(__fmt_o.o)
 .comment       0x0000002b       0x2c c:/program files/microchip/xc32/v4.20/bin/bin/../../lib/gcc/pic32c/8.3.1/../../../../pic32c/lib/thumb/v8-m.main+fp/hard\libc-musl.a(__fmt_s.o)
 .comment       0x0000002b       0x2c c:/program files/microchip/xc32/v4.20/bin/bin/../../lib/gcc/pic32c/8.3.1/../../../../pic32c/lib/thumb/v8-m.main+fp/hard\libc-musl.a(__fmt_u.o)
 .comment       0x0000002b       0x2c c:/program files/microchip/xc32/v4.20/bin/bin/../../lib/gcc/pic32c/8.3.1/../../../../pic32c/lib/thumb/v8-m.main+fp/hard\libc-musl.a(__fmt_x.o)
 .comment       0x0000002b       0x2c c:/program files/microchip/xc32/v4.20/bin/bin/../../lib/gcc/pic32c/8.3.1/../../../../pic32c/lib/thumb/v8-m.main+fp/hard\libc-musl.a(__fwrite.o)
 .comment       0x0000002b       0x2c c:/program files/microchip/xc32/v4.20/bin/bin/../../lib/gcc/pic32c/8.3.1/../../../../pic32c/lib/thumb/v8-m.main+fp/hard\libc-musl.a(strlen.o)
 .comment       0x0000002b       0x2c c:/program files/microchip/xc32/v4.20/bin/bin/../../lib/gcc/pic32c/8.3.1/../../../../pic32c/lib/thumb/v8-m.main+fp/hard\libc-musl.a(strcpy.o)
 .comment       0x0000002b       0x2c c:/program files/microchip/xc32/v4.20/bin/bin/../../lib/gcc/pic32c/8.3.1/../../../../pic32c/lib/thumb/v8-m.main+fp/hard\libc-musl.a(toupper.o)
 .comment       0x0000002b       0x2c c:/program files/microchip/xc32/v4.20/bin/bin/../../lib/gcc/pic32c/8.3.1/../../../../pic32c/lib/thumb/v8-m.main+fp/hard\libc-musl.a(stpcpy.o)
 .comment       0x0000002b       0x2c c:/program files/microchip/xc32/v4.20/bin/bin/../../lib/gcc/pic32c/8.3.1/../../../../pic32c/lib/thumb/v8-m.main+fp/hard\libm-emfloat.a(fma.o)
 .comment       0x0000002b       0x2c c:/program files/microchip/xc32/v4.20/bin/bin/../../lib/gcc/pic32c/8.3.1/../../../../pic32c/lib/thumb/v8-m.main+fp/hard\libm-emfloat.a(floor.o)
 .comment       0x0000002b       0x2c c:/program files/microchip/xc32/v4.20/bin/bin/../../lib/gcc/pic32c/8.3.1/thumb/v8-m.main+fp/hard\libgcc.a(_udivmoddi4.o)
 .comment       0x0000002b       0x2c c:/program files/microchip/xc32/v4.20/bin/bin/../../lib/gcc/pic32c/8.3.1/../../../../pic32c/lib/thumb/v8-m.main+fp/hard\libpic32c.a(close.o)
 .comment       0x0000002b       0x2c c:/program files/microchip/xc32/v4.20/bin/bin/../../lib/gcc/pic32c/8.3.1/../../../../pic32c/lib/thumb/v8-m.main+fp/hard\libpic32c.a(lseek.o)
 .comment       0x0000002b       0x2c c:/program files/microchip/xc32/v4.20/bin/bin/../../lib/gcc/pic32c/8.3.1/../../../../pic32c/lib/thumb/v8-m.main+fp/hard\libpic32c.a(sbrk.o)

.debug_info     0x00000000    0x19f72
 .debug_info    0x00000000      0xb4e build/pic32ck_gc01_cult/production/_ext/2123560367/plib_clock.o
 .debug_info    0x00000b4e     0x1127 build/pic32ck_gc01_cult/production/_ext/1392153305/plib_dma0.o
 .debug_info    0x00001c75      0x353 build/pic32ck_gc01_cult/production/_ext/2125709853/plib_evsys.o
 .debug_info    0x00001fc8     0x1a47 build/pic32ck_gc01_cult/production/_ext/207386401/plib_nvic.o
 .debug_info    0x00003a0f      0x587 build/pic32ck_gc01_cult/production/_ext/44908540/plib_pm.o
 .debug_info    0x00003f96     0x114f build/pic32ck_gc01_cult/production/_ext/207439552/plib_port.o
 .debug_info    0x000050e5     0x188d build/pic32ck_gc01_cult/production/_ext/1641476138/plib_sercom5_usart.o
 .debug_info    0x00006972      0x492 build/pic32ck_gc01_cult/production/_ext/1821514987/xc32_monitor.o
 .debug_info    0x00006e04     0x1976 build/pic32ck_gc01_cult/production/_ext/2000113765/interrupts.o
 .debug_info    0x0000877a      0x950 build/pic32ck_gc01_cult/production/_ext/2000113765/startup_xc32.o
 .debug_info    0x000090ca      0x377 build/pic32ck_gc01_cult/production/_ext/2000113765/exceptions.o
 .debug_info    0x00009441      0x4c7 build/pic32ck_gc01_cult/production/_ext/2000113765/initialization.o
 .debug_info    0x00009908      0x7f7 build/pic32ck_gc01_cult/production/_ext/1360937237/main.o
 .debug_info    0x0000a0ff      0x2aa c:/program files/microchip/xc32/v4.20/bin/bin/../../lib/gcc/pic32c/8.3.1/../../../../pic32c/lib/thumb/v8-m.main+fp/hard\libpic32c.a(data_init_wrapper.o)
 .debug_info    0x0000a3a9      0x2ad c:/program files/microchip/xc32/v4.20/bin/bin/../../lib/gcc/pic32c/8.3.1/../../../../pic32c/lib/thumb/v8-m.main+fp/hard\libpic32c.a(data_init_0_1.o)
 .debug_info    0x0000a656      0x62b c:/program files/microchip/xc32/v4.20/bin/bin/../../lib/gcc/pic32c/8.3.1/../../../../pic32c/lib/thumb/v8-m.main+fp/hard\libc-musl.a(__libc_start_main.o)
 .debug_info    0x0000ac81      0x53d c:/program files/microchip/xc32/v4.20/bin/bin/../../lib/gcc/pic32c/8.3.1/../../../../pic32c/lib/thumb/v8-m.main+fp/hard\libc-musl.a(libc.o)
 .debug_info    0x0000b1be      0x6c8 c:/program files/microchip/xc32/v4.20/bin/bin/../../lib/gcc/pic32c/8.3.1/../../../../pic32c/lib/thumb/v8-m.main+fp/hard\libc-musl.a(stdin.o)
 .debug_info    0x0000b886      0x48b c:/program files/microchip/xc32/v4.20/bin/bin/../../lib/gcc/pic32c/8.3.1/../../../../pic32c/lib/thumb/v8-m.main+fp/hard\libc-musl.a(stdout.o)
 .debug_info    0x0000bd11      0x340 c:/program files/microchip/xc32/v4.20/bin/bin/../../lib/gcc/pic32c/8.3.1/../../../../pic32c/lib/thumb/v8-m.main+fp/hard\libc-musl.a(printf.o)
 .debug_info    0x0000c051      0x2eb c:/program files/microchip/xc32/v4.20/bin/bin/../../lib/gcc/pic32c/8.3.1/../../../../pic32c/lib/thumb/v8-m.main+fp/hard\libc-musl.a(setbuf.o)
 .debug_info    0x0000c33c      0x2ea c:/program files/microchip/xc32/v4.20/bin/bin/../../lib/gcc/pic32c/8.3.1/../../../../pic32c/lib/thumb/v8-m.main+fp/hard\libc-musl.a(memcmp.o)
 .debug_info    0x0000c626      0x2b7 c:/program files/microchip/xc32/v4.20/bin/bin/../../lib/gcc/pic32c/8.3.1/../../../../pic32c/lib/thumb/v8-m.main+fp/hard\libc-musl.a(__environ.o)
 .debug_info    0x0000c8dd      0x6b2 c:/program files/microchip/xc32/v4.20/bin/bin/../../lib/gcc/pic32c/8.3.1/../../../../pic32c/lib/thumb/v8-m.main+fp/hard\libc-musl.a(__stdio_read.o)
 .debug_info    0x0000cf8f      0x5e1 c:/program files/microchip/xc32/v4.20/bin/bin/../../lib/gcc/pic32c/8.3.1/../../../../pic32c/lib/thumb/v8-m.main+fp/hard\libc-musl.a(__towrite_rw.o)
 .debug_info    0x0000d570      0x555 c:/program files/microchip/xc32/v4.20/bin/bin/../../lib/gcc/pic32c/8.3.1/../../../../pic32c/lib/thumb/v8-m.main+fp/hard\libc-musl.a(setvbuf.o)
 .debug_info    0x0000dac5      0x6ca c:/program files/microchip/xc32/v4.20/bin/bin/../../lib/gcc/pic32c/8.3.1/../../../../pic32c/lib/thumb/v8-m.main+fp/hard\libc-musl.a(vfprintf.o)
 .debug_info    0x0000e18f      0x36e c:/program files/microchip/xc32/v4.20/bin/bin/../../lib/gcc/pic32c/8.3.1/../../../../pic32c/lib/thumb/v8-m.main+fp/hard\libc-musl.a(readv.o)
 .debug_info    0x0000e4fd     0x13ad c:/program files/microchip/xc32/v4.20/bin/bin/../../lib/gcc/pic32c/8.3.1/../../../../pic32c/lib/thumb/v8-m.main+fp/hard\libc-musl.a(malloc.o)
 .debug_info    0x0000f8aa      0x384 c:/program files/microchip/xc32/v4.20/bin/bin/../../lib/gcc/pic32c/8.3.1/../../../../pic32c/lib/thumb/v8-m.main+fp/hard\libc-musl.a(expand_heap.o)
 .debug_info    0x0000fc2e      0x334 c:/program files/microchip/xc32/v4.20/bin/bin/../../lib/gcc/pic32c/8.3.1/../../../../pic32c/lib/thumb/v8-m.main+fp/hard\libc-musl.a(__init_stdio.o)
 .debug_info    0x0000ff62      0x540 c:/program files/microchip/xc32/v4.20/bin/bin/../../lib/gcc/pic32c/8.3.1/../../../../pic32c/lib/thumb/v8-m.main+fp/hard\libc-musl.a(__out.o)
 .debug_info    0x000104a2      0x3e5 c:/program files/microchip/xc32/v4.20/bin/bin/../../lib/gcc/pic32c/8.3.1/../../../../pic32c/lib/thumb/v8-m.main+fp/hard\libc-musl.a(__pop_float.o)
 .debug_info    0x00010887      0x409 c:/program files/microchip/xc32/v4.20/bin/bin/../../lib/gcc/pic32c/8.3.1/../../../../pic32c/lib/thumb/v8-m.main+fp/hard\libc-musl.a(__pop_int.o)
 .debug_info    0x00010c90      0x40f c:/program files/microchip/xc32/v4.20/bin/bin/../../lib/gcc/pic32c/8.3.1/../../../../pic32c/lib/thumb/v8-m.main+fp/hard\libc-musl.a(__pop_ptr.o)
 .debug_info    0x0001109f      0xd3b c:/program files/microchip/xc32/v4.20/bin/bin/../../lib/gcc/pic32c/8.3.1/../../../../pic32c/lib/thumb/v8-m.main+fp/hard\libc-musl.a(__printf_core.o)
 .debug_info    0x00011dda      0x66c c:/program files/microchip/xc32/v4.20/bin/bin/../../lib/gcc/pic32c/8.3.1/../../../../pic32c/lib/thumb/v8-m.main+fp/hard\libc-musl.a(__stderr.o)
 .debug_info    0x00012446      0x6cc c:/program files/microchip/xc32/v4.20/bin/bin/../../lib/gcc/pic32c/8.3.1/../../../../pic32c/lib/thumb/v8-m.main+fp/hard\libc-musl.a(__stdio_close.o)
 .debug_info    0x00012b12      0x6ff c:/program files/microchip/xc32/v4.20/bin/bin/../../lib/gcc/pic32c/8.3.1/../../../../pic32c/lib/thumb/v8-m.main+fp/hard\libc-musl.a(__stdio_write.o)
 .debug_info    0x00013211      0x66c c:/program files/microchip/xc32/v4.20/bin/bin/../../lib/gcc/pic32c/8.3.1/../../../../pic32c/lib/thumb/v8-m.main+fp/hard\libc-musl.a(__stdout.o)
 .debug_info    0x0001387d      0x4fd c:/program files/microchip/xc32/v4.20/bin/bin/../../lib/gcc/pic32c/8.3.1/../../../../pic32c/lib/thumb/v8-m.main+fp/hard\libc-musl.a(__towrite.o)
 .debug_info    0x00013d7a      0x303 c:/program files/microchip/xc32/v4.20/bin/bin/../../lib/gcc/pic32c/8.3.1/../../../../pic32c/lib/thumb/v8-m.main+fp/hard\libc-musl.a(atoi.o)
 .debug_info    0x0001407d      0x2f9 c:/program files/microchip/xc32/v4.20/bin/bin/../../lib/gcc/pic32c/8.3.1/../../../../pic32c/lib/thumb/v8-m.main+fp/hard\libc-musl.a(memcpy.o)
 .debug_info    0x00014376      0x2bd c:/program files/microchip/xc32/v4.20/bin/bin/../../lib/gcc/pic32c/8.3.1/../../../../pic32c/lib/thumb/v8-m.main+fp/hard\libc-musl.a(memset.o)
 .debug_info    0x00014633      0x372 c:/program files/microchip/xc32/v4.20/bin/bin/../../lib/gcc/pic32c/8.3.1/../../../../pic32c/lib/thumb/v8-m.main+fp/hard\libc-musl.a(writev.o)
 .debug_info    0x000149a5      0x35b c:/program files/microchip/xc32/v4.20/bin/bin/../../lib/gcc/pic32c/8.3.1/../../../../pic32c/lib/thumb/v8-m.main+fp/hard\libc-musl.a(tolower.o)
 .debug_info    0x00014d00      0x27b c:/program files/microchip/xc32/v4.20/bin/bin/../../lib/gcc/pic32c/8.3.1/../../../../pic32c/lib/thumb/v8-m.main+fp/hard\libc-musl.a(__errno_location.o)
 .debug_info    0x00014f7b      0x90f c:/program files/microchip/xc32/v4.20/bin/bin/../../lib/gcc/pic32c/8.3.1/../../../../pic32c/lib/thumb/v8-m.main+fp/hard\libc-musl.a(__fmt_a.o)
 .debug_info    0x0001588a      0x5ca c:/program files/microchip/xc32/v4.20/bin/bin/../../lib/gcc/pic32c/8.3.1/../../../../pic32c/lib/thumb/v8-m.main+fp/hard\libc-musl.a(__fmt_d.o)
 .debug_info    0x00015e54      0x953 c:/program files/microchip/xc32/v4.20/bin/bin/../../lib/gcc/pic32c/8.3.1/../../../../pic32c/lib/thumb/v8-m.main+fp/hard\libc-musl.a(__fmt_fp.o)
 .debug_info    0x000167a7      0x59b c:/program files/microchip/xc32/v4.20/bin/bin/../../lib/gcc/pic32c/8.3.1/../../../../pic32c/lib/thumb/v8-m.main+fp/hard\libc-musl.a(__fmt_o.o)
 .debug_info    0x00016d42      0x53f c:/program files/microchip/xc32/v4.20/bin/bin/../../lib/gcc/pic32c/8.3.1/../../../../pic32c/lib/thumb/v8-m.main+fp/hard\libc-musl.a(__fmt_s.o)
 .debug_info    0x00017281      0x668 c:/program files/microchip/xc32/v4.20/bin/bin/../../lib/gcc/pic32c/8.3.1/../../../../pic32c/lib/thumb/v8-m.main+fp/hard\libc-musl.a(__fmt_u.o)
 .debug_info    0x000178e9      0x609 c:/program files/microchip/xc32/v4.20/bin/bin/../../lib/gcc/pic32c/8.3.1/../../../../pic32c/lib/thumb/v8-m.main+fp/hard\libc-musl.a(__fmt_x.o)
 .debug_info    0x00017ef2      0x54e c:/program files/microchip/xc32/v4.20/bin/bin/../../lib/gcc/pic32c/8.3.1/../../../../pic32c/lib/thumb/v8-m.main+fp/hard\libc-musl.a(__fwrite.o)
 .debug_info    0x00018440      0x2ae c:/program files/microchip/xc32/v4.20/bin/bin/../../lib/gcc/pic32c/8.3.1/../../../../pic32c/lib/thumb/v8-m.main+fp/hard\libc-musl.a(strlen.o)
 .debug_info    0x000186ee      0x2bc c:/program files/microchip/xc32/v4.20/bin/bin/../../lib/gcc/pic32c/8.3.1/../../../../pic32c/lib/thumb/v8-m.main+fp/hard\libc-musl.a(strcpy.o)
 .debug_info    0x000189aa      0x35b c:/program files/microchip/xc32/v4.20/bin/bin/../../lib/gcc/pic32c/8.3.1/../../../../pic32c/lib/thumb/v8-m.main+fp/hard\libc-musl.a(toupper.o)
 .debug_info    0x00018d05      0x2c0 c:/program files/microchip/xc32/v4.20/bin/bin/../../lib/gcc/pic32c/8.3.1/../../../../pic32c/lib/thumb/v8-m.main+fp/hard\libc-musl.a(stpcpy.o)
 .debug_info    0x00018fc5       0x26 c:/program files/microchip/xc32/v4.20/bin/bin/../../lib/gcc/pic32c/8.3.1/thumb/v8-m.main+fp/hard\libgcc.a(_aeabi_uldivmod.o)
 .debug_info    0x00018feb      0x7ca c:/program files/microchip/xc32/v4.20/bin/bin/../../lib/gcc/pic32c/8.3.1/thumb/v8-m.main+fp/hard\libgcc.a(_udivmoddi4.o)
 .debug_info    0x000197b5       0x26 c:/program files/microchip/xc32/v4.20/bin/bin/../../lib/gcc/pic32c/8.3.1/thumb/v8-m.main+fp/hard\libgcc.a(_dvmd_tls.o)
 .debug_info    0x000197db      0x288 c:/program files/microchip/xc32/v4.20/bin/bin/../../lib/gcc/pic32c/8.3.1/../../../../pic32c/lib/thumb/v8-m.main+fp/hard\libpic32c.a(close.o)
 .debug_info    0x00019a63      0x288 c:/program files/microchip/xc32/v4.20/bin/bin/../../lib/gcc/pic32c/8.3.1/../../../../pic32c/lib/thumb/v8-m.main+fp/hard\libpic32c.a(lseek.o)
 .debug_info    0x00019ceb      0x287 c:/program files/microchip/xc32/v4.20/bin/bin/../../lib/gcc/pic32c/8.3.1/../../../../pic32c/lib/thumb/v8-m.main+fp/hard\libpic32c.a(sbrk.o)

.debug_abbrev   0x00000000     0x433b
 .debug_abbrev  0x00000000      0x111 build/pic32ck_gc01_cult/production/_ext/2123560367/plib_clock.o
 .debug_abbrev  0x00000111      0x311 build/pic32ck_gc01_cult/production/_ext/1392153305/plib_dma0.o
 .debug_abbrev  0x00000422       0x3b build/pic32ck_gc01_cult/production/_ext/2125709853/plib_evsys.o
 .debug_abbrev  0x0000045d      0x1e4 build/pic32ck_gc01_cult/production/_ext/207386401/plib_nvic.o
 .debug_abbrev  0x00000641       0x8a build/pic32ck_gc01_cult/production/_ext/44908540/plib_pm.o
 .debug_abbrev  0x000006cb      0x1d6 build/pic32ck_gc01_cult/production/_ext/207439552/plib_port.o
 .debug_abbrev  0x000008a1      0x382 build/pic32ck_gc01_cult/production/_ext/1641476138/plib_sercom5_usart.o
 .debug_abbrev  0x00000c23       0xb9 build/pic32ck_gc01_cult/production/_ext/1821514987/xc32_monitor.o
 .debug_abbrev  0x00000cdc       0xb5 build/pic32ck_gc01_cult/production/_ext/2000113765/interrupts.o
 .debug_abbrev  0x00000d91      0x1aa build/pic32ck_gc01_cult/production/_ext/2000113765/startup_xc32.o
 .debug_abbrev  0x00000f3b       0x3e build/pic32ck_gc01_cult/production/_ext/2000113765/exceptions.o
 .debug_abbrev  0x00000f79      0x127 build/pic32ck_gc01_cult/production/_ext/2000113765/initialization.o
 .debug_abbrev  0x000010a0      0x187 build/pic32ck_gc01_cult/production/_ext/1360937237/main.o
 .debug_abbrev  0x00001227       0x2b c:/program files/microchip/xc32/v4.20/bin/bin/../../lib/gcc/pic32c/8.3.1/../../../../pic32c/lib/thumb/v8-m.main+fp/hard\libpic32c.a(data_init_wrapper.o)
 .debug_abbrev  0x00001252       0x2e c:/program files/microchip/xc32/v4.20/bin/bin/../../lib/gcc/pic32c/8.3.1/../../../../pic32c/lib/thumb/v8-m.main+fp/hard\libpic32c.a(data_init_0_1.o)
 .debug_abbrev  0x00001280      0x117 c:/program files/microchip/xc32/v4.20/bin/bin/../../lib/gcc/pic32c/8.3.1/../../../../pic32c/lib/thumb/v8-m.main+fp/hard\libc-musl.a(__libc_start_main.o)
 .debug_abbrev  0x00001397       0xb8 c:/program files/microchip/xc32/v4.20/bin/bin/../../lib/gcc/pic32c/8.3.1/../../../../pic32c/lib/thumb/v8-m.main+fp/hard\libc-musl.a(libc.o)
 .debug_abbrev  0x0000144f      0x178 c:/program files/microchip/xc32/v4.20/bin/bin/../../lib/gcc/pic32c/8.3.1/../../../../pic32c/lib/thumb/v8-m.main+fp/hard\libc-musl.a(stdin.o)
 .debug_abbrev  0x000015c7      0x135 c:/program files/microchip/xc32/v4.20/bin/bin/../../lib/gcc/pic32c/8.3.1/../../../../pic32c/lib/thumb/v8-m.main+fp/hard\libc-musl.a(stdout.o)
 .debug_abbrev  0x000016fc      0x112 c:/program files/microchip/xc32/v4.20/bin/bin/../../lib/gcc/pic32c/8.3.1/../../../../pic32c/lib/thumb/v8-m.main+fp/hard\libc-musl.a(printf.o)
 .debug_abbrev  0x0000180e       0xa0 c:/program files/microchip/xc32/v4.20/bin/bin/../../lib/gcc/pic32c/8.3.1/../../../../pic32c/lib/thumb/v8-m.main+fp/hard\libc-musl.a(setbuf.o)
 .debug_abbrev  0x000018ae       0x8b c:/program files/microchip/xc32/v4.20/bin/bin/../../lib/gcc/pic32c/8.3.1/../../../../pic32c/lib/thumb/v8-m.main+fp/hard\libc-musl.a(memcmp.o)
 .debug_abbrev  0x00001939       0x57 c:/program files/microchip/xc32/v4.20/bin/bin/../../lib/gcc/pic32c/8.3.1/../../../../pic32c/lib/thumb/v8-m.main+fp/hard\libc-musl.a(__environ.o)
 .debug_abbrev  0x00001990      0x150 c:/program files/microchip/xc32/v4.20/bin/bin/../../lib/gcc/pic32c/8.3.1/../../../../pic32c/lib/thumb/v8-m.main+fp/hard\libc-musl.a(__stdio_read.o)
 .debug_abbrev  0x00001ae0       0xdc c:/program files/microchip/xc32/v4.20/bin/bin/../../lib/gcc/pic32c/8.3.1/../../../../pic32c/lib/thumb/v8-m.main+fp/hard\libc-musl.a(__towrite_rw.o)
 .debug_abbrev  0x00001bbc      0x11c c:/program files/microchip/xc32/v4.20/bin/bin/../../lib/gcc/pic32c/8.3.1/../../../../pic32c/lib/thumb/v8-m.main+fp/hard\libc-musl.a(setvbuf.o)
 .debug_abbrev  0x00001cd8      0x16d c:/program files/microchip/xc32/v4.20/bin/bin/../../lib/gcc/pic32c/8.3.1/../../../../pic32c/lib/thumb/v8-m.main+fp/hard\libc-musl.a(vfprintf.o)
 .debug_abbrev  0x00001e45       0xd8 c:/program files/microchip/xc32/v4.20/bin/bin/../../lib/gcc/pic32c/8.3.1/../../../../pic32c/lib/thumb/v8-m.main+fp/hard\libc-musl.a(readv.o)
 .debug_abbrev  0x00001f1d      0x413 c:/program files/microchip/xc32/v4.20/bin/bin/../../lib/gcc/pic32c/8.3.1/../../../../pic32c/lib/thumb/v8-m.main+fp/hard\libc-musl.a(malloc.o)
 .debug_abbrev  0x00002330       0xa5 c:/program files/microchip/xc32/v4.20/bin/bin/../../lib/gcc/pic32c/8.3.1/../../../../pic32c/lib/thumb/v8-m.main+fp/hard\libc-musl.a(expand_heap.o)
 .debug_abbrev  0x000023d5       0x5a c:/program files/microchip/xc32/v4.20/bin/bin/../../lib/gcc/pic32c/8.3.1/../../../../pic32c/lib/thumb/v8-m.main+fp/hard\libc-musl.a(__init_stdio.o)
 .debug_abbrev  0x0000242f      0x170 c:/program files/microchip/xc32/v4.20/bin/bin/../../lib/gcc/pic32c/8.3.1/../../../../pic32c/lib/thumb/v8-m.main+fp/hard\libc-musl.a(__out.o)
 .debug_abbrev  0x0000259f       0xbd c:/program files/microchip/xc32/v4.20/bin/bin/../../lib/gcc/pic32c/8.3.1/../../../../pic32c/lib/thumb/v8-m.main+fp/hard\libc-musl.a(__pop_float.o)
 .debug_abbrev  0x0000265c       0xbd c:/program files/microchip/xc32/v4.20/bin/bin/../../lib/gcc/pic32c/8.3.1/../../../../pic32c/lib/thumb/v8-m.main+fp/hard\libc-musl.a(__pop_int.o)
 .debug_abbrev  0x00002719       0xce c:/program files/microchip/xc32/v4.20/bin/bin/../../lib/gcc/pic32c/8.3.1/../../../../pic32c/lib/thumb/v8-m.main+fp/hard\libc-musl.a(__pop_ptr.o)
 .debug_abbrev  0x000027e7      0x2c5 c:/program files/microchip/xc32/v4.20/bin/bin/../../lib/gcc/pic32c/8.3.1/../../../../pic32c/lib/thumb/v8-m.main+fp/hard\libc-musl.a(__printf_core.o)
 .debug_abbrev  0x00002aac      0x154 c:/program files/microchip/xc32/v4.20/bin/bin/../../lib/gcc/pic32c/8.3.1/../../../../pic32c/lib/thumb/v8-m.main+fp/hard\libc-musl.a(__stderr.o)
 .debug_abbrev  0x00002c00      0x122 c:/program files/microchip/xc32/v4.20/bin/bin/../../lib/gcc/pic32c/8.3.1/../../../../pic32c/lib/thumb/v8-m.main+fp/hard\libc-musl.a(__stdio_close.o)
 .debug_abbrev  0x00002d22      0x1a1 c:/program files/microchip/xc32/v4.20/bin/bin/../../lib/gcc/pic32c/8.3.1/../../../../pic32c/lib/thumb/v8-m.main+fp/hard\libc-musl.a(__stdio_write.o)
 .debug_abbrev  0x00002ec3      0x154 c:/program files/microchip/xc32/v4.20/bin/bin/../../lib/gcc/pic32c/8.3.1/../../../../pic32c/lib/thumb/v8-m.main+fp/hard\libc-musl.a(__stdout.o)
 .debug_abbrev  0x00003017       0xf8 c:/program files/microchip/xc32/v4.20/bin/bin/../../lib/gcc/pic32c/8.3.1/../../../../pic32c/lib/thumb/v8-m.main+fp/hard\libc-musl.a(__towrite.o)
 .debug_abbrev  0x0000310f       0xbb c:/program files/microchip/xc32/v4.20/bin/bin/../../lib/gcc/pic32c/8.3.1/../../../../pic32c/lib/thumb/v8-m.main+fp/hard\libc-musl.a(atoi.o)
 .debug_abbrev  0x000031ca       0x9c c:/program files/microchip/xc32/v4.20/bin/bin/../../lib/gcc/pic32c/8.3.1/../../../../pic32c/lib/thumb/v8-m.main+fp/hard\libc-musl.a(memcpy.o)
 .debug_abbrev  0x00003266       0x97 c:/program files/microchip/xc32/v4.20/bin/bin/../../lib/gcc/pic32c/8.3.1/../../../../pic32c/lib/thumb/v8-m.main+fp/hard\libc-musl.a(memset.o)
 .debug_abbrev  0x000032fd       0xd8 c:/program files/microchip/xc32/v4.20/bin/bin/../../lib/gcc/pic32c/8.3.1/../../../../pic32c/lib/thumb/v8-m.main+fp/hard\libc-musl.a(writev.o)
 .debug_abbrev  0x000033d5       0xfd c:/program files/microchip/xc32/v4.20/bin/bin/../../lib/gcc/pic32c/8.3.1/../../../../pic32c/lib/thumb/v8-m.main+fp/hard\libc-musl.a(tolower.o)
 .debug_abbrev  0x000034d2       0x2e c:/program files/microchip/xc32/v4.20/bin/bin/../../lib/gcc/pic32c/8.3.1/../../../../pic32c/lib/thumb/v8-m.main+fp/hard\libc-musl.a(__errno_location.o)
 .debug_abbrev  0x00003500      0x194 c:/program files/microchip/xc32/v4.20/bin/bin/../../lib/gcc/pic32c/8.3.1/../../../../pic32c/lib/thumb/v8-m.main+fp/hard\libc-musl.a(__fmt_a.o)
 .debug_abbrev  0x00003694      0x120 c:/program files/microchip/xc32/v4.20/bin/bin/../../lib/gcc/pic32c/8.3.1/../../../../pic32c/lib/thumb/v8-m.main+fp/hard\libc-musl.a(__fmt_d.o)
 .debug_abbrev  0x000037b4      0x1b3 c:/program files/microchip/xc32/v4.20/bin/bin/../../lib/gcc/pic32c/8.3.1/../../../../pic32c/lib/thumb/v8-m.main+fp/hard\libc-musl.a(__fmt_fp.o)
 .debug_abbrev  0x00003967      0x120 c:/program files/microchip/xc32/v4.20/bin/bin/../../lib/gcc/pic32c/8.3.1/../../../../pic32c/lib/thumb/v8-m.main+fp/hard\libc-musl.a(__fmt_o.o)
 .debug_abbrev  0x00003a87      0x10b c:/program files/microchip/xc32/v4.20/bin/bin/../../lib/gcc/pic32c/8.3.1/../../../../pic32c/lib/thumb/v8-m.main+fp/hard\libc-musl.a(__fmt_s.o)
 .debug_abbrev  0x00003b92      0x163 c:/program files/microchip/xc32/v4.20/bin/bin/../../lib/gcc/pic32c/8.3.1/../../../../pic32c/lib/thumb/v8-m.main+fp/hard\libc-musl.a(__fmt_u.o)
 .debug_abbrev  0x00003cf5      0x10f c:/program files/microchip/xc32/v4.20/bin/bin/../../lib/gcc/pic32c/8.3.1/../../../../pic32c/lib/thumb/v8-m.main+fp/hard\libc-musl.a(__fmt_x.o)
 .debug_abbrev  0x00003e04      0x11f c:/program files/microchip/xc32/v4.20/bin/bin/../../lib/gcc/pic32c/8.3.1/../../../../pic32c/lib/thumb/v8-m.main+fp/hard\libc-musl.a(__fwrite.o)
 .debug_abbrev  0x00003f23       0x86 c:/program files/microchip/xc32/v4.20/bin/bin/../../lib/gcc/pic32c/8.3.1/../../../../pic32c/lib/thumb/v8-m.main+fp/hard\libc-musl.a(strlen.o)
 .debug_abbrev  0x00003fa9       0x8e c:/program files/microchip/xc32/v4.20/bin/bin/../../lib/gcc/pic32c/8.3.1/../../../../pic32c/lib/thumb/v8-m.main+fp/hard\libc-musl.a(strcpy.o)
 .debug_abbrev  0x00004037       0xfd c:/program files/microchip/xc32/v4.20/bin/bin/../../lib/gcc/pic32c/8.3.1/../../../../pic32c/lib/thumb/v8-m.main+fp/hard\libc-musl.a(toupper.o)
 .debug_abbrev  0x00004134       0x63 c:/program files/microchip/xc32/v4.20/bin/bin/../../lib/gcc/pic32c/8.3.1/../../../../pic32c/lib/thumb/v8-m.main+fp/hard\libc-musl.a(stpcpy.o)
 .debug_abbrev  0x00004197       0x14 c:/program files/microchip/xc32/v4.20/bin/bin/../../lib/gcc/pic32c/8.3.1/thumb/v8-m.main+fp/hard\libgcc.a(_aeabi_uldivmod.o)
 .debug_abbrev  0x000041ab       0xf2 c:/program files/microchip/xc32/v4.20/bin/bin/../../lib/gcc/pic32c/8.3.1/thumb/v8-m.main+fp/hard\libgcc.a(_udivmoddi4.o)
 .debug_abbrev  0x0000429d       0x14 c:/program files/microchip/xc32/v4.20/bin/bin/../../lib/gcc/pic32c/8.3.1/thumb/v8-m.main+fp/hard\libgcc.a(_dvmd_tls.o)
 .debug_abbrev  0x000042b1       0x2e c:/program files/microchip/xc32/v4.20/bin/bin/../../lib/gcc/pic32c/8.3.1/../../../../pic32c/lib/thumb/v8-m.main+fp/hard\libpic32c.a(close.o)
 .debug_abbrev  0x000042df       0x2e c:/program files/microchip/xc32/v4.20/bin/bin/../../lib/gcc/pic32c/8.3.1/../../../../pic32c/lib/thumb/v8-m.main+fp/hard\libpic32c.a(lseek.o)
 .debug_abbrev  0x0000430d       0x2e c:/program files/microchip/xc32/v4.20/bin/bin/../../lib/gcc/pic32c/8.3.1/../../../../pic32c/lib/thumb/v8-m.main+fp/hard\libpic32c.a(sbrk.o)

.debug_aranges  0x00000000      0xb20
 .debug_aranges
                0x00000000       0x20 build/pic32ck_gc01_cult/production/_ext/2123560367/plib_clock.o
 .debug_aranges
                0x00000020       0xc8 build/pic32ck_gc01_cult/production/_ext/1392153305/plib_dma0.o
 .debug_aranges
                0x000000e8       0x20 build/pic32ck_gc01_cult/production/_ext/2125709853/plib_evsys.o
 .debug_aranges
                0x00000108       0x38 build/pic32ck_gc01_cult/production/_ext/207386401/plib_nvic.o
 .debug_aranges
                0x00000140       0x58 build/pic32ck_gc01_cult/production/_ext/44908540/plib_pm.o
 .debug_aranges
                0x00000198       0x70 build/pic32ck_gc01_cult/production/_ext/207439552/plib_port.o
 .debug_aranges
                0x00000208       0xb8 build/pic32ck_gc01_cult/production/_ext/1641476138/plib_sercom5_usart.o
 .debug_aranges
                0x000002c0       0x28 build/pic32ck_gc01_cult/production/_ext/1821514987/xc32_monitor.o
 .debug_aranges
                0x000002e8       0x20 build/pic32ck_gc01_cult/production/_ext/2000113765/interrupts.o
 .debug_aranges
                0x00000308       0x28 build/pic32ck_gc01_cult/production/_ext/2000113765/startup_xc32.o
 .debug_aranges
                0x00000330       0x28 build/pic32ck_gc01_cult/production/_ext/2000113765/exceptions.o
 .debug_aranges
                0x00000358       0x20 build/pic32ck_gc01_cult/production/_ext/2000113765/initialization.o
 .debug_aranges
                0x00000378       0x28 build/pic32ck_gc01_cult/production/_ext/1360937237/main.o
 .debug_aranges
                0x000003a0       0x20 c:/program files/microchip/xc32/v4.20/bin/bin/../../lib/gcc/pic32c/8.3.1/../../../../pic32c/lib/thumb/v8-m.main+fp/hard\libpic32c.a(data_init_wrapper.o)
 .debug_aranges
                0x000003c0       0x20 c:/program files/microchip/xc32/v4.20/bin/bin/../../lib/gcc/pic32c/8.3.1/../../../../pic32c/lib/thumb/v8-m.main+fp/hard\libpic32c.a(data_init_0_1.o)
 .debug_aranges
                0x000003e0       0x28 c:/program files/microchip/xc32/v4.20/bin/bin/../../lib/gcc/pic32c/8.3.1/../../../../pic32c/lib/thumb/v8-m.main+fp/hard\libc-musl.a(__libc_start_main.o)
 .debug_aranges
                0x00000408       0x18 c:/program files/microchip/xc32/v4.20/bin/bin/../../lib/gcc/pic32c/8.3.1/../../../../pic32c/lib/thumb/v8-m.main+fp/hard\libc-musl.a(libc.o)
 .debug_aranges
                0x00000420       0x28 c:/program files/microchip/xc32/v4.20/bin/bin/../../lib/gcc/pic32c/8.3.1/../../../../pic32c/lib/thumb/v8-m.main+fp/hard\libc-musl.a(stdin.o)
 .debug_aranges
                0x00000448       0x30 c:/program files/microchip/xc32/v4.20/bin/bin/../../lib/gcc/pic32c/8.3.1/../../../../pic32c/lib/thumb/v8-m.main+fp/hard\libc-musl.a(stdout.o)
 .debug_aranges
                0x00000478       0x20 c:/program files/microchip/xc32/v4.20/bin/bin/../../lib/gcc/pic32c/8.3.1/../../../../pic32c/lib/thumb/v8-m.main+fp/hard\libc-musl.a(printf.o)
 .debug_aranges
                0x00000498       0x20 c:/program files/microchip/xc32/v4.20/bin/bin/../../lib/gcc/pic32c/8.3.1/../../../../pic32c/lib/thumb/v8-m.main+fp/hard\libc-musl.a(setbuf.o)
 .debug_aranges
                0x000004b8       0x20 c:/program files/microchip/xc32/v4.20/bin/bin/../../lib/gcc/pic32c/8.3.1/../../../../pic32c/lib/thumb/v8-m.main+fp/hard\libc-musl.a(memcmp.o)
 .debug_aranges
                0x000004d8       0x18 c:/program files/microchip/xc32/v4.20/bin/bin/../../lib/gcc/pic32c/8.3.1/../../../../pic32c/lib/thumb/v8-m.main+fp/hard\libc-musl.a(__environ.o)
 .debug_aranges
                0x000004f0       0x20 c:/program files/microchip/xc32/v4.20/bin/bin/../../lib/gcc/pic32c/8.3.1/../../../../pic32c/lib/thumb/v8-m.main+fp/hard\libc-musl.a(__stdio_read.o)
 .debug_aranges
                0x00000510       0x20 c:/program files/microchip/xc32/v4.20/bin/bin/../../lib/gcc/pic32c/8.3.1/../../../../pic32c/lib/thumb/v8-m.main+fp/hard\libc-musl.a(__towrite_rw.o)
 .debug_aranges
                0x00000530       0x28 c:/program files/microchip/xc32/v4.20/bin/bin/../../lib/gcc/pic32c/8.3.1/../../../../pic32c/lib/thumb/v8-m.main+fp/hard\libc-musl.a(setvbuf.o)
 .debug_aranges
                0x00000558       0x28 c:/program files/microchip/xc32/v4.20/bin/bin/../../lib/gcc/pic32c/8.3.1/../../../../pic32c/lib/thumb/v8-m.main+fp/hard\libc-musl.a(vfprintf.o)
 .debug_aranges
                0x00000580       0x20 c:/program files/microchip/xc32/v4.20/bin/bin/../../lib/gcc/pic32c/8.3.1/../../../../pic32c/lib/thumb/v8-m.main+fp/hard\libc-musl.a(readv.o)
 .debug_aranges
                0x000005a0       0x70 c:/program files/microchip/xc32/v4.20/bin/bin/../../lib/gcc/pic32c/8.3.1/../../../../pic32c/lib/thumb/v8-m.main+fp/hard\libc-musl.a(malloc.o)
 .debug_aranges
                0x00000610       0x20 c:/program files/microchip/xc32/v4.20/bin/bin/../../lib/gcc/pic32c/8.3.1/../../../../pic32c/lib/thumb/v8-m.main+fp/hard\libc-musl.a(expand_heap.o)
 .debug_aranges
                0x00000630       0x28 c:/program files/microchip/xc32/v4.20/bin/bin/../../lib/gcc/pic32c/8.3.1/../../../../pic32c/lib/thumb/v8-m.main+fp/hard\libc-musl.a(__init_stdio.o)
 .debug_aranges
                0x00000658       0x28 c:/program files/microchip/xc32/v4.20/bin/bin/../../lib/gcc/pic32c/8.3.1/../../../../pic32c/lib/thumb/v8-m.main+fp/hard\libc-musl.a(__out.o)
 .debug_aranges
                0x00000680       0x20 c:/program files/microchip/xc32/v4.20/bin/bin/../../lib/gcc/pic32c/8.3.1/../../../../pic32c/lib/thumb/v8-m.main+fp/hard\libc-musl.a(__pop_float.o)
 .debug_aranges
                0x000006a0       0x20 c:/program files/microchip/xc32/v4.20/bin/bin/../../lib/gcc/pic32c/8.3.1/../../../../pic32c/lib/thumb/v8-m.main+fp/hard\libc-musl.a(__pop_int.o)
 .debug_aranges
                0x000006c0       0x20 c:/program files/microchip/xc32/v4.20/bin/bin/../../lib/gcc/pic32c/8.3.1/../../../../pic32c/lib/thumb/v8-m.main+fp/hard\libc-musl.a(__pop_ptr.o)
 .debug_aranges
                0x000006e0       0x50 c:/program files/microchip/xc32/v4.20/bin/bin/../../lib/gcc/pic32c/8.3.1/../../../../pic32c/lib/thumb/v8-m.main+fp/hard\libc-musl.a(__printf_core.o)
 .debug_aranges
                0x00000730       0x30 c:/program files/microchip/xc32/v4.20/bin/bin/../../lib/gcc/pic32c/8.3.1/../../../../pic32c/lib/thumb/v8-m.main+fp/hard\libc-musl.a(__stderr.o)
 .debug_aranges
                0x00000760       0x28 c:/program files/microchip/xc32/v4.20/bin/bin/../../lib/gcc/pic32c/8.3.1/../../../../pic32c/lib/thumb/v8-m.main+fp/hard\libc-musl.a(__stdio_close.o)
 .debug_aranges
                0x00000788       0x28 c:/program files/microchip/xc32/v4.20/bin/bin/../../lib/gcc/pic32c/8.3.1/../../../../pic32c/lib/thumb/v8-m.main+fp/hard\libc-musl.a(__stdio_write.o)
 .debug_aranges
                0x000007b0       0x30 c:/program files/microchip/xc32/v4.20/bin/bin/../../lib/gcc/pic32c/8.3.1/../../../../pic32c/lib/thumb/v8-m.main+fp/hard\libc-musl.a(__stdout.o)
 .debug_aranges
                0x000007e0       0x28 c:/program files/microchip/xc32/v4.20/bin/bin/../../lib/gcc/pic32c/8.3.1/../../../../pic32c/lib/thumb/v8-m.main+fp/hard\libc-musl.a(__towrite.o)
 .debug_aranges
                0x00000808       0x20 c:/program files/microchip/xc32/v4.20/bin/bin/../../lib/gcc/pic32c/8.3.1/../../../../pic32c/lib/thumb/v8-m.main+fp/hard\libc-musl.a(atoi.o)
 .debug_aranges
                0x00000828       0x20 c:/program files/microchip/xc32/v4.20/bin/bin/../../lib/gcc/pic32c/8.3.1/../../../../pic32c/lib/thumb/v8-m.main+fp/hard\libc-musl.a(memcpy.o)
 .debug_aranges
                0x00000848       0x20 c:/program files/microchip/xc32/v4.20/bin/bin/../../lib/gcc/pic32c/8.3.1/../../../../pic32c/lib/thumb/v8-m.main+fp/hard\libc-musl.a(memset.o)
 .debug_aranges
                0x00000868       0x20 c:/program files/microchip/xc32/v4.20/bin/bin/../../lib/gcc/pic32c/8.3.1/../../../../pic32c/lib/thumb/v8-m.main+fp/hard\libc-musl.a(writev.o)
 .debug_aranges
                0x00000888       0x28 c:/program files/microchip/xc32/v4.20/bin/bin/../../lib/gcc/pic32c/8.3.1/../../../../pic32c/lib/thumb/v8-m.main+fp/hard\libc-musl.a(tolower.o)
 .debug_aranges
                0x000008b0       0x18 c:/program files/microchip/xc32/v4.20/bin/bin/../../lib/gcc/pic32c/8.3.1/../../../../pic32c/lib/thumb/v8-m.main+fp/hard\libc-musl.a(__errno_location.o)
 .debug_aranges
                0x000008c8       0x20 c:/program files/microchip/xc32/v4.20/bin/bin/../../lib/gcc/pic32c/8.3.1/../../../../pic32c/lib/thumb/v8-m.main+fp/hard\libc-musl.a(__fmt_a.o)
 .debug_aranges
                0x000008e8       0x20 c:/program files/microchip/xc32/v4.20/bin/bin/../../lib/gcc/pic32c/8.3.1/../../../../pic32c/lib/thumb/v8-m.main+fp/hard\libc-musl.a(__fmt_d.o)
 .debug_aranges
                0x00000908       0x20 c:/program files/microchip/xc32/v4.20/bin/bin/../../lib/gcc/pic32c/8.3.1/../../../../pic32c/lib/thumb/v8-m.main+fp/hard\libc-musl.a(__fmt_fp.o)
 .debug_aranges
                0x00000928       0x20 c:/program files/microchip/xc32/v4.20/bin/bin/../../lib/gcc/pic32c/8.3.1/../../../../pic32c/lib/thumb/v8-m.main+fp/hard\libc-musl.a(__fmt_o.o)
 .debug_aranges
                0x00000948       0x20 c:/program files/microchip/xc32/v4.20/bin/bin/../../lib/gcc/pic32c/8.3.1/../../../../pic32c/lib/thumb/v8-m.main+fp/hard\libc-musl.a(__fmt_s.o)
 .debug_aranges
                0x00000968       0x28 c:/program files/microchip/xc32/v4.20/bin/bin/../../lib/gcc/pic32c/8.3.1/../../../../pic32c/lib/thumb/v8-m.main+fp/hard\libc-musl.a(__fmt_u.o)
 .debug_aranges
                0x00000990       0x20 c:/program files/microchip/xc32/v4.20/bin/bin/../../lib/gcc/pic32c/8.3.1/../../../../pic32c/lib/thumb/v8-m.main+fp/hard\libc-musl.a(__fmt_x.o)
 .debug_aranges
                0x000009b0       0x28 c:/program files/microchip/xc32/v4.20/bin/bin/../../lib/gcc/pic32c/8.3.1/../../../../pic32c/lib/thumb/v8-m.main+fp/hard\libc-musl.a(__fwrite.o)
 .debug_aranges
                0x000009d8       0x20 c:/program files/microchip/xc32/v4.20/bin/bin/../../lib/gcc/pic32c/8.3.1/../../../../pic32c/lib/thumb/v8-m.main+fp/hard\libc-musl.a(strlen.o)
 .debug_aranges
                0x000009f8       0x20 c:/program files/microchip/xc32/v4.20/bin/bin/../../lib/gcc/pic32c/8.3.1/../../../../pic32c/lib/thumb/v8-m.main+fp/hard\libc-musl.a(strcpy.o)
 .debug_aranges
                0x00000a18       0x28 c:/program files/microchip/xc32/v4.20/bin/bin/../../lib/gcc/pic32c/8.3.1/../../../../pic32c/lib/thumb/v8-m.main+fp/hard\libc-musl.a(toupper.o)
 .debug_aranges
                0x00000a40       0x20 c:/program files/microchip/xc32/v4.20/bin/bin/../../lib/gcc/pic32c/8.3.1/../../../../pic32c/lib/thumb/v8-m.main+fp/hard\libc-musl.a(stpcpy.o)
 .debug_aranges
                0x00000a60       0x20 c:/program files/microchip/xc32/v4.20/bin/bin/../../lib/gcc/pic32c/8.3.1/thumb/v8-m.main+fp/hard\libgcc.a(_aeabi_uldivmod.o)
 .debug_aranges
                0x00000a80       0x20 c:/program files/microchip/xc32/v4.20/bin/bin/../../lib/gcc/pic32c/8.3.1/thumb/v8-m.main+fp/hard\libgcc.a(_udivmoddi4.o)
 .debug_aranges
                0x00000aa0       0x20 c:/program files/microchip/xc32/v4.20/bin/bin/../../lib/gcc/pic32c/8.3.1/thumb/v8-m.main+fp/hard\libgcc.a(_dvmd_tls.o)
 .debug_aranges
                0x00000ac0       0x20 c:/program files/microchip/xc32/v4.20/bin/bin/../../lib/gcc/pic32c/8.3.1/../../../../pic32c/lib/thumb/v8-m.main+fp/hard\libpic32c.a(close.o)
 .debug_aranges
                0x00000ae0       0x20 c:/program files/microchip/xc32/v4.20/bin/bin/../../lib/gcc/pic32c/8.3.1/../../../../pic32c/lib/thumb/v8-m.main+fp/hard\libpic32c.a(lseek.o)
 .debug_aranges
                0x00000b00       0x20 c:/program files/microchip/xc32/v4.20/bin/bin/../../lib/gcc/pic32c/8.3.1/../../../../pic32c/lib/thumb/v8-m.main+fp/hard\libpic32c.a(sbrk.o)

.debug_ranges   0x00000000      0x920
 .debug_ranges  0x00000000       0x10 build/pic32ck_gc01_cult/production/_ext/2123560367/plib_clock.o
 .debug_ranges  0x00000010       0xb8 build/pic32ck_gc01_cult/production/_ext/1392153305/plib_dma0.o
 .debug_ranges  0x000000c8       0x10 build/pic32ck_gc01_cult/production/_ext/2125709853/plib_evsys.o
 .debug_ranges  0x000000d8       0x28 build/pic32ck_gc01_cult/production/_ext/207386401/plib_nvic.o
 .debug_ranges  0x00000100       0x48 build/pic32ck_gc01_cult/production/_ext/44908540/plib_pm.o
 .debug_ranges  0x00000148       0x60 build/pic32ck_gc01_cult/production/_ext/207439552/plib_port.o
 .debug_ranges  0x000001a8       0xa8 build/pic32ck_gc01_cult/production/_ext/1641476138/plib_sercom5_usart.o
 .debug_ranges  0x00000250       0x18 build/pic32ck_gc01_cult/production/_ext/1821514987/xc32_monitor.o
 .debug_ranges  0x00000268       0x10 build/pic32ck_gc01_cult/production/_ext/2000113765/interrupts.o
 .debug_ranges  0x00000278       0x18 build/pic32ck_gc01_cult/production/_ext/2000113765/startup_xc32.o
 .debug_ranges  0x00000290       0x18 build/pic32ck_gc01_cult/production/_ext/2000113765/exceptions.o
 .debug_ranges  0x000002a8       0x10 build/pic32ck_gc01_cult/production/_ext/2000113765/initialization.o
 .debug_ranges  0x000002b8       0x18 build/pic32ck_gc01_cult/production/_ext/1360937237/main.o
 .debug_ranges  0x000002d0       0x10 c:/program files/microchip/xc32/v4.20/bin/bin/../../lib/gcc/pic32c/8.3.1/../../../../pic32c/lib/thumb/v8-m.main+fp/hard\libpic32c.a(data_init_wrapper.o)
 .debug_ranges  0x000002e0       0x10 c:/program files/microchip/xc32/v4.20/bin/bin/../../lib/gcc/pic32c/8.3.1/../../../../pic32c/lib/thumb/v8-m.main+fp/hard\libpic32c.a(data_init_0_1.o)
 .debug_ranges  0x000002f0       0x40 c:/program files/microchip/xc32/v4.20/bin/bin/../../lib/gcc/pic32c/8.3.1/../../../../pic32c/lib/thumb/v8-m.main+fp/hard\libc-musl.a(__libc_start_main.o)
 .debug_ranges  0x00000330       0x18 c:/program files/microchip/xc32/v4.20/bin/bin/../../lib/gcc/pic32c/8.3.1/../../../../pic32c/lib/thumb/v8-m.main+fp/hard\libc-musl.a(stdin.o)
 .debug_ranges  0x00000348       0x20 c:/program files/microchip/xc32/v4.20/bin/bin/../../lib/gcc/pic32c/8.3.1/../../../../pic32c/lib/thumb/v8-m.main+fp/hard\libc-musl.a(stdout.o)
 .debug_ranges  0x00000368       0x10 c:/program files/microchip/xc32/v4.20/bin/bin/../../lib/gcc/pic32c/8.3.1/../../../../pic32c/lib/thumb/v8-m.main+fp/hard\libc-musl.a(printf.o)
 .debug_ranges  0x00000378       0x10 c:/program files/microchip/xc32/v4.20/bin/bin/../../lib/gcc/pic32c/8.3.1/../../../../pic32c/lib/thumb/v8-m.main+fp/hard\libc-musl.a(setbuf.o)
 .debug_ranges  0x00000388       0x10 c:/program files/microchip/xc32/v4.20/bin/bin/../../lib/gcc/pic32c/8.3.1/../../../../pic32c/lib/thumb/v8-m.main+fp/hard\libc-musl.a(memcmp.o)
 .debug_ranges  0x00000398       0x10 c:/program files/microchip/xc32/v4.20/bin/bin/../../lib/gcc/pic32c/8.3.1/../../../../pic32c/lib/thumb/v8-m.main+fp/hard\libc-musl.a(__stdio_read.o)
 .debug_ranges  0x000003a8       0x10 c:/program files/microchip/xc32/v4.20/bin/bin/../../lib/gcc/pic32c/8.3.1/../../../../pic32c/lib/thumb/v8-m.main+fp/hard\libc-musl.a(__towrite_rw.o)
 .debug_ranges  0x000003b8       0x18 c:/program files/microchip/xc32/v4.20/bin/bin/../../lib/gcc/pic32c/8.3.1/../../../../pic32c/lib/thumb/v8-m.main+fp/hard\libc-musl.a(setvbuf.o)
 .debug_ranges  0x000003d0       0x18 c:/program files/microchip/xc32/v4.20/bin/bin/../../lib/gcc/pic32c/8.3.1/../../../../pic32c/lib/thumb/v8-m.main+fp/hard\libc-musl.a(vfprintf.o)
 .debug_ranges  0x000003e8       0x10 c:/program files/microchip/xc32/v4.20/bin/bin/../../lib/gcc/pic32c/8.3.1/../../../../pic32c/lib/thumb/v8-m.main+fp/hard\libc-musl.a(readv.o)
 .debug_ranges  0x000003f8      0x1a8 c:/program files/microchip/xc32/v4.20/bin/bin/../../lib/gcc/pic32c/8.3.1/../../../../pic32c/lib/thumb/v8-m.main+fp/hard\libc-musl.a(malloc.o)
 .debug_ranges  0x000005a0       0x10 c:/program files/microchip/xc32/v4.20/bin/bin/../../lib/gcc/pic32c/8.3.1/../../../../pic32c/lib/thumb/v8-m.main+fp/hard\libc-musl.a(expand_heap.o)
 .debug_ranges  0x000005b0       0x18 c:/program files/microchip/xc32/v4.20/bin/bin/../../lib/gcc/pic32c/8.3.1/../../../../pic32c/lib/thumb/v8-m.main+fp/hard\libc-musl.a(__init_stdio.o)
 .debug_ranges  0x000005c8       0x18 c:/program files/microchip/xc32/v4.20/bin/bin/../../lib/gcc/pic32c/8.3.1/../../../../pic32c/lib/thumb/v8-m.main+fp/hard\libc-musl.a(__out.o)
 .debug_ranges  0x000005e0       0x10 c:/program files/microchip/xc32/v4.20/bin/bin/../../lib/gcc/pic32c/8.3.1/../../../../pic32c/lib/thumb/v8-m.main+fp/hard\libc-musl.a(__pop_float.o)
 .debug_ranges  0x000005f0       0x10 c:/program files/microchip/xc32/v4.20/bin/bin/../../lib/gcc/pic32c/8.3.1/../../../../pic32c/lib/thumb/v8-m.main+fp/hard\libc-musl.a(__pop_int.o)
 .debug_ranges  0x00000600       0x10 c:/program files/microchip/xc32/v4.20/bin/bin/../../lib/gcc/pic32c/8.3.1/../../../../pic32c/lib/thumb/v8-m.main+fp/hard\libc-musl.a(__pop_ptr.o)
 .debug_ranges  0x00000610       0x60 c:/program files/microchip/xc32/v4.20/bin/bin/../../lib/gcc/pic32c/8.3.1/../../../../pic32c/lib/thumb/v8-m.main+fp/hard\libc-musl.a(__printf_core.o)
 .debug_ranges  0x00000670       0x20 c:/program files/microchip/xc32/v4.20/bin/bin/../../lib/gcc/pic32c/8.3.1/../../../../pic32c/lib/thumb/v8-m.main+fp/hard\libc-musl.a(__stderr.o)
 .debug_ranges  0x00000690       0x18 c:/program files/microchip/xc32/v4.20/bin/bin/../../lib/gcc/pic32c/8.3.1/../../../../pic32c/lib/thumb/v8-m.main+fp/hard\libc-musl.a(__stdio_close.o)
 .debug_ranges  0x000006a8       0x30 c:/program files/microchip/xc32/v4.20/bin/bin/../../lib/gcc/pic32c/8.3.1/../../../../pic32c/lib/thumb/v8-m.main+fp/hard\libc-musl.a(__stdio_write.o)
 .debug_ranges  0x000006d8       0x20 c:/program files/microchip/xc32/v4.20/bin/bin/../../lib/gcc/pic32c/8.3.1/../../../../pic32c/lib/thumb/v8-m.main+fp/hard\libc-musl.a(__stdout.o)
 .debug_ranges  0x000006f8       0x18 c:/program files/microchip/xc32/v4.20/bin/bin/../../lib/gcc/pic32c/8.3.1/../../../../pic32c/lib/thumb/v8-m.main+fp/hard\libc-musl.a(__towrite.o)
 .debug_ranges  0x00000710       0x10 c:/program files/microchip/xc32/v4.20/bin/bin/../../lib/gcc/pic32c/8.3.1/../../../../pic32c/lib/thumb/v8-m.main+fp/hard\libc-musl.a(atoi.o)
 .debug_ranges  0x00000720       0x10 c:/program files/microchip/xc32/v4.20/bin/bin/../../lib/gcc/pic32c/8.3.1/../../../../pic32c/lib/thumb/v8-m.main+fp/hard\libc-musl.a(memcpy.o)
 .debug_ranges  0x00000730       0x10 c:/program files/microchip/xc32/v4.20/bin/bin/../../lib/gcc/pic32c/8.3.1/../../../../pic32c/lib/thumb/v8-m.main+fp/hard\libc-musl.a(memset.o)
 .debug_ranges  0x00000740       0x10 c:/program files/microchip/xc32/v4.20/bin/bin/../../lib/gcc/pic32c/8.3.1/../../../../pic32c/lib/thumb/v8-m.main+fp/hard\libc-musl.a(writev.o)
 .debug_ranges  0x00000750       0x18 c:/program files/microchip/xc32/v4.20/bin/bin/../../lib/gcc/pic32c/8.3.1/../../../../pic32c/lib/thumb/v8-m.main+fp/hard\libc-musl.a(tolower.o)
 .debug_ranges  0x00000768       0x10 c:/program files/microchip/xc32/v4.20/bin/bin/../../lib/gcc/pic32c/8.3.1/../../../../pic32c/lib/thumb/v8-m.main+fp/hard\libc-musl.a(__fmt_a.o)
 .debug_ranges  0x00000778       0x10 c:/program files/microchip/xc32/v4.20/bin/bin/../../lib/gcc/pic32c/8.3.1/../../../../pic32c/lib/thumb/v8-m.main+fp/hard\libc-musl.a(__fmt_d.o)
 .debug_ranges  0x00000788       0x10 c:/program files/microchip/xc32/v4.20/bin/bin/../../lib/gcc/pic32c/8.3.1/../../../../pic32c/lib/thumb/v8-m.main+fp/hard\libc-musl.a(__fmt_fp.o)
 .debug_ranges  0x00000798       0x10 c:/program files/microchip/xc32/v4.20/bin/bin/../../lib/gcc/pic32c/8.3.1/../../../../pic32c/lib/thumb/v8-m.main+fp/hard\libc-musl.a(__fmt_o.o)
 .debug_ranges  0x000007a8       0x10 c:/program files/microchip/xc32/v4.20/bin/bin/../../lib/gcc/pic32c/8.3.1/../../../../pic32c/lib/thumb/v8-m.main+fp/hard\libc-musl.a(__fmt_s.o)
 .debug_ranges  0x000007b8       0x18 c:/program files/microchip/xc32/v4.20/bin/bin/../../lib/gcc/pic32c/8.3.1/../../../../pic32c/lib/thumb/v8-m.main+fp/hard\libc-musl.a(__fmt_u.o)
 .debug_ranges  0x000007d0       0x10 c:/program files/microchip/xc32/v4.20/bin/bin/../../lib/gcc/pic32c/8.3.1/../../../../pic32c/lib/thumb/v8-m.main+fp/hard\libc-musl.a(__fmt_x.o)
 .debug_ranges  0x000007e0       0x18 c:/program files/microchip/xc32/v4.20/bin/bin/../../lib/gcc/pic32c/8.3.1/../../../../pic32c/lib/thumb/v8-m.main+fp/hard\libc-musl.a(__fwrite.o)
 .debug_ranges  0x000007f8       0x10 c:/program files/microchip/xc32/v4.20/bin/bin/../../lib/gcc/pic32c/8.3.1/../../../../pic32c/lib/thumb/v8-m.main+fp/hard\libc-musl.a(strlen.o)
 .debug_ranges  0x00000808       0x10 c:/program files/microchip/xc32/v4.20/bin/bin/../../lib/gcc/pic32c/8.3.1/../../../../pic32c/lib/thumb/v8-m.main+fp/hard\libc-musl.a(strcpy.o)
 .debug_ranges  0x00000818       0x18 c:/program files/microchip/xc32/v4.20/bin/bin/../../lib/gcc/pic32c/8.3.1/../../../../pic32c/lib/thumb/v8-m.main+fp/hard\libc-musl.a(toupper.o)
 .debug_ranges  0x00000830       0x10 c:/program files/microchip/xc32/v4.20/bin/bin/../../lib/gcc/pic32c/8.3.1/../../../../pic32c/lib/thumb/v8-m.main+fp/hard\libc-musl.a(stpcpy.o)
 .debug_ranges  0x00000840       0xb0 c:/program files/microchip/xc32/v4.20/bin/bin/../../lib/gcc/pic32c/8.3.1/thumb/v8-m.main+fp/hard\libgcc.a(_udivmoddi4.o)
 .debug_ranges  0x000008f0       0x10 c:/program files/microchip/xc32/v4.20/bin/bin/../../lib/gcc/pic32c/8.3.1/../../../../pic32c/lib/thumb/v8-m.main+fp/hard\libpic32c.a(close.o)
 .debug_ranges  0x00000900       0x10 c:/program files/microchip/xc32/v4.20/bin/bin/../../lib/gcc/pic32c/8.3.1/../../../../pic32c/lib/thumb/v8-m.main+fp/hard\libpic32c.a(lseek.o)
 .debug_ranges  0x00000910       0x10 c:/program files/microchip/xc32/v4.20/bin/bin/../../lib/gcc/pic32c/8.3.1/../../../../pic32c/lib/thumb/v8-m.main+fp/hard\libpic32c.a(sbrk.o)

.debug_line     0x00000000     0x8b1a
 .debug_line    0x00000000      0x1ff build/pic32ck_gc01_cult/production/_ext/2123560367/plib_clock.o
 .debug_line    0x000001ff      0x5fa build/pic32ck_gc01_cult/production/_ext/1392153305/plib_dma0.o
 .debug_line    0x000007f9       0x70 build/pic32ck_gc01_cult/production/_ext/2125709853/plib_evsys.o
 .debug_line    0x00000869      0x4b3 build/pic32ck_gc01_cult/production/_ext/207386401/plib_nvic.o
 .debug_line    0x00000d1c      0x214 build/pic32ck_gc01_cult/production/_ext/44908540/plib_pm.o
 .debug_line    0x00000f30      0x2b3 build/pic32ck_gc01_cult/production/_ext/207439552/plib_port.o
 .debug_line    0x000011e3      0x8c6 build/pic32ck_gc01_cult/production/_ext/1641476138/plib_sercom5_usart.o
 .debug_line    0x00001aa9      0x166 build/pic32ck_gc01_cult/production/_ext/1821514987/xc32_monitor.o
 .debug_line    0x00001c0f       0xc4 build/pic32ck_gc01_cult/production/_ext/2000113765/interrupts.o
 .debug_line    0x00001cd3      0x1e9 build/pic32ck_gc01_cult/production/_ext/2000113765/startup_xc32.o
 .debug_line    0x00001ebc       0x78 build/pic32ck_gc01_cult/production/_ext/2000113765/exceptions.o
 .debug_line    0x00001f34      0x2dd build/pic32ck_gc01_cult/production/_ext/2000113765/initialization.o
 .debug_line    0x00002211      0x23e build/pic32ck_gc01_cult/production/_ext/1360937237/main.o
 .debug_line    0x0000244f       0xa8 c:/program files/microchip/xc32/v4.20/bin/bin/../../lib/gcc/pic32c/8.3.1/../../../../pic32c/lib/thumb/v8-m.main+fp/hard\libpic32c.a(data_init_wrapper.o)
 .debug_line    0x000024f7       0xf8 c:/program files/microchip/xc32/v4.20/bin/bin/../../lib/gcc/pic32c/8.3.1/../../../../pic32c/lib/thumb/v8-m.main+fp/hard\libpic32c.a(data_init_0_1.o)
 .debug_line    0x000025ef      0x1cc c:/program files/microchip/xc32/v4.20/bin/bin/../../lib/gcc/pic32c/8.3.1/../../../../pic32c/lib/thumb/v8-m.main+fp/hard\libc-musl.a(__libc_start_main.o)
 .debug_line    0x000027bb       0xbb c:/program files/microchip/xc32/v4.20/bin/bin/../../lib/gcc/pic32c/8.3.1/../../../../pic32c/lib/thumb/v8-m.main+fp/hard\libc-musl.a(libc.o)
 .debug_line    0x00002876      0x1d7 c:/program files/microchip/xc32/v4.20/bin/bin/../../lib/gcc/pic32c/8.3.1/../../../../pic32c/lib/thumb/v8-m.main+fp/hard\libc-musl.a(stdin.o)
 .debug_line    0x00002a4d      0x18d c:/program files/microchip/xc32/v4.20/bin/bin/../../lib/gcc/pic32c/8.3.1/../../../../pic32c/lib/thumb/v8-m.main+fp/hard\libc-musl.a(stdout.o)
 .debug_line    0x00002bda      0x16b c:/program files/microchip/xc32/v4.20/bin/bin/../../lib/gcc/pic32c/8.3.1/../../../../pic32c/lib/thumb/v8-m.main+fp/hard\libc-musl.a(printf.o)
 .debug_line    0x00002d45      0x137 c:/program files/microchip/xc32/v4.20/bin/bin/../../lib/gcc/pic32c/8.3.1/../../../../pic32c/lib/thumb/v8-m.main+fp/hard\libc-musl.a(setbuf.o)
 .debug_line    0x00002e7c       0xe5 c:/program files/microchip/xc32/v4.20/bin/bin/../../lib/gcc/pic32c/8.3.1/../../../../pic32c/lib/thumb/v8-m.main+fp/hard\libc-musl.a(memcmp.o)
 .debug_line    0x00002f61      0x107 c:/program files/microchip/xc32/v4.20/bin/bin/../../lib/gcc/pic32c/8.3.1/../../../../pic32c/lib/thumb/v8-m.main+fp/hard\libc-musl.a(__environ.o)
 .debug_line    0x00003068      0x250 c:/program files/microchip/xc32/v4.20/bin/bin/../../lib/gcc/pic32c/8.3.1/../../../../pic32c/lib/thumb/v8-m.main+fp/hard\libc-musl.a(__stdio_read.o)
 .debug_line    0x000032b8      0x1f6 c:/program files/microchip/xc32/v4.20/bin/bin/../../lib/gcc/pic32c/8.3.1/../../../../pic32c/lib/thumb/v8-m.main+fp/hard\libc-musl.a(__towrite_rw.o)
 .debug_line    0x000034ae      0x226 c:/program files/microchip/xc32/v4.20/bin/bin/../../lib/gcc/pic32c/8.3.1/../../../../pic32c/lib/thumb/v8-m.main+fp/hard\libc-musl.a(setvbuf.o)
 .debug_line    0x000036d4      0x1f8 c:/program files/microchip/xc32/v4.20/bin/bin/../../lib/gcc/pic32c/8.3.1/../../../../pic32c/lib/thumb/v8-m.main+fp/hard\libc-musl.a(vfprintf.o)
 .debug_line    0x000038cc      0x166 c:/program files/microchip/xc32/v4.20/bin/bin/../../lib/gcc/pic32c/8.3.1/../../../../pic32c/lib/thumb/v8-m.main+fp/hard\libc-musl.a(readv.o)
 .debug_line    0x00003a32      0xae6 c:/program files/microchip/xc32/v4.20/bin/bin/../../lib/gcc/pic32c/8.3.1/../../../../pic32c/lib/thumb/v8-m.main+fp/hard\libc-musl.a(malloc.o)
 .debug_line    0x00004518       0xf5 c:/program files/microchip/xc32/v4.20/bin/bin/../../lib/gcc/pic32c/8.3.1/../../../../pic32c/lib/thumb/v8-m.main+fp/hard\libc-musl.a(expand_heap.o)
 .debug_line    0x0000460d       0xce c:/program files/microchip/xc32/v4.20/bin/bin/../../lib/gcc/pic32c/8.3.1/../../../../pic32c/lib/thumb/v8-m.main+fp/hard\libc-musl.a(__init_stdio.o)
 .debug_line    0x000046db      0x22e c:/program files/microchip/xc32/v4.20/bin/bin/../../lib/gcc/pic32c/8.3.1/../../../../pic32c/lib/thumb/v8-m.main+fp/hard\libc-musl.a(__out.o)
 .debug_line    0x00004909      0x171 c:/program files/microchip/xc32/v4.20/bin/bin/../../lib/gcc/pic32c/8.3.1/../../../../pic32c/lib/thumb/v8-m.main+fp/hard\libc-musl.a(__pop_float.o)
 .debug_line    0x00004a7a      0x20c c:/program files/microchip/xc32/v4.20/bin/bin/../../lib/gcc/pic32c/8.3.1/../../../../pic32c/lib/thumb/v8-m.main+fp/hard\libc-musl.a(__pop_int.o)
 .debug_line    0x00004c86      0x1f4 c:/program files/microchip/xc32/v4.20/bin/bin/../../lib/gcc/pic32c/8.3.1/../../../../pic32c/lib/thumb/v8-m.main+fp/hard\libc-musl.a(__pop_ptr.o)
 .debug_line    0x00004e7a      0x6a6 c:/program files/microchip/xc32/v4.20/bin/bin/../../lib/gcc/pic32c/8.3.1/../../../../pic32c/lib/thumb/v8-m.main+fp/hard\libc-musl.a(__printf_core.o)
 .debug_line    0x00005520      0x1e2 c:/program files/microchip/xc32/v4.20/bin/bin/../../lib/gcc/pic32c/8.3.1/../../../../pic32c/lib/thumb/v8-m.main+fp/hard\libc-musl.a(__stderr.o)
 .debug_line    0x00005702      0x2f1 c:/program files/microchip/xc32/v4.20/bin/bin/../../lib/gcc/pic32c/8.3.1/../../../../pic32c/lib/thumb/v8-m.main+fp/hard\libc-musl.a(__stdio_close.o)
 .debug_line    0x000059f3      0x32f c:/program files/microchip/xc32/v4.20/bin/bin/../../lib/gcc/pic32c/8.3.1/../../../../pic32c/lib/thumb/v8-m.main+fp/hard\libc-musl.a(__stdio_write.o)
 .debug_line    0x00005d22      0x1e2 c:/program files/microchip/xc32/v4.20/bin/bin/../../lib/gcc/pic32c/8.3.1/../../../../pic32c/lib/thumb/v8-m.main+fp/hard\libc-musl.a(__stdout.o)
 .debug_line    0x00005f04      0x189 c:/program files/microchip/xc32/v4.20/bin/bin/../../lib/gcc/pic32c/8.3.1/../../../../pic32c/lib/thumb/v8-m.main+fp/hard\libc-musl.a(__towrite.o)
 .debug_line    0x0000608d      0x16f c:/program files/microchip/xc32/v4.20/bin/bin/../../lib/gcc/pic32c/8.3.1/../../../../pic32c/lib/thumb/v8-m.main+fp/hard\libc-musl.a(atoi.o)
 .debug_line    0x000061fc       0xf3 c:/program files/microchip/xc32/v4.20/bin/bin/../../lib/gcc/pic32c/8.3.1/../../../../pic32c/lib/thumb/v8-m.main+fp/hard\libc-musl.a(memcpy.o)
 .debug_line    0x000062ef       0xe8 c:/program files/microchip/xc32/v4.20/bin/bin/../../lib/gcc/pic32c/8.3.1/../../../../pic32c/lib/thumb/v8-m.main+fp/hard\libc-musl.a(memset.o)
 .debug_line    0x000063d7      0x167 c:/program files/microchip/xc32/v4.20/bin/bin/../../lib/gcc/pic32c/8.3.1/../../../../pic32c/lib/thumb/v8-m.main+fp/hard\libc-musl.a(writev.o)
 .debug_line    0x0000653e      0x163 c:/program files/microchip/xc32/v4.20/bin/bin/../../lib/gcc/pic32c/8.3.1/../../../../pic32c/lib/thumb/v8-m.main+fp/hard\libc-musl.a(tolower.o)
 .debug_line    0x000066a1       0xa0 c:/program files/microchip/xc32/v4.20/bin/bin/../../lib/gcc/pic32c/8.3.1/../../../../pic32c/lib/thumb/v8-m.main+fp/hard\libc-musl.a(__errno_location.o)
 .debug_line    0x00006741      0x640 c:/program files/microchip/xc32/v4.20/bin/bin/../../lib/gcc/pic32c/8.3.1/../../../../pic32c/lib/thumb/v8-m.main+fp/hard\libc-musl.a(__fmt_a.o)
 .debug_line    0x00006d81      0x20b c:/program files/microchip/xc32/v4.20/bin/bin/../../lib/gcc/pic32c/8.3.1/../../../../pic32c/lib/thumb/v8-m.main+fp/hard\libc-musl.a(__fmt_d.o)
 .debug_line    0x00006f8c      0x689 c:/program files/microchip/xc32/v4.20/bin/bin/../../lib/gcc/pic32c/8.3.1/../../../../pic32c/lib/thumb/v8-m.main+fp/hard\libc-musl.a(__fmt_fp.o)
 .debug_line    0x00007615      0x1b9 c:/program files/microchip/xc32/v4.20/bin/bin/../../lib/gcc/pic32c/8.3.1/../../../../pic32c/lib/thumb/v8-m.main+fp/hard\libc-musl.a(__fmt_o.o)
 .debug_line    0x000077ce      0x20b c:/program files/microchip/xc32/v4.20/bin/bin/../../lib/gcc/pic32c/8.3.1/../../../../pic32c/lib/thumb/v8-m.main+fp/hard\libc-musl.a(__fmt_s.o)
 .debug_line    0x000079d9      0x237 c:/program files/microchip/xc32/v4.20/bin/bin/../../lib/gcc/pic32c/8.3.1/../../../../pic32c/lib/thumb/v8-m.main+fp/hard\libc-musl.a(__fmt_u.o)
 .debug_line    0x00007c10      0x2e1 c:/program files/microchip/xc32/v4.20/bin/bin/../../lib/gcc/pic32c/8.3.1/../../../../pic32c/lib/thumb/v8-m.main+fp/hard\libc-musl.a(__fmt_x.o)
 .debug_line    0x00007ef1      0x1f0 c:/program files/microchip/xc32/v4.20/bin/bin/../../lib/gcc/pic32c/8.3.1/../../../../pic32c/lib/thumb/v8-m.main+fp/hard\libc-musl.a(__fwrite.o)
 .debug_line    0x000080e1       0xe4 c:/program files/microchip/xc32/v4.20/bin/bin/../../lib/gcc/pic32c/8.3.1/../../../../pic32c/lib/thumb/v8-m.main+fp/hard\libc-musl.a(strlen.o)
 .debug_line    0x000081c5       0xb3 c:/program files/microchip/xc32/v4.20/bin/bin/../../lib/gcc/pic32c/8.3.1/../../../../pic32c/lib/thumb/v8-m.main+fp/hard\libc-musl.a(strcpy.o)
 .debug_line    0x00008278      0x163 c:/program files/microchip/xc32/v4.20/bin/bin/../../lib/gcc/pic32c/8.3.1/../../../../pic32c/lib/thumb/v8-m.main+fp/hard\libc-musl.a(toupper.o)
 .debug_line    0x000083db       0xc7 c:/program files/microchip/xc32/v4.20/bin/bin/../../lib/gcc/pic32c/8.3.1/../../../../pic32c/lib/thumb/v8-m.main+fp/hard\libc-musl.a(stpcpy.o)
 .debug_line    0x000084a2       0x97 c:/program files/microchip/xc32/v4.20/bin/bin/../../lib/gcc/pic32c/8.3.1/thumb/v8-m.main+fp/hard\libgcc.a(_aeabi_uldivmod.o)
 .debug_line    0x00008539      0x359 c:/program files/microchip/xc32/v4.20/bin/bin/../../lib/gcc/pic32c/8.3.1/thumb/v8-m.main+fp/hard\libgcc.a(_udivmoddi4.o)
 .debug_line    0x00008892       0x97 c:/program files/microchip/xc32/v4.20/bin/bin/../../lib/gcc/pic32c/8.3.1/thumb/v8-m.main+fp/hard\libgcc.a(_dvmd_tls.o)
 .debug_line    0x00008929       0x9c c:/program files/microchip/xc32/v4.20/bin/bin/../../lib/gcc/pic32c/8.3.1/../../../../pic32c/lib/thumb/v8-m.main+fp/hard\libpic32c.a(close.o)
 .debug_line    0x000089c5       0x9c c:/program files/microchip/xc32/v4.20/bin/bin/../../lib/gcc/pic32c/8.3.1/../../../../pic32c/lib/thumb/v8-m.main+fp/hard\libpic32c.a(lseek.o)
 .debug_line    0x00008a61       0xb9 c:/program files/microchip/xc32/v4.20/bin/bin/../../lib/gcc/pic32c/8.3.1/../../../../pic32c/lib/thumb/v8-m.main+fp/hard\libpic32c.a(sbrk.o)

.debug_str      0x00000000      0x566
 .debug_str     0x00000000       0x1e build/pic32ck_gc01_cult/production/_ext/2123560367/plib_clock.o
 .debug_str     0x0000001e       0x26 build/pic32ck_gc01_cult/production/_ext/1392153305/plib_dma0.o
 .debug_str     0x00000044        0x0 build/pic32ck_gc01_cult/production/_ext/2125709853/plib_evsys.o
 .debug_str     0x00000044       0x28 build/pic32ck_gc01_cult/production/_ext/207386401/plib_nvic.o
 .debug_str     0x0000006c        0x0 build/pic32ck_gc01_cult/production/_ext/44908540/plib_pm.o
 .debug_str     0x0000006c        0xb build/pic32ck_gc01_cult/production/_ext/207439552/plib_port.o
 .debug_str     0x00000077      0x130 build/pic32ck_gc01_cult/production/_ext/1641476138/plib_sercom5_usart.o
 .debug_str     0x000001a7       0x27 build/pic32ck_gc01_cult/production/_ext/1821514987/xc32_monitor.o
 .debug_str     0x000001ce        0x0 build/pic32ck_gc01_cult/production/_ext/2000113765/interrupts.o
 .debug_str     0x000001ce       0x2f build/pic32ck_gc01_cult/production/_ext/2000113765/startup_xc32.o
 .debug_str     0x000001fd        0x0 build/pic32ck_gc01_cult/production/_ext/2000113765/exceptions.o
 .debug_str     0x000001fd       0x79 build/pic32ck_gc01_cult/production/_ext/2000113765/initialization.o
 .debug_str     0x00000276       0x41 build/pic32ck_gc01_cult/production/_ext/1360937237/main.o
 .debug_str     0x000002b7        0x0 c:/program files/microchip/xc32/v4.20/bin/bin/../../lib/gcc/pic32c/8.3.1/../../../../pic32c/lib/thumb/v8-m.main+fp/hard\libpic32c.a(data_init_wrapper.o)
 .debug_str     0x000002b7        0x0 c:/program files/microchip/xc32/v4.20/bin/bin/../../lib/gcc/pic32c/8.3.1/../../../../pic32c/lib/thumb/v8-m.main+fp/hard\libpic32c.a(data_init_0_1.o)
 .debug_str     0x000002b7        0x0 c:/program files/microchip/xc32/v4.20/bin/bin/../../lib/gcc/pic32c/8.3.1/../../../../pic32c/lib/thumb/v8-m.main+fp/hard\libc-musl.a(__libc_start_main.o)
 .debug_str     0x000002b7        0x0 c:/program files/microchip/xc32/v4.20/bin/bin/../../lib/gcc/pic32c/8.3.1/../../../../pic32c/lib/thumb/v8-m.main+fp/hard\libc-musl.a(libc.o)
 .debug_str     0x000002b7        0xf c:/program files/microchip/xc32/v4.20/bin/bin/../../lib/gcc/pic32c/8.3.1/../../../../pic32c/lib/thumb/v8-m.main+fp/hard\libc-musl.a(stdin.o)
 .debug_str     0x000002c6       0x11 c:/program files/microchip/xc32/v4.20/bin/bin/../../lib/gcc/pic32c/8.3.1/../../../../pic32c/lib/thumb/v8-m.main+fp/hard\libc-musl.a(stdout.o)
 .debug_str     0x000002d7        0x9 c:/program files/microchip/xc32/v4.20/bin/bin/../../lib/gcc/pic32c/8.3.1/../../../../pic32c/lib/thumb/v8-m.main+fp/hard\libc-musl.a(printf.o)
 .debug_str     0x000002e0        0x0 c:/program files/microchip/xc32/v4.20/bin/bin/../../lib/gcc/pic32c/8.3.1/../../../../pic32c/lib/thumb/v8-m.main+fp/hard\libc-musl.a(setbuf.o)
 .debug_str     0x000002e0        0x0 c:/program files/microchip/xc32/v4.20/bin/bin/../../lib/gcc/pic32c/8.3.1/../../../../pic32c/lib/thumb/v8-m.main+fp/hard\libc-musl.a(memcmp.o)
 .debug_str     0x000002e0        0x0 c:/program files/microchip/xc32/v4.20/bin/bin/../../lib/gcc/pic32c/8.3.1/../../../../pic32c/lib/thumb/v8-m.main+fp/hard\libc-musl.a(__environ.o)
 .debug_str     0x000002e0        0x0 c:/program files/microchip/xc32/v4.20/bin/bin/../../lib/gcc/pic32c/8.3.1/../../../../pic32c/lib/thumb/v8-m.main+fp/hard\libc-musl.a(__stdio_read.o)
 .debug_str     0x000002e0        0x0 c:/program files/microchip/xc32/v4.20/bin/bin/../../lib/gcc/pic32c/8.3.1/../../../../pic32c/lib/thumb/v8-m.main+fp/hard\libc-musl.a(__towrite_rw.o)
 .debug_str     0x000002e0       0x10 c:/program files/microchip/xc32/v4.20/bin/bin/../../lib/gcc/pic32c/8.3.1/../../../../pic32c/lib/thumb/v8-m.main+fp/hard\libc-musl.a(setvbuf.o)
 .debug_str     0x000002f0       0x1e c:/program files/microchip/xc32/v4.20/bin/bin/../../lib/gcc/pic32c/8.3.1/../../../../pic32c/lib/thumb/v8-m.main+fp/hard\libc-musl.a(vfprintf.o)
 .debug_str     0x0000030e        0x0 c:/program files/microchip/xc32/v4.20/bin/bin/../../lib/gcc/pic32c/8.3.1/../../../../pic32c/lib/thumb/v8-m.main+fp/hard\libc-musl.a(readv.o)
 .debug_str     0x0000030e       0x13 c:/program files/microchip/xc32/v4.20/bin/bin/../../lib/gcc/pic32c/8.3.1/../../../../pic32c/lib/thumb/v8-m.main+fp/hard\libc-musl.a(malloc.o)
 .debug_str     0x00000321        0x0 c:/program files/microchip/xc32/v4.20/bin/bin/../../lib/gcc/pic32c/8.3.1/../../../../pic32c/lib/thumb/v8-m.main+fp/hard\libc-musl.a(expand_heap.o)
 .debug_str     0x00000321        0x0 c:/program files/microchip/xc32/v4.20/bin/bin/../../lib/gcc/pic32c/8.3.1/../../../../pic32c/lib/thumb/v8-m.main+fp/hard\libc-musl.a(__init_stdio.o)
 .debug_str     0x00000321        0x0 c:/program files/microchip/xc32/v4.20/bin/bin/../../lib/gcc/pic32c/8.3.1/../../../../pic32c/lib/thumb/v8-m.main+fp/hard\libc-musl.a(__out.o)
 .debug_str     0x00000321        0x0 c:/program files/microchip/xc32/v4.20/bin/bin/../../lib/gcc/pic32c/8.3.1/../../../../pic32c/lib/thumb/v8-m.main+fp/hard\libc-musl.a(__pop_float.o)
 .debug_str     0x00000321        0x0 c:/program files/microchip/xc32/v4.20/bin/bin/../../lib/gcc/pic32c/8.3.1/../../../../pic32c/lib/thumb/v8-m.main+fp/hard\libc-musl.a(__pop_int.o)
 .debug_str     0x00000321        0x0 c:/program files/microchip/xc32/v4.20/bin/bin/../../lib/gcc/pic32c/8.3.1/../../../../pic32c/lib/thumb/v8-m.main+fp/hard\libc-musl.a(__pop_ptr.o)
 .debug_str     0x00000321       0x20 c:/program files/microchip/xc32/v4.20/bin/bin/../../lib/gcc/pic32c/8.3.1/../../../../pic32c/lib/thumb/v8-m.main+fp/hard\libc-musl.a(__printf_core.o)
 .debug_str     0x00000341       0x11 c:/program files/microchip/xc32/v4.20/bin/bin/../../lib/gcc/pic32c/8.3.1/../../../../pic32c/lib/thumb/v8-m.main+fp/hard\libc-musl.a(__stderr.o)
 .debug_str     0x00000352        0x0 c:/program files/microchip/xc32/v4.20/bin/bin/../../lib/gcc/pic32c/8.3.1/../../../../pic32c/lib/thumb/v8-m.main+fp/hard\libc-musl.a(__stdio_close.o)
 .debug_str     0x00000352        0xa c:/program files/microchip/xc32/v4.20/bin/bin/../../lib/gcc/pic32c/8.3.1/../../../../pic32c/lib/thumb/v8-m.main+fp/hard\libc-musl.a(__stdio_write.o)
 .debug_str     0x0000035c       0x11 c:/program files/microchip/xc32/v4.20/bin/bin/../../lib/gcc/pic32c/8.3.1/../../../../pic32c/lib/thumb/v8-m.main+fp/hard\libc-musl.a(__stdout.o)
 .debug_str     0x0000036d        0x0 c:/program files/microchip/xc32/v4.20/bin/bin/../../lib/gcc/pic32c/8.3.1/../../../../pic32c/lib/thumb/v8-m.main+fp/hard\libc-musl.a(__towrite.o)
 .debug_str     0x0000036d        0x0 c:/program files/microchip/xc32/v4.20/bin/bin/../../lib/gcc/pic32c/8.3.1/../../../../pic32c/lib/thumb/v8-m.main+fp/hard\libc-musl.a(atoi.o)
 .debug_str     0x0000036d        0x0 c:/program files/microchip/xc32/v4.20/bin/bin/../../lib/gcc/pic32c/8.3.1/../../../../pic32c/lib/thumb/v8-m.main+fp/hard\libc-musl.a(memcpy.o)
 .debug_str     0x0000036d        0x0 c:/program files/microchip/xc32/v4.20/bin/bin/../../lib/gcc/pic32c/8.3.1/../../../../pic32c/lib/thumb/v8-m.main+fp/hard\libc-musl.a(memset.o)
 .debug_str     0x0000036d        0x0 c:/program files/microchip/xc32/v4.20/bin/bin/../../lib/gcc/pic32c/8.3.1/../../../../pic32c/lib/thumb/v8-m.main+fp/hard\libc-musl.a(writev.o)
 .debug_str     0x0000036d        0x0 c:/program files/microchip/xc32/v4.20/bin/bin/../../lib/gcc/pic32c/8.3.1/../../../../pic32c/lib/thumb/v8-m.main+fp/hard\libc-musl.a(tolower.o)
 .debug_str     0x0000036d        0x0 c:/program files/microchip/xc32/v4.20/bin/bin/../../lib/gcc/pic32c/8.3.1/../../../../pic32c/lib/thumb/v8-m.main+fp/hard\libc-musl.a(__errno_location.o)
 .debug_str     0x0000036d        0x0 c:/program files/microchip/xc32/v4.20/bin/bin/../../lib/gcc/pic32c/8.3.1/../../../../pic32c/lib/thumb/v8-m.main+fp/hard\libc-musl.a(__fmt_a.o)
 .debug_str     0x0000036d        0x0 c:/program files/microchip/xc32/v4.20/bin/bin/../../lib/gcc/pic32c/8.3.1/../../../../pic32c/lib/thumb/v8-m.main+fp/hard\libc-musl.a(__fmt_d.o)
 .debug_str     0x0000036d        0x0 c:/program files/microchip/xc32/v4.20/bin/bin/../../lib/gcc/pic32c/8.3.1/../../../../pic32c/lib/thumb/v8-m.main+fp/hard\libc-musl.a(__fmt_fp.o)