Archive member included to satisfy reference by file (symbol)

c:/program files/microchip/xc32/v4.20/bin/bin/../../lib/gcc/pic32c/8.3.1/../../../../pic32c/lib/thumb/v8-m.main+fp/hard\libpic32c.a(data_init_wrapper.o)
                              build/pic32ck_gc01_cult/production/_ext/2000113765/startup_xc32.o (__pic32c_data_initialization)
c:/program files/microchip/xc32/v4.20/bin/bin/../../lib/gcc/pic32c/8.3.1/../../../../pic32c/lib/thumb/v8-m.main+fp/hard\libpic32c.a(data_init_0_1.o)
                              c:/program files/microchip/xc32/v4.20/bin/bin/../../lib/gcc/pic32c/8.3.1/../../../../pic32c/lib/thumb/v8-m.main+fp/hard\libpic32c.a(data_init_wrapper.o) (__pic32c_data_initialization_impl)
c:/program files/microchip/xc32/v4.20/bin/bin/../../lib/gcc/pic32c/8.3.1/../../../../pic32c/lib/thumb/v8-m.main+fp/hard\libc-musl.a(__libc_start_main.o)
                              build/pic32ck_gc01_cult/production/_ext/2000113765/startup_xc32.o (__libc_init_array)
c:/program files/microchip/xc32/v4.20/bin/bin/../../lib/gcc/pic32c/8.3.1/../../../../pic32c/lib/thumb/v8-m.main+fp/hard\libc-musl.a(libc.o)
                              c:/program files/microchip/xc32/v4.20/bin/bin/../../lib/gcc/pic32c/8.3.1/../../../../pic32c/lib/thumb/v8-m.main+fp/hard\libc-musl.a(__libc_start_main.o) (__progname_full)
c:/program files/microchip/xc32/v4.20/bin/bin/../../lib/gcc/pic32c/8.3.1/../../../../pic32c/lib/thumb/v8-m.main+fp/hard\libc-musl.a(memcmp.o)
                              build/pic32ck_gc01_cult/production/_ext/1360937237/main.o (memcmp)
c:/program files/microchip/xc32/v4.20/bin/bin/../../lib/gcc/pic32c/8.3.1/../../../../pic32c/lib/thumb/v8-m.main+fp/hard\libc-musl.a(__environ.o)
                              c:/program files/microchip/xc32/v4.20/bin/bin/../../lib/gcc/pic32c/8.3.1/../../../../pic32c/lib/thumb/v8-m.main+fp/hard\libc-musl.a(__libc_start_main.o) (__environ)

Microchip PIC32 Memory-Usage Report

ROM Program-Memory Usage
section                    address  length [bytes]      (dec)  Description
-------                 ----------  -------------------------  -----------
.text                    0xc000000           0x20          32  App's exec code 
.text.SERCOM4_I2C_Inter  0xc000020          0x1c4         452   
.text.main               0xc0001e4          0x154         340   
.text.CLOCK_Initialize   0xc000338           0x98         152   
.dinit                   0xc0003d0           0x70         112   
.text.Reset_Handler      0xc000440           0x68         104   
.text.SERCOM4_I2C_Initi  0xc0004a8           0x64         100   
.text.__pic32c_data_ini  0xc00050c           0x60          96   
.text.NVIC_Initialize    0xc00056c           0x5c          92   
.text.__libc_start_init  0xc0005c8           0x5c          92   
.text.SERCOM4_I2C_Initi  0xc000624           0x4c          76   
.text                    0xc000670           0x40          64  App's exec code 
.text.SERCOM4_I2C_Write  0xc0006b0           0x34          52   
.text.SERCOM4_I2C_Write  0xc0006e4           0x34          52   
.text.PORT_Initialize    0xc000718           0x32          50   
.text.SYS_Initialize     0xc00074a           0x1c          28   
.text.APP_I2CCallback    0xc000766           0x1c          28   
.text.memcmp             0xc000782           0x1c          28   
.text.EVSYS_Initialize   0xc00079e            0x2           2   
.text.PM_Initialize      0xc0007a0           0x10          16   
.text.SERCOM4_I2C_Callb  0xc0007b0            0xc          12   
.text.SERCOM4_I2C_Error  0xc0007bc            0xc          12   
.text.__pic32c_data_ini  0xc0007c8            0x4           4   
.text.NonMaskableInt_Ha  0xc0007cc            0x2           2   
.text.HardFault_Handler  0xc0007ce            0x2           2   
.text.Dummy_Handler      0xc0007d0            0x2           2   
.text.Dummy_App_Func     0xc0007d2            0x2           2   
.text.__dummy            0xc0007d4            0x2           2   
      Total ROM used  :       0x7d6        2006  0.1% of 0x200000
        --------------------------------------------------------------------------
         Total Program Memory used  :       0x7d6        2006  0.1% of 0x200000
        --------------------------------------------------------------------------


RAM Data-Memory Usage
section                    address  length [bytes]      (dec)  Description
-------                 ----------  -------------------------  -----------
.bss                             0           0x50          80  Uninitialized data 
.bss.sercom4I2CObj            0x50           0x2c          44   
.bss                          0x7c           0x1c          28  Uninitialized data 
.bss.testRxData               0x98            0x4           4   
.bss                          0x9c            0x8           8  Uninitialized data 
.data.testTxData              0xa4            0x6           6   
         Total RAM used  :        0xaa         170  4.2% of 0x1000
[...]
Memory Configuration

Name             Origin             Length             Attributes
boot_rom         0x08000000         0x00020000         xrl
rom              0x0c000000         0x00200000         xrl
ram              0x00000000         0x00001000         xw !r
*default*        0x00000000         0xffffffff

Linker script and memory map

LOAD c:/program files/microchip/xc32/v4.20/bin/bin/../../lib/gcc/pic32c/8.3.1/thumb/v8-m.main+fp/hard/crti.o
LOAD c:/program files/microchip/xc32/v4.20/bin/bin/../../lib/gcc/pic32c/8.3.1/thumb/v8-m.main+fp/hard/crtbegin.o
LOAD build/pic32ck_gc01_cult/production/_ext/2123560367/plib_clock.o
LOAD build/pic32ck_gc01_cult/production/_ext/207049865/plib_cmcc.o
LOAD build/pic32ck_gc01_cult/production/_ext/2125709853/plib_evsys.o
LOAD build/pic32ck_gc01_cult/production/_ext/207386401/plib_nvic.o
LOAD build/pic32ck_gc01_cult/production/_ext/44908540/plib_pm.o
LOAD build/pic32ck_gc01_cult/production/_ext/207439552/plib_port.o
LOAD build/pic32ck_gc01_cult/production/_ext/1664426122/plib_sercom4_i2c_master.o
LOAD build/pic32ck_gc01_cult/production/_ext/1821514987/xc32_monitor.o
LOAD build/pic32ck_gc01_cult/production/_ext/2000113765/libc_syscalls.o
LOAD build/pic32ck_gc01_cult/production/_ext/2000113765/exceptions.o
LOAD build/pic32ck_gc01_cult/production/_ext/2000113765/interrupts.o
LOAD build/pic32ck_gc01_cult/production/_ext/2000113765/startup_xc32.o
LOAD build/pic32ck_gc01_cult/production/_ext/2000113765/initialization.o
LOAD build/pic32ck_gc01_cult/production/_ext/1360937237/main.o
                0x00000001                __MPLAB_BUILD = 0x1
                0x0c200000                __rom_end = (ORIGIN (rom) + LENGTH (rom))
                0x00001000                __ram_end = (ORIGIN (ram) + LENGTH (ram))

.vectors        0x08000000      0x2ac
                0x08000000                . = ALIGN (0x4)
                0x08000000                _sfixed = .
 *(.vectors .vectors.* .vectors_default .vectors_default.*)
 .vectors.exception_table
                0x08000000      0x2ac build/pic32ck_gc01_cult/production/_ext/2000113765/interrupts.o
                0x08000000                exception_table
 *(.isr_vector)
 *(.reset*)
 *(.after_vectors)

.text           0x0c000000       0x20
                0x0c000000                . = ALIGN (0x4)
 *(.glue_7t)
 .glue_7t       0x0c000000        0x0 linker stubs
 *(.glue_7)
 .glue_7        0x0c000000        0x0 linker stubs
 *(.gnu.linkonce.r.*)
 *(.ARM.extab* .gnu.linkonce.armextab.*)
                0x0c000000                . = ALIGN (0x4)
 *(.init)
 .init          0x0c000000        0x4 c:/program files/microchip/xc32/v4.20/bin/bin/../../lib/gcc/pic32c/8.3.1/thumb/v8-m.main+fp/hard/crti.o
                0x0c000000                _init
 .init          0x0c000004        0x8 c:/program files/microchip/xc32/v4.20/bin/bin/../../lib/gcc/pic32c/8.3.1/thumb/v8-m.main+fp/hard/crtn.o
                0x0c00000c                . = ALIGN (0x4)
                0x0c00000c                __preinit_array_start = .
 *(.preinit_array)
                0x0c00000c                __preinit_array_end = .
                0x0c00000c                . = ALIGN (0x4)
                0x0c00000c                __init_array_start = .
 *(SORT_BY_NAME(.init_array.*))
 *(.init_array)
 .init_array    0x0c00000c        0x4 c:/program files/microchip/xc32/v4.20/bin/bin/../../lib/gcc/pic32c/8.3.1/thumb/v8-m.main+fp/hard/crtbegin.o
                0x0c000010                __init_array_end = .
                0x0c000010                . = ALIGN (0x4)
 *crtbegin.o(.ctors)
 *(EXCLUDE_FILE(*crtend.o) .ctors)
 *(SORT_BY_NAME(.ctors.*))
 *crtend.o(.ctors)
                0x0c000010                . = ALIGN (0x4)
 *(.fini)
 .fini          0x0c000010        0x4 c:/program files/microchip/xc32/v4.20/bin/bin/../../lib/gcc/pic32c/8.3.1/thumb/v8-m.main+fp/hard/crti.o
                0x0c000010                _fini
 .fini          0x0c000014        0x8 c:/program files/microchip/xc32/v4.20/bin/bin/../../lib/gcc/pic32c/8.3.1/thumb/v8-m.main+fp/hard/crtn.o
                0x0c00001c                . = ALIGN (0x4)
                0x0c00001c                __fini_array_start = .
 *(.fini_array)
 .fini_array    0x0c00001c        0x4 c:/program files/microchip/xc32/v4.20/bin/bin/../../lib/gcc/pic32c/8.3.1/thumb/v8-m.main+fp/hard/crtbegin.o
 *(SORT_BY_NAME(.fini_array.*))
                0x0c000020                __fini_array_end = .
 *crtbegin.o(.dtors)
 *(EXCLUDE_FILE(*crtend.o) .dtors)
 *(SORT_BY_NAME(.dtors.*))
 *crtend.o(.dtors)
                0x0c000020                . = ALIGN (0x4)
                0x0c000020                _efixed = .
                [!provide]                PROVIDE (__exidx_start = .)

.ARM.exidx
 *(.ARM.exidx* .gnu.linkonce.armexidx.*)
                [!provide]                PROVIDE (__exidx_end = .)
                0x0c000020                . = ALIGN (0x4)
                0x0c000020                _etext = .

.bss            0x00000000        0x0
                0x00000000                . = ALIGN (0x4)
                0x00000000                __bss_start__ = .
                0x00000000                _sbss = .
                0x00000000                _szero = .
 *(COMMON)
                0x00000000                . = ALIGN (0x4)
                0x00000000                __bss_end__ = .
                0x00000000                _ebss = .
                0x00000000                _ezero = .
                0x00000000                . = ALIGN (0x4)
                0x00000000                _end = .
                0x00000fff                _ram_end_ = ((ORIGIN (ram) + LENGTH (ram)) - 0x1)
                0x00000200                _min_heap_size = 0x200
START GROUP
LOAD c:/program files/microchip/xc32/v4.20/bin/bin/../../lib/gcc/pic32c/8.3.1/../../../../pic32c/lib/thumb/v8-m.main+fp/hard\libpic32c.a
LOAD c:/program files/microchip/xc32/v4.20/bin/bin/../../lib/gcc/pic32c/8.3.1/../../../../pic32c/lib/thumb/v8-m.main+fp/hard\libm-emfloat.a
LOAD c:/program files/microchip/xc32/v4.20/bin/bin/../../lib/gcc/pic32c/8.3.1/../../../../pic32c/lib/thumb/v8-m.main+fp/hard\libc-musl.a
LOAD c:/program files/microchip/xc32/v4.20/bin/bin/../../lib/gcc/pic32c/8.3.1/../../../../pic32c/lib/thumb/v8-m.main+fp/hard\libm-emfloat.a
LOAD c:/program files/microchip/xc32/v4.20/bin/bin/../../lib/gcc/pic32c/8.3.1/thumb/v8-m.main+fp/hard\libgcc.a
END GROUP
LOAD c:/program files/microchip/xc32/v4.20/bin/bin/../../lib/gcc/pic32c/8.3.1/thumb/v8-m.main+fp/hard/crtend.o
LOAD c:/program files/microchip/xc32/v4.20/bin/bin/../../lib/gcc/pic32c/8.3.1/thumb/v8-m.main+fp/hard/crtn.o
OUTPUT(dist/pic32ck_gc01_cult/production/pic32ck_gc01_cult.X.production.elf elf32-littlearm)
LOAD stack
LOAD data_init

.ARM.attributes
                0x00000000       0x38
 .ARM.attributes
                0x00000000       0x22 c:/program files/microchip/xc32/v4.20/bin/bin/../../lib/gcc/pic32c/8.3.1/thumb/v8-m.main+fp/hard/crti.o
 .ARM.attributes
                0x00000022       0x38 c:/program files/microchip/xc32/v4.20/bin/bin/../../lib/gcc/pic32c/8.3.1/thumb/v8-m.main+fp/hard/crtbegin.o
 .ARM.attributes
                0x0000005a       0x38 build/pic32ck_gc01_cult/production/_ext/2123560367/plib_clock.o
 .ARM.attributes
                0x00000092       0x38 build/pic32ck_gc01_cult/production/_ext/2125709853/plib_evsys.o
 .ARM.attributes
                0x000000ca       0x38 build/pic32ck_gc01_cult/production/_ext/207386401/plib_nvic.o
 .ARM.attributes
                0x00000102       0x38 build/pic32ck_gc01_cult/production/_ext/44908540/plib_pm.o
 .ARM.attributes
                0x0000013a       0x38 build/pic32ck_gc01_cult/production/_ext/207439552/plib_port.o
 .ARM.attributes
                0x00000172       0x38 build/pic32ck_gc01_cult/production/_ext/1664426122/plib_sercom4_i2c_master.o
 .ARM.attributes
                0x000001aa       0x38 build/pic32ck_gc01_cult/production/_ext/2000113765/exceptions.o
 .ARM.attributes
                0x000001e2       0x38 build/pic32ck_gc01_cult/production/_ext/2000113765/interrupts.o
 .ARM.attributes
                0x0000021a       0x38 build/pic32ck_gc01_cult/production/_ext/2000113765/startup_xc32.o
 .ARM.attributes
                0x00000252       0x38 build/pic32ck_gc01_cult/production/_ext/2000113765/initialization.o
 .ARM.attributes
                0x0000028a       0x38 build/pic32ck_gc01_cult/production/_ext/1360937237/main.o
 .ARM.attributes
                0x000002c2       0x38 c:/program files/microchip/xc32/v4.20/bin/bin/../../lib/gcc/pic32c/8.3.1/../../../../pic32c/lib/thumb/v8-m.main+fp/hard\libpic32c.a(data_init_wrapper.o)
 .ARM.attributes
                0x000002fa       0x38 c:/program files/microchip/xc32/v4.20/bin/bin/../../lib/gcc/pic32c/8.3.1/../../../../pic32c/lib/thumb/v8-m.main+fp/hard\libpic32c.a(data_init_0_1.o)
 .ARM.attributes
                0x00000332       0x3a c:/program files/microchip/xc32/v4.20/bin/bin/../../lib/gcc/pic32c/8.3.1/../../../../pic32c/lib/thumb/v8-m.main+fp/hard\libc-musl.a(__libc_start_main.o)
 .ARM.attributes
                0x0000036c       0x38 c:/program files/microchip/xc32/v4.20/bin/bin/../../lib/gcc/pic32c/8.3.1/../../../../pic32c/lib/thumb/v8-m.main+fp/hard\libc-musl.a(libc.o)
 .ARM.attributes
                0x000003a4       0x3a c:/program files/microchip/xc32/v4.20/bin/bin/../../lib/gcc/pic32c/8.3.1/../../../../pic32c/lib/thumb/v8-m.main+fp/hard\libc-musl.a(memcmp.o)
 .ARM.attributes
                0x000003de       0x38 c:/program files/microchip/xc32/v4.20/bin/bin/../../lib/gcc/pic32c/8.3.1/../../../../pic32c/lib/thumb/v8-m.main+fp/hard\libc-musl.a(__environ.o)
 .ARM.attributes
                0x00000416       0x22 c:/program files/microchip/xc32/v4.20/bin/bin/../../lib/gcc/pic32c/8.3.1/thumb/v8-m.main+fp/hard/crtn.o

.comment        0x00000000       0x2b
 .comment       0x00000000       0x2b c:/program files/microchip/xc32/v4.20/bin/bin/../../lib/gcc/pic32c/8.3.1/thumb/v8-m.main+fp/hard/crtbegin.o
                                 0x2c (size before relaxing)
 .comment       0x0000002b       0x2c build/pic32ck_gc01_cult/production/_ext/2123560367/plib_clock.o
 .comment       0x0000002b       0x2c build/pic32ck_gc01_cult/production/_ext/2125709853/plib_evsys.o
 .comment       0x0000002b       0x2c build/pic32ck_gc01_cult/production/_ext/207386401/plib_nvic.o
 .comment       0x0000002b       0x2c build/pic32ck_gc01_cult/production/_ext/44908540/plib_pm.o
 .comment       0x0000002b       0x2c build/pic32ck_gc01_cult/production/_ext/207439552/plib_port.o
 .comment       0x0000002b       0x2c build/pic32ck_gc01_cult/production/_ext/1664426122/plib_sercom4_i2c_master.o
 .comment       0x0000002b       0x2c build/pic32ck_gc01_cult/production/_ext/2000113765/exceptions.o
 .comment       0x0000002b       0x2c build/pic32ck_gc01_cult/production/_ext/2000113765/interrupts.o
 .comment       0x0000002b       0x2c build/pic32ck_gc01_cult/production/_ext/2000113765/startup_xc32.o
 .comment       0x0000002b       0x2c build/pic32ck_gc01_cult/production/_ext/2000113765/initialization.o
 .comment       0x0000002b       0x2c build/pic32ck_gc01_cult/production/_ext/1360937237/main.o
 .comment       0x0000002b       0x2c c:/program files/microchip/xc32/v4.20/bin/bin/../../lib/gcc/pic32c/8.3.1/../../../../pic32c/lib/thumb/v8-m.main+fp/hard\libpic32c.a(data_init_wrapper.o)
 .comment       0x0000002b       0x2c c:/program files/microchip/xc32/v4.20/bin/bin/../../lib/gcc/pic32c/8.3.1/../../../../pic32c/lib/thumb/v8-m.main+fp/hard\libpic32c.a(data_init_0_1.o)
 .comment       0x0000002b       0x2c c:/program files/microchip/xc32/v4.20/bin/bin/../../lib/gcc/pic32c/8.3.1/../../../../pic32c/lib/thumb/v8-m.main+fp/hard\libc-musl.a(__libc_start_main.o)
 .comment       0x0000002b       0x2c c:/program files/microchip/xc32/v4.20/bin/bin/../../lib/gcc/pic32c/8.3.1/../../../../pic32c/lib/thumb/v8-m.main+fp/hard\libc-musl.a(libc.o)
 .comment       0x0000002b       0x2c c:/program files/microchip/xc32/v4.20/bin/bin/../../lib/gcc/pic32c/8.3.1/../../../../pic32c/lib/thumb/v8-m.main+fp/hard\libc-musl.a(memcmp.o)
 .comment       0x0000002b       0x2c c:/program files/microchip/xc32/v4.20/bin/bin/../../lib/gcc/pic32c/8.3.1/../../../../pic32c/lib/thumb/v8-m.main+fp/hard\libc-musl.a(__environ.o)

.debug_info     0x00000000     0xa1d6
 .debug_info    0x00000000      0xb53 build/pic32ck_gc01_cult/production/_ext/2123560367/plib_clock.o
 .debug_info    0x00000b53      0x358 build/pic32ck_gc01_cult/production/_ext/2125709853/plib_evsys.o
 .debug_info    0x00000eab     0x193b build/pic32ck_gc01_cult/production/_ext/207386401/plib_nvic.o
 .debug_info    0x000027e6      0x58c build/pic32ck_gc01_cult/production/_ext/44908540/plib_pm.o
 .debug_info    0x00002d72     0x1154 build/pic32ck_gc01_cult/production/_ext/207439552/plib_port.o
 .debug_info    0x00003ec6     0x185e build/pic32ck_gc01_cult/production/_ext/1664426122/plib_sercom4_i2c_master.o
 .debug_info    0x00005724      0x37c build/pic32ck_gc01_cult/production/_ext/2000113765/exceptions.o
 .debug_info    0x00005aa0     0x197b build/pic32ck_gc01_cult/production/_ext/2000113765/interrupts.o
 .debug_info    0x0000741b      0x955 build/pic32ck_gc01_cult/production/_ext/2000113765/startup_xc32.o
 .debug_info    0x00007d70      0x3fc build/pic32ck_gc01_cult/production/_ext/2000113765/initialization.o
 .debug_info    0x0000816c      0xa0a build/pic32ck_gc01_cult/production/_ext/1360937237/main.o
 .debug_info    0x00008b76      0x2aa c:/program files/microchip/xc32/v4.20/bin/bin/../../lib/gcc/pic32c/8.3.1/../../../../pic32c/lib/thumb/v8-m.main+fp/hard\libpic32c.a(data_init_wrapper.o)
 .debug_info    0x00008e20      0x2ad c:/program files/microchip/xc32/v4.20/bin/bin/../../lib/gcc/pic32c/8.3.1/../../../../pic32c/lib/thumb/v8-m.main+fp/hard\libpic32c.a(data_init_0_1.o)
 .debug_info    0x000090cd      0x62b c:/program files/microchip/xc32/v4.20/bin/bin/../../lib/gcc/pic32c/8.3.1/../../../../pic32c/lib/thumb/v8-m.main+fp/hard\libc-musl.a(__libc_start_main.o)
 .debug_info    0x000096f8      0x53d c:/program files/microchip/xc32/v4.20/bin/bin/../../lib/gcc/pic32c/8.3.1/../../../../pic32c/lib/thumb/v8-m.main+fp/hard\libc-musl.a(libc.o)
 .debug_info    0x00009c35      0x2ea c:/program files/microchip/xc32/v4.20/bin/bin/../../lib/gcc/pic32c/8.3.1/../../../../pic32c/lib/thumb/v8-m.main+fp/hard\libc-musl.a(memcmp.o)
 .debug_info    0x00009f1f      0x2b7 c:/program files/microchip/xc32/v4.20/bin/bin/../../lib/gcc/pic32c/8.3.1/../../../../pic32c/lib/thumb/v8-m.main+fp/hard\libc-musl.a(__environ.o)

.debug_abbrev   0x00000000     0x114f
 .debug_abbrev  0x00000000      0x111 build/pic32ck_gc01_cult/production/_ext/2123560367/plib_clock.o
 .debug_abbrev  0x00000111       0x3b build/pic32ck_gc01_cult/production/_ext/2125709853/plib_evsys.o
 .debug_abbrev  0x0000014c      0x1e4 build/pic32ck_gc01_cult/production/_ext/207386401/plib_nvic.o
 .debug_abbrev  0x00000330       0x8a build/pic32ck_gc01_cult/production/_ext/44908540/plib_pm.o
 .debug_abbrev  0x000003ba      0x1d6 build/pic32ck_gc01_cult/production/_ext/207439552/plib_port.o
 .debug_abbrev  0x00000590      0x3eb build/pic32ck_gc01_cult/production/_ext/1664426122/plib_sercom4_i2c_master.o
 .debug_abbrev  0x0000097b       0x3e build/pic32ck_gc01_cult/production/_ext/2000113765/exceptions.o
 .debug_abbrev  0x000009b9       0xb5 build/pic32ck_gc01_cult/production/_ext/2000113765/interrupts.o
 .debug_abbrev  0x00000a6e      0x1aa build/pic32ck_gc01_cult/production/_ext/2000113765/startup_xc32.o
 .debug_abbrev  0x00000c18       0x8b build/pic32ck_gc01_cult/production/_ext/2000113765/initialization.o
 .debug_abbrev  0x00000ca3      0x1a2 build/pic32ck_gc01_cult/production/_ext/1360937237/main.o
 .debug_abbrev  0x00000e45       0x2b c:/program files/microchip/xc32/v4.20/bin/bin/../../lib/gcc/pic32c/8.3.1/../../../../pic32c/lib/thumb/v8-m.main+fp/hard\libpic32c.a(data_init_wrapper.o)
 .debug_abbrev  0x00000e70       0x2e c:/program files/microchip/xc32/v4.20/bin/bin/../../lib/gcc/pic32c/8.3.1/../../../../pic32c/lib/thumb/v8-m.main+fp/hard\libpic32c.a(data_init_0_1.o)
 .debug_abbrev  0x00000e9e      0x117 c:/program files/microchip/xc32/v4.20/bin/bin/../../lib/gcc/pic32c/8.3.1/../../../../pic32c/lib/thumb/v8-m.main+fp/hard\libc-musl.a(__libc_start_main.o)
 .debug_abbrev  0x00000fb5       0xb8 c:/program files/microchip/xc32/v4.20/bin/bin/../../lib/gcc/pic32c/8.3.1/../../../../pic32c/lib/thumb/v8-m.main+fp/hard\libc-musl.a(libc.o)
 .debug_abbrev  0x0000106d       0x8b c:/program files/microchip/xc32/v4.20/bin/bin/../../lib/gcc/pic32c/8.3.1/../../../../pic32c/lib/thumb/v8-m.main+fp/hard\libc-musl.a(memcmp.o)
 .debug_abbrev  0x000010f8       0x57 c:/program files/microchip/xc32/v4.20/bin/bin/../../lib/gcc/pic32c/8.3.1/../../../../pic32c/lib/thumb/v8-m.main+fp/hard\libc-musl.a(__environ.o)

.debug_aranges  0x00000000      0x320
 .debug_aranges
                0x00000000       0x20 build/pic32ck_gc01_cult/production/_ext/2123560367/plib_clock.o
 .debug_aranges
                0x00000020       0x20 build/pic32ck_gc01_cult/production/_ext/2125709853/plib_evsys.o
 .debug_aranges
                0x00000040       0x38 build/pic32ck_gc01_cult/production/_ext/207386401/plib_nvic.o
 .debug_aranges
                0x00000078       0x58 build/pic32ck_gc01_cult/production/_ext/44908540/plib_pm.o
 .debug_aranges
                0x000000d0       0x70 build/pic32ck_gc01_cult/production/_ext/207439552/plib_port.o
 .debug_aranges
                0x00000140       0x70 build/pic32ck_gc01_cult/production/_ext/1664426122/plib_sercom4_i2c_master.o
 .debug_aranges
                0x000001b0       0x28 build/pic32ck_gc01_cult/production/_ext/2000113765/exceptions.o
 .debug_aranges
                0x000001d8       0x20 build/pic32ck_gc01_cult/production/_ext/2000113765/interrupts.o
 .debug_aranges
                0x000001f8       0x28 build/pic32ck_gc01_cult/production/_ext/2000113765/startup_xc32.o
 .debug_aranges
                0x00000220       0x20 build/pic32ck_gc01_cult/production/_ext/2000113765/initialization.o
 .debug_aranges
                0x00000240       0x28 build/pic32ck_gc01_cult/production/_ext/1360937237/main.o
 .debug_aranges
                0x00000268       0x20 c:/program files/microchip/xc32/v4.20/bin/bin/../../lib/gcc/pic32c/8.3.1/../../../../pic32c/lib/thumb/v8-m.main+fp/hard\libpic32c.a(data_init_wrapper.o)
 .debug_aranges
                0x00000288       0x20 c:/program files/microchip/xc32/v4.20/bin/bin/../../lib/gcc/pic32c/8.3.1/../../../../pic32c/lib/thumb/v8-m.main+fp/hard\libpic32c.a(data_init_0_1.o)
 .debug_aranges
                0x000002a8       0x28 c:/program files/microchip/xc32/v4.20/bin/bin/../../lib/gcc/pic32c/8.3.1/../../../../pic32c/lib/thumb/v8-m.main+fp/hard\libc-musl.a(__libc_start_main.o)
 .debug_aranges
                0x000002d0       0x18 c:/program files/microchip/xc32/v4.20/bin/bin/../../lib/gcc/pic32c/8.3.1/../../../../pic32c/lib/thumb/v8-m.main+fp/hard\libc-musl.a(libc.o)
 .debug_aranges
                0x000002e8       0x20 c:/program files/microchip/xc32/v4.20/bin/bin/../../lib/gcc/pic32c/8.3.1/../../../../pic32c/lib/thumb/v8-m.main+fp/hard\libc-musl.a(memcmp.o)
 .debug_aranges
                0x00000308       0x18 c:/program files/microchip/xc32/v4.20/bin/bin/../../lib/gcc/pic32c/8.3.1/../../../../pic32c/lib/thumb/v8-m.main+fp/hard\libc-musl.a(__environ.o)

.debug_ranges   0x00000000      0x2a8
 .debug_ranges  0x00000000       0x10 build/pic32ck_gc01_cult/production/_ext/2123560367/plib_clock.o
 .debug_ranges  0x00000010       0x10 build/pic32ck_gc01_cult/production/_ext/2125709853/plib_evsys.o
 .debug_ranges  0x00000020       0x28 build/pic32ck_gc01_cult/production/_ext/207386401/plib_nvic.o
 .debug_ranges  0x00000048       0x48 build/pic32ck_gc01_cult/production/_ext/44908540/plib_pm.o
 .debug_ranges  0x00000090       0x60 build/pic32ck_gc01_cult/production/_ext/207439552/plib_port.o
 .debug_ranges  0x000000f0       0xe0 build/pic32ck_gc01_cult/production/_ext/1664426122/plib_sercom4_i2c_master.o
 .debug_ranges  0x000001d0       0x18 build/pic32ck_gc01_cult/production/_ext/2000113765/exceptions.o
 .debug_ranges  0x000001e8       0x10 build/pic32ck_gc01_cult/production/_ext/2000113765/interrupts.o
 .debug_ranges  0x000001f8       0x18 build/pic32ck_gc01_cult/production/_ext/2000113765/startup_xc32.o
 .debug_ranges  0x00000210       0x10 build/pic32ck_gc01_cult/production/_ext/2000113765/initialization.o
 .debug_ranges  0x00000220       0x18 build/pic32ck_gc01_cult/production/_ext/1360937237/main.o
 .debug_ranges  0x00000238       0x10 c:/program files/microchip/xc32/v4.20/bin/bin/../../lib/gcc/pic32c/8.3.1/../../../../pic32c/lib/thumb/v8-m.main+fp/hard\libpic32c.a(data_init_wrapper.o)
 .debug_ranges  0x00000248       0x10 c:/program files/microchip/xc32/v4.20/bin/bin/../../lib/gcc/pic32c/8.3.1/../../../../pic32c/lib/thumb/v8-m.main+fp/hard\libpic32c.a(data_init_0_1.o)
 .debug_ranges  0x00000258       0x40 c:/program files/microchip/xc32/v4.20/bin/bin/../../lib/gcc/pic32c/8.3.1/../../../../pic32c/lib/thumb/v8-m.main+fp/hard\libc-musl.a(__libc_start_main.o)
 .debug_ranges  0x00000298       0x10 c:/program files/microchip/xc32/v4.20/bin/bin/../../lib/gcc/pic32c/8.3.1/../../../../pic32c/lib/thumb/v8-m.main+fp/hard\libc-musl.a(memcmp.o)

.debug_line     0x00000000     0x2168
 .debug_line    0x00000000      0x1ff build/pic32ck_gc01_cult/production/_ext/2123560367/plib_clock.o
 .debug_line    0x000001ff       0x70 build/pic32ck_gc01_cult/production/_ext/2125709853/plib_evsys.o
 .debug_line    0x0000026f      0x3ff build/pic32ck_gc01_cult/production/_ext/207386401/plib_nvic.o
 .debug_line    0x0000066e      0x214 build/pic32ck_gc01_cult/production/_ext/44908540/plib_pm.o
 .debug_line    0x00000882      0x2b9 build/pic32ck_gc01_cult/production/_ext/207439552/plib_port.o
 .debug_line    0x00000b3b      0x7ef build/pic32ck_gc01_cult/production/_ext/1664426122/plib_sercom4_i2c_master.o
 .debug_line    0x0000132a       0x78 build/pic32ck_gc01_cult/production/_ext/2000113765/exceptions.o
 .debug_line    0x000013a2       0xc4 build/pic32ck_gc01_cult/production/_ext/2000113765/interrupts.o
 .debug_line    0x00001466      0x1e9 build/pic32ck_gc01_cult/production/_ext/2000113765/startup_xc32.o
 .debug_line    0x0000164f      0x207 build/pic32ck_gc01_cult/production/_ext/2000113765/initialization.o
 .debug_line    0x00001856      0x2ff build/pic32ck_gc01_cult/production/_ext/1360937237/main.o
 .debug_line    0x00001b55       0xa8 c:/program files/microchip/xc32/v4.20/bin/bin/../../lib/gcc/pic32c/8.3.1/../../../../pic32c/lib/thumb/v8-m.main+fp/hard\libpic32c.a(data_init_wrapper.o)
 .debug_line    0x00001bfd       0xf8 c:/program files/microchip/xc32/v4.20/bin/bin/../../lib/gcc/pic32c/8.3.1/../../../../pic32c/lib/thumb/v8-m.main+fp/hard\libpic32c.a(data_init_0_1.o)
 .debug_line    0x00001cf5      0x1cc c:/program files/microchip/xc32/v4.20/bin/bin/../../lib/gcc/pic32c/8.3.1/../../../../pic32c/lib/thumb/v8-m.main+fp/hard\libc-musl.a(__libc_start_main.o)
 .debug_line    0x00001ec1       0xbb c:/program files/microchip/xc32/v4.20/bin/bin/../../lib/gcc/pic32c/8.3.1/../../../../pic32c/lib/thumb/v8-m.main+fp/hard\libc-musl.a(libc.o)
 .debug_line    0x00001f7c       0xe5 c:/program files/microchip/xc32/v4.20/bin/bin/../../lib/gcc/pic32c/8.3.1/../../../../pic32c/lib/thumb/v8-m.main+fp/hard\libc-musl.a(memcmp.o)
 .debug_line    0x00002061      0x107 c:/program files/microchip/xc32/v4.20/bin/bin/../../lib/gcc/pic32c/8.3.1/../../../../pic32c/lib/thumb/v8-m.main+fp/hard\libc-musl.a(__environ.o)

.debug_str      0x00000000      0x2d8
 .debug_str     0x00000000       0x1e build/pic32ck_gc01_cult/production/_ext/2123560367/plib_clock.o
 .debug_str     0x0000001e        0x0 build/pic32ck_gc01_cult/production/_ext/2125709853/plib_evsys.o
 .debug_str     0x0000001e       0x28 build/pic32ck_gc01_cult/production/_ext/207386401/plib_nvic.o
 .debug_str     0x00000046        0x0 build/pic32ck_gc01_cult/production/_ext/44908540/plib_pm.o
 .debug_str     0x00000046        0xb build/pic32ck_gc01_cult/production/_ext/207439552/plib_port.o
 .debug_str     0x00000051      0x179 build/pic32ck_gc01_cult/production/_ext/1664426122/plib_sercom4_i2c_master.o
 .debug_str     0x000001ca        0x0 build/pic32ck_gc01_cult/production/_ext/2000113765/exceptions.o
 .debug_str     0x000001ca        0x0 build/pic32ck_gc01_cult/production/_ext/2000113765/interrupts.o
 .debug_str     0x000001ca       0x2f build/pic32ck_gc01_cult/production/_ext/2000113765/startup_xc32.o
 .debug_str     0x000001f9       0x67 build/pic32ck_gc01_cult/production/_ext/2000113765/initialization.o
 .debug_str     0x00000260       0x78 build/pic32ck_gc01_cult/production/_ext/1360937237/main.o
 .debug_str     0x000002d8        0x0 c:/program files/microchip/xc32/v4.20/bin/bin/../../lib/gcc/pic32c/8.3.1/../../../../pic32c/lib/thumb/v8-m.main+fp/hard\libpic32c.a(data_init_wrapper.o)
 .debug_str     0x000002d8        0x0 c:/program files/microchip/xc32/v4.20/bin/bin/../../lib/gcc/pic32c/8.3.1/../../../../pic32c/lib/thumb/v8-m.main+fp/hard\libpic32c.a(data_init_0_1.o)
 .debug_str     0x000002d8        0x0 c:/program files/microchip/xc32/v4.20/bin/bin/../../lib/gcc/pic32c/8.3.1/../../../../pic32c/lib/thumb/v8-m.main+fp/hard\libc-musl.a(__libc_start_main.o)
 .debug_str     0x000002d8        0x0 c:/program files/microchip/xc32/v4.20/bin/bin/../../lib/gcc/pic32c/8.3.1/../../../../pic32c/lib/thumb/v8-m.main+fp/hard\libc-musl.a(libc.o)
 .debug_str     0x000002d8        0x0 c:/program files/microchip/xc32/v4.20/bin/bin/../../lib/gcc/pic32c/8.3.1/../../../../pic32c/lib/thumb/v8-m.main+fp/hard\libc-musl.a(memcmp.o)
 .debug_str     0x000002d8        0x0 c:/program files/microchip/xc32/v4.20/bin/bin/../../lib/gcc/pic32c/8.3.1/../../../../pic32c/lib/thumb/v8-m.main+fp/hard\libc-musl.a(__environ.o)

.debug_frame    0x00000000      0x478
 .debug_frame   0x00000000       0x20 build/pic32ck_gc01_cult/production/_ext/2123560367/plib_clock.o
 .debug_frame   0x00000020       0x20 build/pic32ck_gc01_cult/production/_ext/2125709853/plib_evsys.o
 .debug_frame   0x00000040       0x50 build/pic32ck_gc01_cult/production/_ext/207386401/plib_nvic.o
 .debug_frame   0x00000090       0x90 build/pic32ck_gc01_cult/production/_ext/44908540/plib_pm.o
 .debug_frame   0x00000120       0xcc build/pic32ck_gc01_cult/production/_ext/207439552/plib_port.o
 .debug_frame   0x000001ec       0xe0 build/pic32ck_gc01_cult/production/_ext/1664426122/plib_sercom4_i2c_master.o
 .debug_frame   0x000002cc       0x30 build/pic32ck_gc01_cult/production/_ext/2000113765/exceptions.o
 .debug_frame   0x000002fc       0x20 build/pic32ck_gc01_cult/production/_ext/2000113765/interrupts.o
 .debug_frame   0x0000031c       0x38 build/pic32ck_gc01_cult/production/_ext/2000113765/startup_xc32.o
 .debug_frame   0x00000354       0x28 build/pic32ck_gc01_cult/production/_ext/2000113765/initialization.o
 .debug_frame   0x0000037c       0x48 build/pic32ck_gc01_cult/production/_ext/1360937237/main.o
 .debug_frame   0x000003c4       0x20 c:/program files/microchip/xc32/v4.20/bin/bin/../../lib/gcc/pic32c/8.3.1/../../../../pic32c/lib/thumb/v8-m.main+fp/hard\libpic32c.a(data_init_wrapper.o)
 .debug_frame   0x000003e4       0x2c c:/program files/microchip/xc32/v4.20/bin/bin/../../lib/gcc/pic32c/8.3.1/../../../../pic32c/lib/thumb/v8-m.main+fp/hard\libpic32c.a(data_init_0_1.o)
 .debug_frame   0x00000410       0x3c c:/program files/microchip/xc32/v4.20/bin/bin/../../lib/gcc/pic32c/8.3.1/../../../../pic32c/lib/thumb/v8-m.main+fp/hard\libc-musl.a(__libc_start_main.o)
 .debug_frame   0x0000044c       0x2c c:/program files/microchip/xc32/v4.20/bin/bin/../../lib/gcc/pic32c/8.3.1/../../../../pic32c/lib/thumb/v8-m.main+fp/hard\libc-musl.a(memcmp.o)

.debug_loc      0x00000000     0x13cc
 .debug_loc     0x00000000      0x20b build/pic32ck_gc01_cult/production/_ext/207386401/plib_nvic.o
 .debug_loc     0x0000020b      0x1bc build/pic32ck_gc01_cult/production/_ext/207439552/plib_port.o
 .debug_loc     0x000003c7      0xd1a build/pic32ck_gc01_cult/production/_ext/1664426122/plib_sercom4_i2c_master.o
 .debug_loc     0x000010e1       0x4a build/pic32ck_gc01_cult/production/_ext/2000113765/startup_xc32.o
 .debug_loc     0x0000112b       0x45 build/pic32ck_gc01_cult/production/_ext/2000113765/initialization.o
 .debug_loc     0x00001170       0xeb build/pic32ck_gc01_cult/production/_ext/1360937237/main.o
 .debug_loc     0x0000125b       0x14 c:/program files/microchip/xc32/v4.20/bin/bin/../../lib/gcc/pic32c/8.3.1/../../../../pic32c/lib/thumb/v8-m.main+fp/hard\libpic32c.a(data_init_0_1.o)
 .debug_loc     0x0000126f       0x51 c:/program files/microchip/xc32/v4.20/bin/bin/../../lib/gcc/pic32c/8.3.1/../../../../pic32c/lib/thumb/v8-m.main+fp/hard\libc-musl.a(__libc_start_main.o)
 .debug_loc     0x000012c0      0x10c c:/program files/microchip/xc32/v4.20/bin/bin/../../lib/gcc/pic32c/8.3.1/../../../../pic32c/lib/thumb/v8-m.main+fp/hard\libc-musl.a(memcmp.o)

.note.GNU-stack
                0x00000000        0x0
 .note.GNU-stack
                0x00000000        0x0 c:/program files/microchip/xc32/v4.20/bin/bin/../../lib/gcc/pic32c/8.3.1/../../../../pic32c/lib/thumb/v8-m.main+fp/hard\libc-musl.a(__libc_start_main.o)
 .note.GNU-stack
                0x00000000        0x0 c:/program files/microchip/xc32/v4.20/bin/bin/../../lib/gcc/pic32c/8.3.1/../../../../pic32c/lib/thumb/v8-m.main+fp/hard\libc-musl.a(libc.o)
 .note.GNU-stack
                0x00000000        0x0 c:/program files/microchip/xc32/v4.20/bin/bin/../../lib/gcc/pic32c/8.3.1/../../../../pic32c/lib/thumb/v8-m.main+fp/hard\libc-musl.a(memcmp.o)
 .note.GNU-stack
                0x00000000        0x0 c:/program files/microchip/xc32/v4.20/bin/bin/../../lib/gcc/pic32c/8.3.1/../../../../pic32c/lib/thumb/v8-m.main+fp/hard\libc-musl.a(__environ.o)

.stack          0x000002c8      0x100
 .stack         0x000002c8      0x100 stack

.bss%1          0x00000000       0x50
 .bss           0x00000000       0x50 c:/program files/microchip/xc32/v4.20/bin/bin/../../lib/gcc/pic32c/8.3.1/../../../../pic32c/lib/thumb/v8-m.main+fp/hard\libc-musl.a(libc.o)
                0x00000000                __progname_full
                0x00000000                program_invocation_name
                0x00000004                program_invocation_short_name
                0x00000004                __progname
                0x00000008                __sysinfo
                0x0000000c                __hwcap
                0x00000010                __libc

.bss.sercom4I2CObj%2
                0x00000050       0x2c
 .bss.sercom4I2CObj
                0x00000050       0x2c build/pic32ck_gc01_cult/production/_ext/1664426122/plib_sercom4_i2c_master.o

.bss%3          0x0000007c       0x1c
 .bss           0x0000007c       0x1c c:/program files/microchip/xc32/v4.20/bin/bin/../../lib/gcc/pic32c/8.3.1/thumb/v8-m.main+fp/hard/crtbegin.o

.bss.testRxData%4
                0x00000098        0x4
 .bss.testRxData
                0x00000098        0x4 build/pic32ck_gc01_cult/production/_ext/1360937237/main.o

.bss%5          0x0000009c        0x8
 .bss           0x0000009c        0x4 c:/program files/microchip/xc32/v4.20/bin/bin/../../lib/gcc/pic32c/8.3.1/../../../../pic32c/lib/thumb/v8-m.main+fp/hard\libpic32c.a(data_init_0_1.o)
 .bss           0x000000a0        0x4 c:/program files/microchip/xc32/v4.20/bin/bin/../../lib/gcc/pic32c/8.3.1/../../../../pic32c/lib/thumb/v8-m.main+fp/hard\libc-musl.a(__environ.o)
                0x000000a0                __environ
                0x000000a0                environ
                0x000000a0                ___environ
                0x000000a0                _environ

.data.testTxData%7
                0x000000a4        0x6
 .data.testTxData
                0x000000a4        0x6 build/pic32ck_gc01_cult/production/_ext/1360937237/main.o

.eh_frame%z1    0x00000000        0x0
 .eh_frame      0x00000000        0x0 c:/program files/microchip/xc32/v4.20/bin/bin/../../lib/gcc/pic32c/8.3.1/thumb/v8-m.main+fp/hard/crtbegin.o

.config_0A000000.__config_0A000000%8
                0x0a000000        0x4
 .config_0A000000.__config_0A000000
                0x0a000000        0x4 build/pic32ck_gc01_cult/production/_ext/2000113765/initialization.o
                0x0a000000                __config_0A000000

.config_0A000004.__config_0A000004%9
                0x0a000004        0x4
 .config_0A000004.__config_0A000004
                0x0a000004        0x4 build/pic32ck_gc01_cult/production/_ext/2000113765/initialization.o
                0x0a000004                __config_0A000004

.config_0A000008.__config_0A000008%10
                0x0a000008        0x4
 .config_0A000008.__config_0A000008
                0x0a000008        0x4 build/pic32ck_gc01_cult/production/_ext/2000113765/initialization.o
                0x0a000008                __config_0A000008

.config_0A00000C.__config_0A00000C%11
                0x0a00000c        0x4
 .config_0A00000C.__config_0A00000C
                0x0a00000c        0x4 build/pic32ck_gc01_cult/production/_ext/2000113765/initialization.o
                0x0a00000c                __config_0A00000C

.config_0A000010.__config_0A000010%12
                0x0a000010        0x4
 .config_0A000010.__config_0A000010
                0x0a000010        0x4 build/pic32ck_gc01_cult/production/_ext/2000113765/initialization.o
                0x0a000010                __config_0A000010

.config_0A000014.__config_0A000014%13
                0x0a000014        0x4
 .config_0A000014.__config_0A000014
                0x0a000014        0x4 build/pic32ck_gc01_cult/production/_ext/2000113765/initialization.o
                0x0a000014                __config_0A000014

.config_0A000018.__config_0A000018%14
                0x0a000018        0x4
 .config_0A000018.__config_0A000018
                0x0a000018        0x4 build/pic32ck_gc01_cult/production/_ext/2000113765/initialization.o
                0x0a000018                __config_0A000018

.config_0A00001C.__config_0A00001C%15
                0x0a00001c        0x4
 .config_0A00001C.__config_0A00001C
                0x0a00001c        0x4 build/pic32ck_gc01_cult/production/_ext/2000113765/initialization.o
                0x0a00001c                __config_0A00001C

.config_0A000020.__config_0A000020%16
                0x0a000020        0x4
 .config_0A000020.__config_0A000020
                0x0a000020        0x4 build/pic32ck_gc01_cult/production/_ext/2000113765/initialization.o
                0x0a000020                __config_0A000020

.config_0A000024.__config_0A000024%17
                0x0a000024        0x4
 .config_0A000024.__config_0A000024
                0x0a000024        0x4 build/pic32ck_gc01_cult/production/_ext/2000113765/initialization.o
                0x0a000024                __config_0A000024

.config_0A000028.__config_0A000028%18
                0x0a000028        0x4
 .config_0A000028.__config_0A000028
                0x0a000028        0x4 build/pic32ck_gc01_cult/production/_ext/2000113765/initialization.o
                0x0a000028                __config_0A000028

.config_0A00002C.__config_0A00002C%19
                0x0a00002c        0x4
 .config_0A00002C.__config_0A00002C
                0x0a00002c        0x4 build/pic32ck_gc01_cult/production/_ext/2000113765/initialization.o
                0x0a00002c                __config_0A00002C

.config_0A000030.__config_0A000030%20
                0x0a000030        0x4
 .config_0A000030.__config_0A000030
                0x0a000030        0x4 build/pic32ck_gc01_cult/production/_ext/2000113765/initialization.o
                0x0a000030                __config_0A000030

.config_0A000034.__config_0A000034%21
                0x0a000034        0x4
 .config_0A000034.__config_0A000034
                0x0a000034        0x4 build/pic32ck_gc01_cult/production/_ext/2000113765/initialization.o
                0x0a000034                __config_0A000034

.config_0A000038.__config_0A000038%22
                0x0a000038        0x4
 .config_0A000038.__config_0A000038
                0x0a000038        0x4 build/pic32ck_gc01_cult/production/_ext/2000113765/initialization.o
                0x0a000038                __config_0A000038

.config_0A00003C.__config_0A00003C%23
                0x0a00003c        0x4
 .config_0A00003C.__config_0A00003C
                0x0a00003c        0x4 build/pic32ck_gc01_cult/production/_ext/2000113765/initialization.o
                0x0a00003c                __config_0A00003C

.config_0A000040.__config_0A000040%24
                0x0a000040        0x4
 .config_0A000040.__config_0A000040
                0x0a000040        0x4 build/pic32ck_gc01_cult/production/_ext/2000113765/initialization.o
                0x0a000040                __config_0A000040

.config_0A000044.__config_0A000044%25
                0x0a000044        0x4
 .config_0A000044.__config_0A000044
                0x0a000044        0x4 build/pic32ck_gc01_cult/production/_ext/2000113765/initialization.o
                0x0a000044                __config_0A000044

.config_0A000048.__config_0A000048%26
                0x0a000048        0x4
 .config_0A000048.__config_0A000048
                0x0a000048        0x4 build/pic32ck_gc01_cult/production/_ext/2000113765/initialization.o
                0x0a000048                __config_0A000048

.config_0A00004C.__config_0A00004C%27
                0x0a00004c        0x4
 .config_0A00004C.__config_0A00004C
                0x0a00004c        0x4 build/pic32ck_gc01_cult/production/_ext/2000113765/initialization.o
                0x0a00004c                __config_0A00004C

.config_0A000054.__config_0A000054%28
                0x0a000054        0x4
 .config_0A000054.__config_0A000054
                0x0a000054        0x4 build/pic32ck_gc01_cult/production/_ext/2000113765/initialization.o
                0x0a000054                __config_0A000054

.config_0A000058.__config_0A000058%29
                0x0a000058        0x4
 .config_0A000058.__config_0A000058
                0x0a000058        0x4 build/pic32ck_gc01_cult/production/_ext/2000113765/initialization.o
                0x0a000058                __config_0A000058

.config_0A00005C.__config_0A00005C%30
                0x0a00005c        0x4
 .config_0A00005C.__config_0A00005C
                0x0a00005c        0x4 build/pic32ck_gc01_cult/production/_ext/2000113765/initialization.o
                0x0a00005c                __config_0A00005C

.config_0A000060.__config_0A000060%31
                0x0a000060        0x4
 .config_0A000060.__config_0A000060
                0x0a000060        0x4 build/pic32ck_gc01_cult/production/_ext/2000113765/initialization.o
                0x0a000060                __config_0A000060

.config_0A000064.__config_0A000064%32
                0x0a000064        0x4
 .config_0A000064.__config_0A000064
                0x0a000064        0x4 build/pic32ck_gc01_cult/production/_ext/2000113765/initialization.o
                0x0a000064                __config_0A000064

.config_0A000068.__config_0A000068%33
                0x0a000068        0x4
 .config_0A000068.__config_0A000068
                0x0a000068        0x4 build/pic32ck_gc01_cult/production/_ext/2000113765/initialization.o
                0x0a000068                __config_0A000068

.config_0A00006C.__config_0A00006C%34
                0x0a00006c        0x4
 .config_0A00006C.__config_0A00006C
                0x0a00006c        0x4 build/pic32ck_gc01_cult/production/_ext/2000113765/initialization.o
                0x0a00006c                __config_0A00006C

.config_0A000070.__config_0A000070%35
                0x0a000070        0x4
 .config_0A000070.__config_0A000070
                0x0a000070        0x4 build/pic32ck_gc01_cult/production/_ext/2000113765/initialization.o
                0x0a000070                __config_0A000070

.config_0A000074.__config_0A000074%36
                0x0a000074        0x4
 .config_0A000074.__config_0A000074
                0x0a000074        0x4 build/pic32ck_gc01_cult/production/_ext/2000113765/initialization.o
                0x0a000074                __config_0A000074

.config_0A000078.__config_0A000078%37
                0x0a000078        0x4
 .config_0A000078.__config_0A000078
                0x0a000078        0x4 build/pic32ck_gc01_cult/production/_ext/2000113765/initialization.o
                0x0a000078                __config_0A000078

.config_0A00007C.__config_0A00007C%38
                0x0a00007c        0x4
 .config_0A00007C.__config_0A00007C
                0x0a00007c        0x4 build/pic32ck_gc01_cult/production/_ext/2000113765/initialization.o
                0x0a00007c                __config_0A00007C

.config_0A000080.__config_0A000080%39
                0x0a000080        0x4
 .config_0A000080.__config_0A000080
                0x0a000080        0x4 build/pic32ck_gc01_cult/production/_ext/2000113765/initialization.o
                0x0a000080                __config_0A000080

.config_0A0000A0.__config_0A0000A0%40
                0x0a0000a0        0x4
 .config_0A0000A0.__config_0A0000A0
                0x0a0000a0        0x4 build/pic32ck_gc01_cult/production/_ext/2000113765/initialization.o
                0x0a0000a0                __config_0A0000A0

.config_0A002000.__config_0A002000%41
                0x0a002000        0x4
 .config_0A002000.__config_0A002000
                0x0a002000        0x4 build/pic32ck_gc01_cult/production/_ext/2000113765/initialization.o
                0x0a002000                __config_0A002000

.config_0A002004.__config_0A002004%42
                0x0a002004        0x4
 .config_0A002004.__config_0A002004
                0x0a002004        0x4 build/pic32ck_gc01_cult/production/_ext/2000113765/initialization.o
                0x0a002004                __config_0A002004

.config_0A002008.__config_0A002008%43
                0x0a002008        0x4
 .config_0A002008.__config_0A002008
                0x0a002008        0x4 build/pic32ck_gc01_cult/production/_ext/2000113765/initialization.o
                0x0a002008                __config_0A002008

.config_0A002020.__config_0A002020%44
                0x0a002020        0x4
 .config_0A002020.__config_0A002020
                0x0a002020        0x4 build/pic32ck_gc01_cult/production/_ext/2000113765/initialization.o
                0x0a002020                __config_0A002020

.config_0A002024.__config_0A002024%45
                0x0a002024        0x4
 .config_0A002024.__config_0A002024
                0x0a002024        0x4 build/pic32ck_gc01_cult/production/_ext/2000113765/initialization.o
                0x0a002024                __config_0A002024

.config_0A002028.__config_0A002028%46
                0x0a002028        0x4
 .config_0A002028.__config_0A002028
                0x0a002028        0x4 build/pic32ck_gc01_cult/production/_ext/2000113765/initialization.o
                0x0a002028                __config_0A002028

.config_0A00202C.__config_0A00202C%47
                0x0a00202c        0x4
 .config_0A00202C.__config_0A00202C
                0x0a00202c        0x4 build/pic32ck_gc01_cult/production/_ext/2000113765/initialization.o
                0x0a00202c                __config_0A00202C

.config_0A002030.__config_0A002030%48
                0x0a002030        0x4
 .config_0A002030.__config_0A002030
                0x0a002030        0x4 build/pic32ck_gc01_cult/production/_ext/2000113765/initialization.o
                0x0a002030                __config_0A002030

.config_0A002034.__config_0A002034%49
                0x0a002034        0x4
 .config_0A002034.__config_0A002034
                0x0a002034        0x4 build/pic32ck_gc01_cult/production/_ext/2000113765/initialization.o
                0x0a002034                __config_0A002034

.config_0A002038.__config_0A002038%50
                0x0a002038        0x4
 .config_0A002038.__config_0A002038
                0x0a002038        0x4 build/pic32ck_gc01_cult/production/_ext/2000113765/initialization.o
                0x0a002038                __config_0A002038

.config_0A00203C.__config_0A00203C%51
                0x0a00203c        0x4
 .config_0A00203C.__config_0A00203C
                0x0a00203c        0x4 build/pic32ck_gc01_cult/production/_ext/2000113765/initialization.o
                0x0a00203c                __config_0A00203C

.config_0A002040.__config_0A002040%52
                0x0a002040        0x4
 .config_0A002040.__config_0A002040
                0x0a002040        0x4 build/pic32ck_gc01_cult/production/_ext/2000113765/initialization.o
                0x0a002040                __config_0A002040

.config_0A002044.__config_0A002044%53
                0x0a002044        0x4
 .config_0A002044.__config_0A002044
                0x0a002044        0x4 build/pic32ck_gc01_cult/production/_ext/2000113765/initialization.o
                0x0a002044                __config_0A002044

.config_0A002048.__config_0A002048%54
                0x0a002048        0x4
 .config_0A002048.__config_0A002048
                0x0a002048        0x4 build/pic32ck_gc01_cult/production/_ext/2000113765/initialization.o
                0x0a002048                __config_0A002048

.config_0A00204C.__config_0A00204C%55
                0x0a00204c        0x4
 .config_0A00204C.__config_0A00204C
                0x0a00204c        0x4 build/pic32ck_gc01_cult/production/_ext/2000113765/initialization.o
                0x0a00204c                __config_0A00204C

.config_0A002050.__config_0A002050%56
                0x0a002050        0x4
 .config_0A002050.__config_0A002050
                0x0a002050        0x4 build/pic32ck_gc01_cult/production/_ext/2000113765/initialization.o
                0x0a002050                __config_0A002050

.config_0A002054.__config_0A002054%57
                0x0a002054        0x4
 .config_0A002054.__config_0A002054
                0x0a002054        0x4 build/pic32ck_gc01_cult/production/_ext/2000113765/initialization.o
                0x0a002054                __config_0A002054

.config_0A002058.__config_0A002058%58
                0x0a002058        0x4
 .config_0A002058.__config_0A002058
                0x0a002058        0x4 build/pic32ck_gc01_cult/production/_ext/2000113765/initialization.o
                0x0a002058                __config_0A002058

.config_0A00205C.__config_0A00205C%59
                0x0a00205c        0x4
 .config_0A00205C.__config_0A00205C
                0x0a00205c        0x4 build/pic32ck_gc01_cult/production/_ext/2000113765/initialization.o
                0x0a00205c                __config_0A00205C

.config_0A002060.__config_0A002060%60
                0x0a002060        0x4
 .config_0A002060.__config_0A002060
                0x0a002060        0x4 build/pic32ck_gc01_cult/production/_ext/2000113765/initialization.o
                0x0a002060                __config_0A002060

.config_0A002064.__config_0A002064%61
                0x0a002064        0x4
 .config_0A002064.__config_0A002064
                0x0a002064        0x4 build/pic32ck_gc01_cult/production/_ext/2000113765/initialization.o
                0x0a002064                __config_0A002064

.config_0A002068.__config_0A002068%62
                0x0a002068        0x4
 .config_0A002068.__config_0A002068
                0x0a002068        0x4 build/pic32ck_gc01_cult/production/_ext/2000113765/initialization.o
                0x0a002068                __config_0A002068

.config_0A00206C.__config_0A00206C%63
                0x0a00206c        0x4
 .config_0A00206C.__config_0A00206C
                0x0a00206c        0x4 build/pic32ck_gc01_cult/production/_ext/2000113765/initialization.o
                0x0a00206c                __config_0A00206C

.config_0A002070.__config_0A002070%64
                0x0a002070        0x4
 .config_0A002070.__config_0A002070
                0x0a002070        0x4 build/pic32ck_gc01_cult/production/_ext/2000113765/initialization.o
                0x0a002070                __config_0A002070

.config_0A002074.__config_0A002074%65
                0x0a002074        0x4
 .config_0A002074.__config_0A002074
                0x0a002074        0x4 build/pic32ck_gc01_cult/production/_ext/2000113765/initialization.o
                0x0a002074                __config_0A002074

.config_0A002078.__config_0A002078%66
                0x0a002078        0x4
 .config_0A002078.__config_0A002078
                0x0a002078        0x4 build/pic32ck_gc01_cult/production/_ext/2000113765/initialization.o
                0x0a002078                __config_0A002078

.config_0A00207C.__config_0A00207C%67
                0x0a00207c        0x4
 .config_0A00207C.__config_0A00207C
                0x0a00207c        0x4 build/pic32ck_gc01_cult/production/_ext/2000113765/initialization.o
                0x0a00207c                __config_0A00207C

.config_0A002080.__config_0A002080%68
                0x0a002080        0x4
 .config_0A002080.__config_0A002080
                0x0a002080        0x4 build/pic32ck_gc01_cult/production/_ext/2000113765/initialization.o
                0x0a002080                __config_0A002080

.config_0A002084.__config_0A002084%69
                0x0a002084        0x4
 .config_0A002084.__config_0A002084
                0x0a002084        0x4 build/pic32ck_gc01_cult/production/_ext/2000113765/initialization.o
                0x0a002084                __config_0A002084

.config_0A002088.__config_0A002088%70
                0x0a002088        0x4
 .config_0A002088.__config_0A002088
                0x0a002088        0x4 build/pic32ck_gc01_cult/production/_ext/2000113765/initialization.o
                0x0a002088                __config_0A002088

.config_0A00208C.__config_0A00208C%71
                0x0a00208c        0x4
 .config_0A00208C.__config_0A00208C
                0x0a00208c        0x4 build/pic32ck_gc01_cult/production/_ext/2000113765/initialization.o
                0x0a00208c                __config_0A00208C

.config_0A002090.__config_0A002090%72
                0x0a002090        0x4
 .config_0A002090.__config_0A002090
                0x0a002090        0x4 build/pic32ck_gc01_cult/production/_ext/2000113765/initialization.o
                0x0a002090                __config_0A002090

.config_0A002094.__config_0A002094%73
                0x0a002094        0x4
 .config_0A002094.__config_0A002094
                0x0a002094        0x4 build/pic32ck_gc01_cult/production/_ext/2000113765/initialization.o
                0x0a002094                __config_0A002094

.config_0A002098.__config_0A002098%74
                0x0a002098        0x4
 .config_0A002098.__config_0A002098
                0x0a002098        0x4 build/pic32ck_gc01_cult/production/_ext/2000113765/initialization.o
                0x0a002098                __config_0A002098

.config_0A00209C.__config_0A00209C%75
                0x0a00209c        0x4
 .config_0A00209C.__config_0A00209C
                0x0a00209c        0x4 build/pic32ck_gc01_cult/production/_ext/2000113765/initialization.o
                0x0a00209c                __config_0A00209C

.config_0A0020A0.__config_0A0020A0%76
                0x0a0020a0        0x4
 .config_0A0020A0.__config_0A0020A0
                0x0a0020a0        0x4 build/pic32ck_gc01_cult/production/_ext/2000113765/initialization.o
                0x0a0020a0                __config_0A0020A0

.config_0A0020A4.__config_0A0020A4%77
                0x0a0020a4        0x4
 .config_0A0020A4.__config_0A0020A4
                0x0a0020a4        0x4 build/pic32ck_gc01_cult/production/_ext/2000113765/initialization.o
                0x0a0020a4                __config_0A0020A4

.config_0A0020A8.__config_0A0020A8%78
                0x0a0020a8        0x4
 .config_0A0020A8.__config_0A0020A8
                0x0a0020a8        0x4 build/pic32ck_gc01_cult/production/_ext/2000113765/initialization.o
                0x0a0020a8                __config_0A0020A8

.config_0A0020AC.__config_0A0020AC%79
                0x0a0020ac        0x4
 .config_0A0020AC.__config_0A0020AC
                0x0a0020ac        0x4 build/pic32ck_gc01_cult/production/_ext/2000113765/initialization.o
                0x0a0020ac                __config_0A0020AC

.config_0A0020B0.__config_0A0020B0%80
                0x0a0020b0        0x4
 .config_0A0020B0.__config_0A0020B0
                0x0a0020b0        0x4 build/pic32ck_gc01_cult/production/_ext/2000113765/initialization.o
                0x0a0020b0                __config_0A0020B0

.config_0A0020B4.__config_0A0020B4%81
                0x0a0020b4        0x4
 .config_0A0020B4.__config_0A0020B4
                0x0a0020b4        0x4 build/pic32ck_gc01_cult/production/_ext/2000113765/initialization.o
                0x0a0020b4                __config_0A0020B4

.config_0A0020B8.__config_0A0020B8%82
                0x0a0020b8        0x4
 .config_0A0020B8.__config_0A0020B8
                0x0a0020b8        0x4 build/pic32ck_gc01_cult/production/_ext/2000113765/initialization.o
                0x0a0020b8                __config_0A0020B8

.config_0A0020BC.__config_0A0020BC%83
                0x0a0020bc        0x4
 .config_0A0020BC.__config_0A0020BC
                0x0a0020bc        0x4 build/pic32ck_gc01_cult/production/_ext/2000113765/initialization.o
                0x0a0020bc                __config_0A0020BC

.config_0A0020C0.__config_0A0020C0%84
                0x0a0020c0        0x4
 .config_0A0020C0.__config_0A0020C0
                0x0a0020c0        0x4 build/pic32ck_gc01_cult/production/_ext/2000113765/initialization.o
                0x0a0020c0                __config_0A0020C0

.config_0A0020C4.__config_0A0020C4%85
                0x0a0020c4        0x4
 .config_0A0020C4.__config_0A0020C4
                0x0a0020c4        0x4 build/pic32ck_gc01_cult/production/_ext/2000113765/initialization.o
                0x0a0020c4                __config_0A0020C4

.config_0A0020C8.__config_0A0020C8%86
                0x0a0020c8        0x4
 .config_0A0020C8.__config_0A0020C8
                0x0a0020c8        0x4 build/pic32ck_gc01_cult/production/_ext/2000113765/initialization.o
                0x0a0020c8                __config_0A0020C8

.config_0A0020CC.__config_0A0020CC%87
                0x0a0020cc        0x4
 .config_0A0020CC.__config_0A0020CC
                0x0a0020cc        0x4 build/pic32ck_gc01_cult/production/_ext/2000113765/initialization.o
                0x0a0020cc                __config_0A0020CC

.config_0A0020D0.__config_0A0020D0%88
                0x0a0020d0        0x4
 .config_0A0020D0.__config_0A0020D0
                0x0a0020d0        0x4 build/pic32ck_gc01_cult/production/_ext/2000113765/initialization.o
                0x0a0020d0                __config_0A0020D0

.config_0A0020D4.__config_0A0020D4%89
                0x0a0020d4        0x4
 .config_0A0020D4.__config_0A0020D4
                0x0a0020d4        0x4 build/pic32ck_gc01_cult/production/_ext/2000113765/initialization.o
                0x0a0020d4                __config_0A0020D4

.config_0A0020D8.__config_0A0020D8%90
                0x0a0020d8        0x4
 .config_0A0020D8.__config_0A0020D8
                0x0a0020d8        0x4 build/pic32ck_gc01_cult/production/_ext/2000113765/initialization.o
                0x0a0020d8                __config_0A0020D8

.config_0A0020DC.__config_0A0020DC%91
                0x0a0020dc        0x4
 .config_0A0020DC.__config_0A0020DC
                0x0a0020dc        0x4 build/pic32ck_gc01_cult/production/_ext/2000113765/initialization.o
                0x0a0020dc                __config_0A0020DC

.config_0A0020E0.__config_0A0020E0%92
                0x0a0020e0        0x4
 .config_0A0020E0.__config_0A0020E0
                0x0a0020e0        0x4 build/pic32ck_gc01_cult/production/_ext/2000113765/initialization.o
                0x0a0020e0                __config_0A0020E0

.config_0A0020E4.__config_0A0020E4%93
                0x0a0020e4        0x4
 .config_0A0020E4.__config_0A0020E4
                0x0a0020e4        0x4 build/pic32ck_gc01_cult/production/_ext/2000113765/initialization.o
                0x0a0020e4                __config_0A0020E4

.config_0A0020E8.__config_0A0020E8%94
                0x0a0020e8        0x4
 .config_0A0020E8.__config_0A0020E8
                0x0a0020e8        0x4 build/pic32ck_gc01_cult/production/_ext/2000113765/initialization.o
                0x0a0020e8                __config_0A0020E8

.config_0A0020EC.__config_0A0020EC%95
                0x0a0020ec        0x4
 .config_0A0020EC.__config_0A0020EC
                0x0a0020ec        0x4 build/pic32ck_gc01_cult/production/_ext/2000113765/initialization.o
                0x0a0020ec                __config_0A0020EC

.config_0A0020F0.__config_0A0020F0%96
                0x0a0020f0        0x4
 .config_0A0020F0.__config_0A0020F0
                0x0a0020f0        0x4 build/pic32ck_gc01_cult/production/_ext/2000113765/initialization.o
                0x0a0020f0                __config_0A0020F0

.config_0A0020F4.__config_0A0020F4%97
                0x0a0020f4        0x4
 .config_0A0020F4.__config_0A0020F4
                0x0a0020f4        0x4 build/pic32ck_gc01_cult/production/_ext/2000113765/initialization.o
                0x0a0020f4                __config_0A0020F4

.config_0A0020F8.__config_0A0020F8%98
                0x0a0020f8        0x4
 .config_0A0020F8.__config_0A0020F8
                0x0a0020f8        0x4 build/pic32ck_gc01_cult/production/_ext/2000113765/initialization.o
                0x0a0020f8                __config_0A0020F8

.config_0A0020FC.__config_0A0020FC%99
                0x0a0020fc        0x4
 .config_0A0020FC.__config_0A0020FC
                0x0a0020fc        0x4 build/pic32ck_gc01_cult/production/_ext/2000113765/initialization.o
                0x0a0020fc                __config_0A0020FC

.config_0A002100.__config_0A002100%100
                0x0a002100        0x4
 .config_0A002100.__config_0A002100
                0x0a002100        0x4 build/pic32ck_gc01_cult/production/_ext/2000113765/initialization.o
                0x0a002100                __config_0A002100

.config_0A002110.__config_0A002110%101
                0x0a002110        0x4
 .config_0A002110.__config_0A002110
                0x0a002110        0x4 build/pic32ck_gc01_cult/production/_ext/2000113765/initialization.o
                0x0a002110                __config_0A002110

.config_0A002114.__config_0A002114%102
                0x0a002114        0x4
 .config_0A002114.__config_0A002114
                0x0a002114        0x4 build/pic32ck_gc01_cult/production/_ext/2000113765/initialization.o
                0x0a002114                __config_0A002114

.config_0A002118.__config_0A002118%103
                0x0a002118        0x4
 .config_0A002118.__config_0A002118
                0x0a002118        0x4 build/pic32ck_gc01_cult/production/_ext/2000113765/initialization.o
                0x0a002118                __config_0A002118

.config_0A00211C.__config_0A00211C%104
                0x0a00211c        0x4
 .config_0A00211C.__config_0A00211C
                0x0a00211c        0x4 build/pic32ck_gc01_cult/production/_ext/2000113765/initialization.o
                0x0a00211c                __config_0A00211C

.config_0A002120.__config_0A002120%105
                0x0a002120        0x4
 .config_0A002120.__config_0A002120
                0x0a002120        0x4 build/pic32ck_gc01_cult/production/_ext/2000113765/initialization.o
                0x0a002120                __config_0A002120

.config_0A004000.__config_0A004000%106
                0x0a004000        0x4
 .config_0A004000.__config_0A004000
                0x0a004000        0x4 build/pic32ck_gc01_cult/production/_ext/2000113765/initialization.o
                0x0a004000                __config_0A004000

.config_0A008000.__config_0A008000%107
                0x0a008000        0x4
 .config_0A008000.__config_0A008000
                0x0a008000        0x4 build/pic32ck_gc01_cult/production/_ext/2000113765/initialization.o
                0x0a008000                __config_0A008000

.config_0A008004.__config_0A008004%108
                0x0a008004        0x4
 .config_0A008004.__config_0A008004
                0x0a008004        0x4 build/pic32ck_gc01_cult/production/_ext/2000113765/initialization.o
                0x0a008004                __config_0A008004

.config_0A008008.__config_0A008008%109
                0x0a008008        0x4
 .config_0A008008.__config_0A008008
                0x0a008008        0x4 build/pic32ck_gc01_cult/production/_ext/2000113765/initialization.o
                0x0a008008                __config_0A008008

.config_0A00800C.__config_0A00800C%110
                0x0a00800c        0x4
 .config_0A00800C.__config_0A00800C
                0x0a00800c        0x4 build/pic32ck_gc01_cult/production/_ext/2000113765/initialization.o
                0x0a00800c                __config_0A00800C

.config_0A008010.__config_0A008010%111
                0x0a008010        0x4
 .config_0A008010.__config_0A008010
                0x0a008010        0x4 build/pic32ck_gc01_cult/production/_ext/2000113765/initialization.o
                0x0a008010                __config_0A008010

.config_0A008014.__config_0A008014%112
                0x0a008014        0x4
 .config_0A008014.__config_0A008014
                0x0a008014        0x4 build/pic32ck_gc01_cult/production/_ext/2000113765/initialization.o
                0x0a008014                __config_0A008014

.config_0A008018.__config_0A008018%113
                0x0a008018        0x4
 .config_0A008018.__config_0A008018
                0x0a008018        0x4 build/pic32ck_gc01_cult/production/_ext/2000113765/initialization.o
                0x0a008018                __config_0A008018

.config_0A00801C.__config_0A00801C%114
                0x0a00801c        0x4
 .config_0A00801C.__config_0A00801C
                0x0a00801c        0x4 build/pic32ck_gc01_cult/production/_ext/2000113765/initialization.o
                0x0a00801c                __config_0A00801C

.config_0A008020.__config_0A008020%115
                0x0a008020        0x4
 .config_0A008020.__config_0A008020
                0x0a008020        0x4 build/pic32ck_gc01_cult/production/_ext/2000113765/initialization.o
                0x0a008020                __config_0A008020

.config_0A008024.__config_0A008024%116
                0x0a008024        0x4
 .config_0A008024.__config_0A008024
                0x0a008024        0x4 build/pic32ck_gc01_cult/production/_ext/2000113765/initialization.o
                0x0a008024                __config_0A008024

.config_0A008028.__config_0A008028%117
                0x0a008028        0x4
 .config_0A008028.__config_0A008028
                0x0a008028        0x4 build/pic32ck_gc01_cult/production/_ext/2000113765/initialization.o
                0x0a008028                __config_0A008028

.config_0A00802C.__config_0A00802C%118
                0x0a00802c        0x4
 .config_0A00802C.__config_0A00802C
                0x0a00802c        0x4 build/pic32ck_gc01_cult/production/_ext/2000113765/initialization.o
                0x0a00802c                __config_0A00802C

.config_0A008030.__config_0A008030%119
                0x0a008030        0x4
 .config_0A008030.__config_0A008030
                0x0a008030        0x4 build/pic32ck_gc01_cult/production/_ext/2000113765/initialization.o
                0x0a008030                __config_0A008030

.config_0A008034.__config_0A008034%120
                0x0a008034        0x4
 .config_0A008034.__config_0A008034
                0x0a008034        0x4 build/pic32ck_gc01_cult/production/_ext/2000113765/initialization.o
                0x0a008034                __config_0A008034

.config_0A008038.__config_0A008038%121
                0x0a008038        0x4
 .config_0A008038.__config_0A008038
                0x0a008038        0x4 build/pic32ck_gc01_cult/production/_ext/2000113765/initialization.o
                0x0a008038                __config_0A008038

.config_0A00803C.__config_0A00803C%122
                0x0a00803c        0x4
 .config_0A00803C.__config_0A00803C
                0x0a00803c        0x4 build/pic32ck_gc01_cult/production/_ext/2000113765/initialization.o
                0x0a00803c                __config_0A00803C

.config_0A008040.__config_0A008040%123
                0x0a008040        0x4
 .config_0A008040.__config_0A008040
                0x0a008040        0x4 build/pic32ck_gc01_cult/production/_ext/2000113765/initialization.o
                0x0a008040                __config_0A008040

.config_0A008044.__config_0A008044%124
                0x0a008044        0x4
 .config_0A008044.__config_0A008044
                0x0a008044        0x4 build/pic32ck_gc01_cult/production/_ext/2000113765/initialization.o
                0x0a008044                __config_0A008044

.config_0A008048.__config_0A008048%125
                0x0a008048        0x4
 .config_0A008048.__config_0A008048
                0x0a008048        0x4 build/pic32ck_gc01_cult/production/_ext/2000113765/initialization.o
                0x0a008048                __config_0A008048

.config_0A00804C.__config_0A00804C%126
                0x0a00804c        0x4
 .config_0A00804C.__config_0A00804C
                0x0a00804c        0x4 build/pic32ck_gc01_cult/production/_ext/2000113765/initialization.o
                0x0a00804c                __config_0A00804C

.config_0A008054.__config_0A008054%127
                0x0a008054        0x4
 .config_0A008054.__config_0A008054
                0x0a008054        0x4 build/pic32ck_gc01_cult/production/_ext/2000113765/initialization.o
                0x0a008054                __config_0A008054

.config_0A008058.__config_0A008058%128
                0x0a008058        0x4
 .config_0A008058.__config_0A008058
                0x0a008058        0x4 build/pic32ck_gc01_cult/production/_ext/2000113765/initialization.o
                0x0a008058                __config_0A008058

.config_0A00805C.__config_0A00805C%129
                0x0a00805c        0x4
 .config_0A00805C.__config_0A00805C
                0x0a00805c        0x4 build/pic32ck_gc01_cult/production/_ext/2000113765/initialization.o
                0x0a00805c                __config_0A00805C

.config_0A008060.__config_0A008060%130
                0x0a008060        0x4
 .config_0A008060.__config_0A008060
                0x0a008060        0x4 build/pic32ck_gc01_cult/production/_ext/2000113765/initialization.o
                0x0a008060                __config_0A008060

.config_0A008064.__config_0A008064%131
                0x0a008064        0x4
 .config_0A008064.__config_0A008064
                0x0a008064        0x4 build/pic32ck_gc01_cult/production/_ext/2000113765/initialization.o
                0x0a008064                __config_0A008064

.config_0A008068.__config_0A008068%132
                0x0a008068        0x4
 .config_0A008068.__config_0A008068
                0x0a008068        0x4 build/pic32ck_gc01_cult/production/_ext/2000113765/initialization.o
                0x0a008068                __config_0A008068

.config_0A00806C.__config_0A00806C%133
                0x0a00806c        0x4
 .config_0A00806C.__config_0A00806C
                0x0a00806c        0x4 build/pic32ck_gc01_cult/production/_ext/2000113765/initialization.o
                0x0a00806c                __config_0A00806C

.config_0A008070.__config_0A008070%134
                0x0a008070        0x4
 .config_0A008070.__config_0A008070
                0x0a008070        0x4 build/pic32ck_gc01_cult/production/_ext/2000113765/initialization.o
                0x0a008070                __config_0A008070

.config_0A008074.__config_0A008074%135
                0x0a008074        0x4
 .config_0A008074.__config_0A008074
                0x0a008074        0x4 build/pic32ck_gc01_cult/production/_ext/2000113765/initialization.o
                0x0a008074                __config_0A008074

.config_0A008078.__config_0A008078%136
                0x0a008078        0x4
 .config_0A008078.__config_0A008078
                0x0a008078        0x4 build/pic32ck_gc01_cult/production/_ext/2000113765/initialization.o
                0x0a008078                __config_0A008078

.config_0A00807C.__config_0A00807C%137
                0x0a00807c        0x4
 .config_0A00807C.__config_0A00807C
                0x0a00807c        0x4 build/pic32ck_gc01_cult/production/_ext/2000113765/initialization.o
                0x0a00807c                __config_0A00807C

.config_0A008080.__config_0A008080%138
                0x0a008080        0x4
 .config_0A008080.__config_0A008080
                0x0a008080        0x4 build/pic32ck_gc01_cult/production/_ext/2000113765/initialization.o
                0x0a008080                __config_0A008080

.config_0A0080A0.__config_0A0080A0%139
                0x0a0080a0        0x4
 .config_0A0080A0.__config_0A0080A0
                0x0a0080a0        0x4 build/pic32ck_gc01_cult/production/_ext/2000113765/initialization.o
                0x0a0080a0                __config_0A0080A0

.config_0A00A000.__config_0A00A000%140
                0x0a00a000        0x4
 .config_0A00A000.__config_0A00A000
                0x0a00a000        0x4 build/pic32ck_gc01_cult/production/_ext/2000113765/initialization.o
                0x0a00a000                __config_0A00A000

.config_0A00A004.__config_0A00A004%141
                0x0a00a004        0x4
 .config_0A00A004.__config_0A00A004
                0x0a00a004        0x4 build/pic32ck_gc01_cult/production/_ext/2000113765/initialization.o
                0x0a00a004                __config_0A00A004

.config_0A00A008.__config_0A00A008%142
                0x0a00a008        0x4
 .config_0A00A008.__config_0A00A008
                0x0a00a008        0x4 build/pic32ck_gc01_cult/production/_ext/2000113765/initialization.o
                0x0a00a008                __config_0A00A008

.config_0A00A020.__config_0A00A020%143
                0x0a00a020        0x4
 .config_0A00A020.__config_0A00A020
                0x0a00a020        0x4 build/pic32ck_gc01_cult/production/_ext/2000113765/initialization.o
                0x0a00a020                __config_0A00A020

.config_0A00A024.__config_0A00A024%144
                0x0a00a024        0x4
 .config_0A00A024.__config_0A00A024
                0x0a00a024        0x4 build/pic32ck_gc01_cult/production/_ext/2000113765/initialization.o
                0x0a00a024                __config_0A00A024

.config_0A00A028.__config_0A00A028%145
                0x0a00a028        0x4
 .config_0A00A028.__config_0A00A028
                0x0a00a028        0x4 build/pic32ck_gc01_cult/production/_ext/2000113765/initialization.o
                0x0a00a028                __config_0A00A028

.config_0A00A02C.__config_0A00A02C%146
                0x0a00a02c        0x4
 .config_0A00A02C.__config_0A00A02C
                0x0a00a02c        0x4 build/pic32ck_gc01_cult/production/_ext/2000113765/initialization.o
                0x0a00a02c                __config_0A00A02C

.config_0A00A030.__config_0A00A030%147
                0x0a00a030        0x4
 .config_0A00A030.__config_0A00A030
                0x0a00a030        0x4 build/pic32ck_gc01_cult/production/_ext/2000113765/initialization.o
                0x0a00a030                __config_0A00A030

.config_0A00A034.__config_0A00A034%148
                0x0a00a034        0x4
 .config_0A00A034.__config_0A00A034
                0x0a00a034        0x4 build/pic32ck_gc01_cult/production/_ext/2000113765/initialization.o
                0x0a00a034                __config_0A00A034

.config_0A00A038.__config_0A00A038%149
                0x0a00a038        0x4
 .config_0A00A038.__config_0A00A038
                0x0a00a038        0x4 build/pic32ck_gc01_cult/production/_ext/2000113765/initialization.o
                0x0a00a038                __config_0A00A038

.config_0A00A03C.__config_0A00A03C%150
                0x0a00a03c        0x4
 .config_0A00A03C.__config_0A00A03C
                0x0a00a03c        0x4 build/pic32ck_gc01_cult/production/_ext/2000113765/initialization.o
                0x0a00a03c                __config_0A00A03C

.config_0A00A040.__config_0A00A040%151
                0x0a00a040        0x4
 .config_0A00A040.__config_0A00A040
                0x0a00a040        0x4 build/pic32ck_gc01_cult/production/_ext/2000113765/initialization.o
                0x0a00a040                __config_0A00A040

.config_0A00A044.__config_0A00A044%152
                0x0a00a044        0x4
 .config_0A00A044.__config_0A00A044
                0x0a00a044        0x4 build/pic32ck_gc01_cult/production/_ext/2000113765/initialization.o
                0x0a00a044                __config_0A00A044

.config_0A00A048.__config_0A00A048%153
                0x0a00a048        0x4
 .config_0A00A048.__config_0A00A048
                0x0a00a048        0x4 build/pic32ck_gc01_cult/production/_ext/2000113765/initialization.o
                0x0a00a048                __config_0A00A048

.config_0A00A04C.__config_0A00A04C%154
                0x0a00a04c        0x4
 .config_0A00A04C.__config_0A00A04C
                0x0a00a04c        0x4 build/pic32ck_gc01_cult/production/_ext/2000113765/initialization.o
                0x0a00a04c                __config_0A00A04C

.config_0A00A050.__config_0A00A050%155
                0x0a00a050        0x4
 .config_0A00A050.__config_0A00A050
                0x0a00a050        0x4 build/pic32ck_gc01_cult/production/_ext/2000113765/initialization.o
                0x0a00a050                __config_0A00A050

.config_0A00A054.__config_0A00A054%156
                0x0a00a054        0x4
 .config_0A00A054.__config_0A00A054
                0x0a00a054        0x4 build/pic32ck_gc01_cult/production/_ext/2000113765/initialization.o
                0x0a00a054                __config_0A00A054

.config_0A00A058.__config_0A00A058%157
                0x0a00a058        0x4
 .config_0A00A058.__config_0A00A058
                0x0a00a058        0x4 build/pic32ck_gc01_cult/production/_ext/2000113765/initialization.o
                0x0a00a058                __config_0A00A058

.config_0A00A05C.__config_0A00A05C%158
                0x0a00a05c        0x4
 .config_0A00A05C.__config_0A00A05C
                0x0a00a05c        0x4 build/pic32ck_gc01_cult/production/_ext/2000113765/initialization.o
                0x0a00a05c                __config_0A00A05C

.config_0A00A060.__config_0A00A060%159
                0x0a00a060        0x4
 .config_0A00A060.__config_0A00A060
                0x0a00a060        0x4 build/pic32ck_gc01_cult/production/_ext/2000113765/initialization.o
                0x0a00a060                __config_0A00A060

.config_0A00A064.__config_0A00A064%160
                0x0a00a064        0x4
 .config_0A00A064.__config_0A00A064
                0x0a00a064        0x4 build/pic32ck_gc01_cult/production/_ext/2000113765/initialization.o
                0x0a00a064                __config_0A00A064

.config_0A00A068.__config_0A00A068%161
                0x0a00a068        0x4
 .config_0A00A068.__config_0A00A068
                0x0a00a068        0x4 build/pic32ck_gc01_cult/production/_ext/2000113765/initialization.o
                0x0a00a068                __config_0A00A068

.config_0A00A06C.__config_0A00A06C%162
                0x0a00a06c        0x4
 .config_0A00A06C.__config_0A00A06C
                0x0a00a06c        0x4 build/pic32ck_gc01_cult/production/_ext/2000113765/initialization.o
                0x0a00a06c                __config_0A00A06C

.config_0A00A070.__config_0A00A070%163
                0x0a00a070        0x4
 .config_0A00A070.__config_0A00A070
                0x0a00a070        0x4 build/pic32ck_gc01_cult/production/_ext/2000113765/initialization.o
                0x0a00a070                __config_0A00A070

.config_0A00A074.__config_0A00A074%164
                0x0a00a074        0x4
 .config_0A00A074.__config_0A00A074
                0x0a00a074        0x4 build/pic32ck_gc01_cult/production/_ext/2000113765/initialization.o
                0x0a00a074                __config_0A00A074

.config_0A00A078.__config_0A00A078%165
                0x0a00a078        0x4
 .config_0A00A078.__config_0A00A078
                0x0a00a078        0x4 build/pic32ck_gc01_cult/production/_ext/2000113765/initialization.o
                0x0a00a078                __config_0A00A078

.config_0A00A07C.__config_0A00A07C%166
                0x0a00a07c        0x4
 .config_0A00A07C.__config_0A00A07C
                0x0a00a07c        0x4 build/pic32ck_gc01_cult/production/_ext/2000113765/initialization.o
                0x0a00a07c                __config_0A00A07C

.config_0A00A080.__config_0A00A080%167
                0x0a00a080        0x4
 .config_0A00A080.__config_0A00A080
                0x0a00a080        0x4 build/pic32ck_gc01_cult/production/_ext/2000113765/initialization.o
                0x0a00a080                __config_0A00A080

.config_0A00A084.__config_0A00A084%168
                0x0a00a084        0x4
 .config_0A00A084.__config_0A00A084
                0x0a00a084        0x4 build/pic32ck_gc01_cult/production/_ext/2000113765/initialization.o
                0x0a00a084                __config_0A00A084

.config_0A00A088.__config_0A00A088%169
                0x0a00a088        0x4
 .config_0A00A088.__config_0A00A088
                0x0a00a088        0x4 build/pic32ck_gc01_cult/production/_ext/2000113765/initialization.o
                0x0a00a088                __config_0A00A088

.config_0A00A08C.__config_0A00A08C%170
                0x0a00a08c        0x4
 .config_0A00A08C.__config_0A00A08C
                0x0a00a08c        0x4 build/pic32ck_gc01_cult/production/_ext/2000113765/initialization.o
                0x0a00a08c                __config_0A00A08C

.config_0A00A090.__config_0A00A090%171
                0x0a00a090        0x4
 .config_0A00A090.__config_0A00A090
                0x0a00a090        0x4 build/pic32ck_gc01_cult/production/_ext/2000113765/initialization.o
                0x0a00a090                __config_0A00A090

.config_0A00A094.__config_0A00A094%172
                0x0a00a094        0x4
 .config_0A00A094.__config_0A00A094
                0x0a00a094        0x4 build/pic32ck_gc01_cult/production/_ext/2000113765/initialization.o
                0x0a00a094                __config_0A00A094

.config_0A00A098.__config_0A00A098%173
                0x0a00a098        0x4
 .config_0A00A098.__config_0A00A098
                0x0a00a098        0x4 build/pic32ck_gc01_cult/production/_ext/2000113765/initialization.o
                0x0a00a098                __config_0A00A098

.config_0A00A09C.__config_0A00A09C%174
                0x0a00a09c        0x4
 .config_0A00A09C.__config_0A00A09C
                0x0a00a09c        0x4 build/pic32ck_gc01_cult/production/_ext/2000113765/initialization.o
                0x0a00a09c                __config_0A00A09C

.config_0A00A0A0.__config_0A00A0A0%175
                0x0a00a0a0        0x4
 .config_0A00A0A0.__config_0A00A0A0
                0x0a00a0a0        0x4 build/pic32ck_gc01_cult/production/_ext/2000113765/initialization.o
                0x0a00a0a0                __config_0A00A0A0

.config_0A00A0A4.__config_0A00A0A4%176
                0x0a00a0a4        0x4
 .config_0A00A0A4.__config_0A00A0A4
                0x0a00a0a4        0x4 build/pic32ck_gc01_cult/production/_ext/2000113765/initialization.o
                0x0a00a0a4                __config_0A00A0A4

.config_0A00A0A8.__config_0A00A0A8%177
                0x0a00a0a8        0x4
 .config_0A00A0A8.__config_0A00A0A8
                0x0a00a0a8        0x4 build/pic32ck_gc01_cult/production/_ext/2000113765/initialization.o
                0x0a00a0a8                __config_0A00A0A8

.config_0A00A0AC.__config_0A00A0AC%178
                0x0a00a0ac        0x4
 .config_0A00A0AC.__config_0A00A0AC
                0x0a00a0ac        0x4 build/pic32ck_gc01_cult/production/_ext/2000113765/initialization.o
                0x0a00a0ac                __config_0A00A0AC

.config_0A00A0B0.__config_0A00A0B0%179
                0x0a00a0b0        0x4
 .config_0A00A0B0.__config_0A00A0B0
                0x0a00a0b0        0x4 build/pic32ck_gc01_cult/production/_ext/2000113765/initialization.o
                0x0a00a0b0                __config_0A00A0B0

.config_0A00A0B4.__config_0A00A0B4%180
                0x0a00a0b4        0x4
 .config_0A00A0B4.__config_0A00A0B4
                0x0a00a0b4        0x4 build/pic32ck_gc01_cult/production/_ext/2000113765/initialization.o
                0x0a00a0b4                __config_0A00A0B4

.config_0A00A0B8.__config_0A00A0B8%181
                0x0a00a0b8        0x4
 .config_0A00A0B8.__config_0A00A0B8
                0x0a00a0b8        0x4 build/pic32ck_gc01_cult/production/_ext/2000113765/initialization.o
                0x0a00a0b8                __config_0A00A0B8

.config_0A00A0BC.__config_0A00A0BC%182
                0x0a00a0bc        0x4
 .config_0A00A0BC.__config_0A00A0BC
                0x0a00a0bc        0x4 build/pic32ck_gc01_cult/production/_ext/2000113765/initialization.o
                0x0a00a0bc                __config_0A00A0BC

.config_0A00A0C0.__config_0A00A0C0%183
                0x0a00a0c0        0x4
 .config_0A00A0C0.__config_0A00A0C0
                0x0a00a0c0        0x4 build/pic32ck_gc01_cult/production/_ext/2000113765/initialization.o
                0x0a00a0c0                __config_0A00A0C0

.config_0A00A0C4.__config_0A00A0C4%184
                0x0a00a0c4        0x4
 .config_0A00A0C4.__config_0A00A0C4
                0x0a00a0c4        0x4 build/pic32ck_gc01_cult/production/_ext/2000113765/initialization.o
                0x0a00a0c4                __config_0A00A0C4

.config_0A00A0C8.__config_0A00A0C8%185
                0x0a00a0c8        0x4
 .config_0A00A0C8.__config_0A00A0C8
                0x0a00a0c8        0x4 build/pic32ck_gc01_cult/production/_ext/2000113765/initialization.o
                0x0a00a0c8                __config_0A00A0C8

.config_0A00A0CC.__config_0A00A0CC%186
                0x0a00a0cc        0x4
 .config_0A00A0CC.__config_0A00A0CC
                0x0a00a0cc        0x4 build/pic32ck_gc01_cult/production/_ext/2000113765/initialization.o
                0x0a00a0cc                __config_0A00A0CC

.config_0A00A0D0.__config_0A00A0D0%187
                0x0a00a0d0        0x4
 .config_0A00A0D0.__config_0A00A0D0
                0x0a00a0d0        0x4 build/pic32ck_gc01_cult/production/_ext/2000113765/initialization.o
                0x0a00a0d0                __config_0A00A0D0

.config_0A00A0D4.__config_0A00A0D4%188
                0x0a00a0d4        0x4
 .config_0A00A0D4.__config_0A00A0D4
                0x0a00a0d4        0x4 build/pic32ck_gc01_cult/production/_ext/2000113765/initialization.o
                0x0a00a0d4                __config_0A00A0D4

.config_0A00A0D8.__config_0A00A0D8%189
                0x0a00a0d8        0x4
 .config_0A00A0D8.__config_0A00A0D8
                0x0a00a0d8        0x4 build/pic32ck_gc01_cult/production/_ext/2000113765/initialization.o
                0x0a00a0d8                __config_0A00A0D8

.config_0A00A0DC.__config_0A00A0DC%190
                0x0a00a0dc        0x4
 .config_0A00A0DC.__config_0A00A0DC
                0x0a00a0dc        0x4 build/pic32ck_gc01_cult/production/_ext/2000113765/initialization.o
                0x0a00a0dc                __config_0A00A0DC

.config_0A00A0E0.__config_0A00A0E0%191
                0x0a00a0e0        0x4
 .config_0A00A0E0.__config_0A00A0E0
                0x0a00a0e0        0x4 build/pic32ck_gc01_cult/production/_ext/2000113765/initialization.o
                0x0a00a0e0                __config_0A00A0E0

.config_0A00A0E4.__config_0A00A0E4%192
                0x0a00a0e4        0x4
 .config_0A00A0E4.__config_0A00A0E4
                0x0a00a0e4        0x4 build/pic32ck_gc01_cult/production/_ext/2000113765/initialization.o
                0x0a00a0e4                __config_0A00A0E4

.config_0A00A0E8.__config_0A00A0E8%193
                0x0a00a0e8        0x4
 .config_0A00A0E8.__config_0A00A0E8
                0x0a00a0e8        0x4 build/pic32ck_gc01_cult/production/_ext/2000113765/initialization.o
                0x0a00a0e8                __config_0A00A0E8

.config_0A00A0EC.__config_0A00A0EC%194
                0x0a00a0ec        0x4
 .config_0A00A0EC.__config_0A00A0EC
                0x0a00a0ec        0x4 build/pic32ck_gc01_cult/production/_ext/2000113765/initialization.o
                0x0a00a0ec                __config_0A00A0EC

.config_0A00A0F0.__config_0A00A0F0%195
                0x0a00a0f0        0x4
 .config_0A00A0F0.__config_0A00A0F0
                0x0a00a0f0        0x4 build/pic32ck_gc01_cult/production/_ext/2000113765/initialization.o
                0x0a00a0f0                __config_0A00A0F0

.config_0A00A0F4.__config_0A00A0F4%196
                0x0a00a0f4        0x4
 .config_0A00A0F4.__config_0A00A0F4
                0x0a00a0f4        0x4 build/pic32ck_gc01_cult/production/_ext/2000113765/initialization.o
                0x0a00a0f4                __config_0A00A0F4

.config_0A00A0F8.__config_0A00A0F8%197
                0x0a00a0f8        0x4
 .config_0A00A0F8.__config_0A00A0F8
                0x0a00a0f8        0x4 build/pic32ck_gc01_cult/production/_ext/2000113765/initialization.o
                0x0a00a0f8                __config_0A00A0F8

.config_0A00A0FC.__config_0A00A0FC%198
                0x0a00a0fc        0x4
 .config_0A00A0FC.__config_0A00A0FC
                0x0a00a0fc        0x4 build/pic32ck_gc01_cult/production/_ext/2000113765/initialization.o
                0x0a00a0fc                __config_0A00A0FC

.config_0A00A100.__config_0A00A100%199
                0x0a00a100        0x4
 .config_0A00A100.__config_0A00A100
                0x0a00a100        0x4 build/pic32ck_gc01_cult/production/_ext/2000113765/initialization.o
                0x0a00a100                __config_0A00A100

.config_0A00A110.__config_0A00A110%200
                0x0a00a110        0x4
 .config_0A00A110.__config_0A00A110
                0x0a00a110        0x4 build/pic32ck_gc01_cult/production/_ext/2000113765/initialization.o
                0x0a00a110                __config_0A00A110

.config_0A00A114.__config_0A00A114%201
                0x0a00a114        0x4
 .config_0A00A114.__config_0A00A114
                0x0a00a114        0x4 build/pic32ck_gc01_cult/production/_ext/2000113765/initialization.o
                0x0a00a114                __config_0A00A114

.config_0A00A118.__config_0A00A118%202
                0x0a00a118        0x4
 .config_0A00A118.__config_0A00A118
                0x0a00a118        0x4 build/pic32ck_gc01_cult/production/_ext/2000113765/initialization.o
                0x0a00a118                __config_0A00A118

.config_0A00A11C.__config_0A00A11C%203
                0x0a00a11c        0x4
 .config_0A00A11C.__config_0A00A11C
                0x0a00a11c        0x4 build/pic32ck_gc01_cult/production/_ext/2000113765/initialization.o
                0x0a00a11c                __config_0A00A11C

.config_0A00A120.__config_0A00A120%204
                0x0a00a120        0x4
 .config_0A00A120.__config_0A00A120
                0x0a00a120        0x4 build/pic32ck_gc01_cult/production/_ext/2000113765/initialization.o
                0x0a00a120                __config_0A00A120

.text.SERCOM4_I2C_InterruptHandler%205
                0x0c000020      0x1c4
 .text.SERCOM4_I2C_InterruptHandler
                0x0c000020      0x1c4 build/pic32ck_gc01_cult/production/_ext/1664426122/plib_sercom4_i2c_master.o
                0x0c000020                SERCOM4_I2C_InterruptHandler

.text.main%206  0x0c0001e4      0x154
 .text.main     0x0c0001e4      0x154 build/pic32ck_gc01_cult/production/_ext/1360937237/main.o
                0x0c0001e4                main

.text.CLOCK_Initialize%207
                0x0c000338       0x98
 .text.CLOCK_Initialize
                0x0c000338       0x98 build/pic32ck_gc01_cult/production/_ext/2123560367/plib_clock.o
                0x0c000338                CLOCK_Initialize

.dinit%208      0x0c0003d0       0x70
 .dinit         0x0c0003d0       0x70 data_init

.text.Reset_Handler%209
                0x0c000440       0x68
 .text.Reset_Handler
                0x0c000440       0x68 build/pic32ck_gc01_cult/production/_ext/2000113765/startup_xc32.o
                0x0c000440                Reset_Handler

.text.SERCOM4_I2C_Initialize%210
                0x0c0004a8       0x64
 .text.SERCOM4_I2C_Initialize
                0x0c0004a8       0x64 build/pic32ck_gc01_cult/production/_ext/1664426122/plib_sercom4_i2c_master.o
                0x0c0004a8                SERCOM4_I2C_Initialize

.text.__pic32c_data_initialization_impl%211
                0x0c00050c       0x60
 .text.__pic32c_data_initialization_impl
                0x0c00050c       0x60 c:/program files/microchip/xc32/v4.20/bin/bin/../../lib/gcc/pic32c/8.3.1/../../../../pic32c/lib/thumb/v8-m.main+fp/hard\libpic32c.a(data_init_0_1.o)
                0x0c00050c                __copy_needed
                0x0c00050c                __pic32c_data_initialization_impl

.text.NVIC_Initialize%212
                0x0c00056c       0x5c
 .text.NVIC_Initialize
                0x0c00056c       0x5c build/pic32ck_gc01_cult/production/_ext/207386401/plib_nvic.o
                0x0c00056c                NVIC_Initialize

.text.__libc_start_init%213
                0x0c0005c8       0x5c
 .text.__libc_start_init
                0x0c0005c8       0x5c c:/program files/microchip/xc32/v4.20/bin/bin/../../lib/gcc/pic32c/8.3.1/../../../../pic32c/lib/thumb/v8-m.main+fp/hard\libc-musl.a(__libc_start_main.o)
                0x0c0005c8                __libc_init_array

.text.SERCOM4_I2C_InitiateTransfer%214
                0x0c000624       0x4c
 .text.SERCOM4_I2C_InitiateTransfer
                0x0c000624       0x4c build/pic32ck_gc01_cult/production/_ext/1664426122/plib_sercom4_i2c_master.o

.text%215       0x0c000670       0x40
 .text          0x0c000670       0x40 c:/program files/microchip/xc32/v4.20/bin/bin/../../lib/gcc/pic32c/8.3.1/thumb/v8-m.main+fp/hard/crtbegin.o

.text.SERCOM4_I2C_Write%216
                0x0c0006b0       0x34
 .text.SERCOM4_I2C_Write
                0x0c0006b0       0x34 build/pic32ck_gc01_cult/production/_ext/1664426122/plib_sercom4_i2c_master.o
                0x0c0006b0                SERCOM4_I2C_Write

.text.SERCOM4_I2C_WriteRead%217
                0x0c0006e4       0x34
 .text.SERCOM4_I2C_WriteRead
                0x0c0006e4       0x34 build/pic32ck_gc01_cult/production/_ext/1664426122/plib_sercom4_i2c_master.o
                0x0c0006e4                SERCOM4_I2C_WriteRead

.text.PORT_Initialize%218
                0x0c000718       0x32
 .text.PORT_Initialize
                0x0c000718       0x32 build/pic32ck_gc01_cult/production/_ext/207439552/plib_port.o
                0x0c000718                PORT_Initialize

.text.SYS_Initialize%219
                0x0c00074a       0x1c
 .text.SYS_Initialize
                0x0c00074a       0x1c build/pic32ck_gc01_cult/production/_ext/2000113765/initialization.o
                0x0c00074a                SYS_Initialize

.text.APP_I2CCallback%220
                0x0c000766       0x1c
 .text.APP_I2CCallback
                0x0c000766       0x1c build/pic32ck_gc01_cult/production/_ext/1360937237/main.o
                0x0c000766                APP_I2CCallback

.text.memcmp%221
                0x0c000782       0x1c
 .text.memcmp   0x0c000782       0x1c c:/program files/microchip/xc32/v4.20/bin/bin/../../lib/gcc/pic32c/8.3.1/../../../../pic32c/lib/thumb/v8-m.main+fp/hard\libc-musl.a(memcmp.o)
                0x0c000782                memcmp

.text.PM_Initialize%222
                0x0c0007a0       0x10
 .text.PM_Initialize
                0x0c0007a0       0x10 build/pic32ck_gc01_cult/production/_ext/44908540/plib_pm.o
                0x0c0007a0                PM_Initialize

.text.SERCOM4_I2C_CallbackRegister%223
                0x0c0007b0        0xc
 .text.SERCOM4_I2C_CallbackRegister
                0x0c0007b0        0xc build/pic32ck_gc01_cult/production/_ext/1664426122/plib_sercom4_i2c_master.o
                0x0c0007b0                SERCOM4_I2C_CallbackRegister

.text.SERCOM4_I2C_ErrorGet%224
                0x0c0007bc        0xc
 .text.SERCOM4_I2C_ErrorGet
                0x0c0007bc        0xc build/pic32ck_gc01_cult/production/_ext/1664426122/plib_sercom4_i2c_master.o
                0x0c0007bc                SERCOM4_I2C_ErrorGet

.text.__pic32c_data_initialization%225
                0x0c0007c8        0x4
 .text.__pic32c_data_initialization
                0x0c0007c8        0x4 c:/program files/microchip/xc32/v4.20/bin/bin/../../lib/gcc/pic32c/8.3.1/../../../../pic32c/lib/thumb/v8-m.main+fp/hard\libpic32c.a(data_init_wrapper.o)
                0x0c0007c8                __pic32c_data_initialization

.text.EVSYS_Initialize%226
                0x0c00079e        0x2
 .text.EVSYS_Initialize
                0x0c00079e        0x2 build/pic32ck_gc01_cult/production/_ext/2125709853/plib_evsys.o
                0x0c00079e                EVSYS_Initialize

.text.NonMaskableInt_Handler%227
                0x0c0007cc        0x2
 .text.NonMaskableInt_Handler
                0x0c0007cc        0x2 build/pic32ck_gc01_cult/production/_ext/2000113765/exceptions.o
                0x0c0007cc                NonMaskableInt_Handler

.text.HardFault_Handler%228
                0x0c0007ce        0x2
 .text.HardFault_Handler
                0x0c0007ce        0x2 build/pic32ck_gc01_cult/production/_ext/2000113765/exceptions.o
                0x0c0007ce                HardFault_Handler

.text.Dummy_Handler%229
                0x0c0007d0        0x2
 .text.Dummy_Handler
                0x0c0007d0        0x2 build/pic32ck_gc01_cult/production/_ext/2000113765/interrupts.o
                0x0c0007d0                EIC_EXTINT_9_Handler
                0x0c0007d0                SVCall_Handler
                0x0c0007d0                SERCOM0_2_Handler
                0x0c0007d0                DMA0_PRI1_Handler
                0x0c0007d0                TCC4_OTHER_Handler
                0x0c0007d0                EVSYS_0_Handler
                0x0c0007d0                TCC0_MC_0_Handler
                0x0c0007d0                TCC7_MC_0_Handler
                0x0c0007d0                TRNG_Handler
                0x0c0007d0                USB_TRCPT0_Handler
                0x0c0007d0                AC_Handler
                0x0c0007d0                EIC_EXTINT_5_Handler
                0x0c0007d0                SPI_IXS_Handler
                0x0c0007d0                ADC_1_Handler
                0x0c0007d0                SERCOM3_1_Handler
                0x0c0007d0                TCC0_MC_3_Handler
                0x0c0007d0                SysTick_Handler
                0x0c0007d0                SERCOM3_2_Handler
                0x0c0007d0                TCC3_MC_2_Handler
                0x0c0007d0                EIC_EXTINT_6_Handler
                0x0c0007d0                PendSV_Handler
                0x0c0007d0                SERCOM7_56_Handler
                0x0c0007d0                SERCOM0_4_Handler