Archive member included to satisfy reference by file (symbol)

c:/program files/microchip/xc32/v4.20/bin/bin/../../lib/gcc/pic32c/8.3.1/../../../../pic32c/lib/thumb/v8-m.main+fp/hard\libpic32c.a(data_init_wrapper.o)
                              build/pic32ck_gc01_cult/production/_ext/2000113765/startup_xc32.o (__pic32c_data_initialization)
c:/program files/microchip/xc32/v4.20/bin/bin/../../lib/gcc/pic32c/8.3.1/../../../../pic32c/lib/thumb/v8-m.main+fp/hard\libpic32c.a(data_init_0_1.o)
                              c:/program files/microchip/xc32/v4.20/bin/bin/../../lib/gcc/pic32c/8.3.1/../../../../pic32c/lib/thumb/v8-m.main+fp/hard\libpic32c.a(data_init_wrapper.o) (__pic32c_data_initialization_impl)
c:/program files/microchip/xc32/v4.20/bin/bin/../../lib/gcc/pic32c/8.3.1/../../../../pic32c/lib/thumb/v8-m.main+fp/hard\libc-musl.a(__libc_start_main.o)
                              build/pic32ck_gc01_cult/production/_ext/2000113765/startup_xc32.o (__libc_init_array)
c:/program files/microchip/xc32/v4.20/bin/bin/../../lib/gcc/pic32c/8.3.1/../../../../pic32c/lib/thumb/v8-m.main+fp/hard\libc-musl.a(libc.o)
                              c:/program files/microchip/xc32/v4.20/bin/bin/../../lib/gcc/pic32c/8.3.1/../../../../pic32c/lib/thumb/v8-m.main+fp/hard\libc-musl.a(__libc_start_main.o) (__progname_full)
c:/program files/microchip/xc32/v4.20/bin/bin/../../lib/gcc/pic32c/8.3.1/../../../../pic32c/lib/thumb/v8-m.main+fp/hard\libc-musl.a(stdin.o)
                              build/pic32ck_gc01_cult/production/_ext/2000113765/initialization.o (_stdin)
c:/program files/microchip/xc32/v4.20/bin/bin/../../lib/gcc/pic32c/8.3.1/../../../../pic32c/lib/thumb/v8-m.main+fp/hard\libc-musl.a(stdout.o)
                              build/pic32ck_gc01_cult/production/_ext/2000113765/initialization.o (_stdout)
c:/program files/microchip/xc32/v4.20/bin/bin/../../lib/gcc/pic32c/8.3.1/../../../../pic32c/lib/thumb/v8-m.main+fp/hard\libc-musl.a(printf.o)
                              build/pic32ck_gc01_cult/production/_ext/1360937237/main.o (printf)
c:/program files/microchip/xc32/v4.20/bin/bin/../../lib/gcc/pic32c/8.3.1/../../../../pic32c/lib/thumb/v8-m.main+fp/hard\libc-musl.a(setbuf.o)
                              build/pic32ck_gc01_cult/production/_ext/2000113765/initialization.o (setbuf)
c:/program files/microchip/xc32/v4.20/bin/bin/../../lib/gcc/pic32c/8.3.1/../../../../pic32c/lib/thumb/v8-m.main+fp/hard\libc-musl.a(__environ.o)
                              c:/program files/microchip/xc32/v4.20/bin/bin/../../lib/gcc/pic32c/8.3.1/../../../../pic32c/lib/thumb/v8-m.main+fp/hard\libc-musl.a(__libc_start_main.o) (__environ)
c:/program files/microchip/xc32/v4.20/bin/bin/../../lib/gcc/pic32c/8.3.1/../../../../pic32c/lib/thumb/v8-m.main+fp/hard\libc-musl.a(__io_init_needed.o)
                              c:/program files/microchip/xc32/v4.20/bin/bin/../../lib/gcc/pic32c/8.3.1/../../../../pic32c/lib/thumb/v8-m.main+fp/hard\libc-musl.a(stdout.o) (__io_init_needed)
c:/program files/microchip/xc32/v4.20/bin/bin/../../lib/gcc/pic32c/8.3.1/../../../../pic32c/lib/thumb/v8-m.main+fp/hard\libc-musl.a(__io_rw_needed.o)
                              c:/program files/microchip/xc32/v4.20/bin/bin/../../lib/gcc/pic32c/8.3.1/../../../../pic32c/lib/thumb/v8-m.main+fp/hard\libc-musl.a(stdin.o) (__io_rw_needed)
c:/program files/microchip/xc32/v4.20/bin/bin/../../lib/gcc/pic32c/8.3.1/../../../../pic32c/lib/thumb/v8-m.main+fp/hard\libc-musl.a(__stdio_read.o)
                              c:/program files/microchip/xc32/v4.20/bin/bin/../../lib/gcc/pic32c/8.3.1/../../../../pic32c/lib/thumb/v8-m.main+fp/hard\libc-musl.a(stdin.o) (__stdio_read)
c:/program files/microchip/xc32/v4.20/bin/bin/../../lib/gcc/pic32c/8.3.1/../../../../pic32c/lib/thumb/v8-m.main+fp/hard\libc-musl.a(__towrite_rw.o)
                              c:/program files/microchip/xc32/v4.20/bin/bin/../../lib/gcc/pic32c/8.3.1/../../../../pic32c/lib/thumb/v8-m.main+fp/hard\libc-musl.a(__io_rw_needed.o) (__towrite_rw_needed)
c:/program files/microchip/xc32/v4.20/bin/bin/../../lib/gcc/pic32c/8.3.1/../../../../pic32c/lib/thumb/v8-m.main+fp/hard\libc-musl.a(setvbuf.o)
                              c:/program files/microchip/xc32/v4.20/bin/bin/../../lib/gcc/pic32c/8.3.1/../../../../pic32c/lib/thumb/v8-m.main+fp/hard\libc-musl.a(setbuf.o) (setvbuf)
c:/program files/microchip/xc32/v4.20/bin/bin/../../lib/gcc/pic32c/8.3.1/../../../../pic32c/lib/thumb/v8-m.main+fp/hard\libc-musl.a(vfprintf.o)
                              c:/program files/microchip/xc32/v4.20/bin/bin/../../lib/gcc/pic32c/8.3.1/../../../../pic32c/lib/thumb/v8-m.main+fp/hard\libc-musl.a(printf.o) (vfprintf)
c:/program files/microchip/xc32/v4.20/bin/bin/../../lib/gcc/pic32c/8.3.1/../../../../pic32c/lib/thumb/v8-m.main+fp/hard\libc-musl.a(readv.o)
                              c:/program files/microchip/xc32/v4.20/bin/bin/../../lib/gcc/pic32c/8.3.1/../../../../pic32c/lib/thumb/v8-m.main+fp/hard\libc-musl.a(__stdio_read.o) (readv)
[...]
Memory Configuration

Name             Origin             Length             Attributes
boot_rom         0x08000000         0x00020000         xrl
rom              0x0c000000         0x00200000         xrl
ram              0x00000000         0x00001000         xw !r
*default*        0x00000000         0xffffffff

Linker script and memory map

LOAD c:/program files/microchip/xc32/v4.20/bin/bin/../../lib/gcc/pic32c/8.3.1/thumb/v8-m.main+fp/hard/crti.o
LOAD c:/program files/microchip/xc32/v4.20/bin/bin/../../lib/gcc/pic32c/8.3.1/thumb/v8-m.main+fp/hard/crtbegin.o
LOAD build/pic32ck_gc01_cult/production/_ext/1641476138/plib_sercom5_usart.o
LOAD build/pic32ck_gc01_cult/production/_ext/2000113765/exceptions.o
LOAD build/pic32ck_gc01_cult/production/_ext/2000113765/initialization.o
LOAD build/pic32ck_gc01_cult/production/_ext/1821514987/xc32_monitor.o
LOAD build/pic32ck_gc01_cult/production/_ext/2123560367/plib_clock.o
LOAD build/pic32ck_gc01_cult/production/_ext/2000113765/startup_xc32.o
LOAD build/pic32ck_gc01_cult/production/_ext/2000113765/interrupts.o
LOAD build/pic32ck_gc01_cult/production/_ext/44908540/plib_pm.o
LOAD build/pic32ck_gc01_cult/production/_ext/207049865/plib_cmcc.o
LOAD build/pic32ck_gc01_cult/production/_ext/207439552/plib_port.o
LOAD build/pic32ck_gc01_cult/production/_ext/1392154144/plib_eic.o
LOAD build/pic32ck_gc01_cult/production/_ext/2125709853/plib_evsys.o
LOAD build/pic32ck_gc01_cult/production/_ext/2000113765/libc_syscalls.o
LOAD build/pic32ck_gc01_cult/production/_ext/207561462/plib_trng.o
LOAD build/pic32ck_gc01_cult/production/_ext/207386401/plib_nvic.o
LOAD build/pic32ck_gc01_cult/production/_ext/1360937237/main.o
                0x00000001                __MPLAB_BUILD = 0x1
                0x0c200000                __rom_end = (ORIGIN (rom) + LENGTH (rom))
                0x00001000                __ram_end = (ORIGIN (ram) + LENGTH (ram))

.vectors        0x08000000      0x2ac
                0x08000000                . = ALIGN (0x4)
                0x08000000                _sfixed = .
 *(.vectors .vectors.* .vectors_default .vectors_default.*)
 .vectors.exception_table
                0x08000000      0x2ac build/pic32ck_gc01_cult/production/_ext/2000113765/interrupts.o
                0x08000000                exception_table
 *(.isr_vector)
 *(.reset*)
 *(.after_vectors)

.text           0x0c000000       0x20
                0x0c000000                . = ALIGN (0x4)
 *(.glue_7t)
 .glue_7t       0x0c000000        0x0 linker stubs
 *(.glue_7)
 .glue_7        0x0c000000        0x0 linker stubs
 *(.gnu.linkonce.r.*)
 *(.ARM.extab* .gnu.linkonce.armextab.*)
                0x0c000000                . = ALIGN (0x4)
 *(.init)
 .init          0x0c000000        0x4 c:/program files/microchip/xc32/v4.20/bin/bin/../../lib/gcc/pic32c/8.3.1/thumb/v8-m.main+fp/hard/crti.o
                0x0c000000                _init
 .init          0x0c000004        0x8 c:/program files/microchip/xc32/v4.20/bin/bin/../../lib/gcc/pic32c/8.3.1/thumb/v8-m.main+fp/hard/crtn.o
                0x0c00000c                . = ALIGN (0x4)
                0x0c00000c                __preinit_array_start = .
 *(.preinit_array)
                0x0c00000c                __preinit_array_end = .
                0x0c00000c                . = ALIGN (0x4)
                0x0c00000c                __init_array_start = .
 *(SORT_BY_NAME(.init_array.*))
 *(.init_array)
 .init_array    0x0c00000c        0x4 c:/program files/microchip/xc32/v4.20/bin/bin/../../lib/gcc/pic32c/8.3.1/thumb/v8-m.main+fp/hard/crtbegin.o
                0x0c000010                __init_array_end = .
                0x0c000010                . = ALIGN (0x4)
 *crtbegin.o(.ctors)
 *(EXCLUDE_FILE(*crtend.o) .ctors)
 *(SORT_BY_NAME(.ctors.*))
 *crtend.o(.ctors)
                0x0c000010                . = ALIGN (0x4)
 *(.fini)
 .fini          0x0c000010        0x4 c:/program files/microchip/xc32/v4.20/bin/bin/../../lib/gcc/pic32c/8.3.1/thumb/v8-m.main+fp/hard/crti.o
                0x0c000010                _fini
 .fini          0x0c000014        0x8 c:/program files/microchip/xc32/v4.20/bin/bin/../../lib/gcc/pic32c/8.3.1/thumb/v8-m.main+fp/hard/crtn.o
                0x0c00001c                . = ALIGN (0x4)
                0x0c00001c                __fini_array_start = .
 *(.fini_array)
 .fini_array    0x0c00001c        0x4 c:/program files/microchip/xc32/v4.20/bin/bin/../../lib/gcc/pic32c/8.3.1/thumb/v8-m.main+fp/hard/crtbegin.o
 *(SORT_BY_NAME(.fini_array.*))
                0x0c000020                __fini_array_end = .
 *crtbegin.o(.dtors)
 *(EXCLUDE_FILE(*crtend.o) .dtors)
 *(SORT_BY_NAME(.dtors.*))
 *crtend.o(.dtors)
                0x0c000020                . = ALIGN (0x4)
                0x0c000020                _efixed = .
                [!provide]                PROVIDE (__exidx_start = .)

.ARM.exidx      0x0c000020        0x8
 *(.ARM.exidx* .gnu.linkonce.armexidx.*)
 .ARM.exidx     0x0c000020        0x8 c:/program files/microchip/xc32/v4.20/bin/bin/../../lib/gcc/pic32c/8.3.1/thumb/v8-m.main+fp/hard\libgcc.a(_udivmoddi4.o)
                [!provide]                PROVIDE (__exidx_end = .)
                0x0c000028                . = ALIGN (0x4)
                0x0c000028                _etext = .

.bss            0x00000000        0x0
                0x00000000                . = ALIGN (0x4)
                0x00000000                __bss_start__ = .
                0x00000000                _sbss = .
                0x00000000                _szero = .
 *(COMMON)
                0x00000000                . = ALIGN (0x4)
                0x00000000                __bss_end__ = .
                0x00000000                _ebss = .
                0x00000000                _ezero = .
                0x00000000                . = ALIGN (0x4)
                0x00000000                _end = .
                0x00000fff                _ram_end_ = ((ORIGIN (ram) + LENGTH (ram)) - 0x1)
                0x00000200                _min_heap_size = 0x200
START GROUP
LOAD c:/program files/microchip/xc32/v4.20/bin/bin/../../lib/gcc/pic32c/8.3.1/../../../../pic32c/lib/thumb/v8-m.main+fp/hard\libpic32c.a
LOAD c:/program files/microchip/xc32/v4.20/bin/bin/../../lib/gcc/pic32c/8.3.1/../../../../pic32c/lib/thumb/v8-m.main+fp/hard\libm-emfloat.a
LOAD c:/program files/microchip/xc32/v4.20/bin/bin/../../lib/gcc/pic32c/8.3.1/../../../../pic32c/lib/thumb/v8-m.main+fp/hard\libc-musl.a
LOAD c:/program files/microchip/xc32/v4.20/bin/bin/../../lib/gcc/pic32c/8.3.1/../../../../pic32c/lib/thumb/v8-m.main+fp/hard\libm-emfloat.a
LOAD c:/program files/microchip/xc32/v4.20/bin/bin/../../lib/gcc/pic32c/8.3.1/thumb/v8-m.main+fp/hard\libgcc.a
END GROUP
LOAD c:/program files/microchip/xc32/v4.20/bin/bin/../../lib/gcc/pic32c/8.3.1/thumb/v8-m.main+fp/hard/crtend.o
LOAD c:/program files/microchip/xc32/v4.20/bin/bin/../../lib/gcc/pic32c/8.3.1/thumb/v8-m.main+fp/hard/crtn.o
OUTPUT(dist/pic32ck_gc01_cult/production/pic32ck_gc01_cult.X.production.elf elf32-littlearm)
LOAD stack
LOAD data_init

.ARM.attributes
                0x00000000       0x36
 .ARM.attributes
                0x00000000       0x22 c:/program files/microchip/xc32/v4.20/bin/bin/../../lib/gcc/pic32c/8.3.1/thumb/v8-m.main+fp/hard/crti.o
 .ARM.attributes
                0x00000022       0x38 c:/program files/microchip/xc32/v4.20/bin/bin/../../lib/gcc/pic32c/8.3.1/thumb/v8-m.main+fp/hard/crtbegin.o
 .ARM.attributes
                0x0000005a       0x38 build/pic32ck_gc01_cult/production/_ext/1641476138/plib_sercom5_usart.o
 .ARM.attributes
                0x00000092       0x38 build/pic32ck_gc01_cult/production/_ext/2000113765/exceptions.o
 .ARM.attributes
                0x000000ca       0x38 build/pic32ck_gc01_cult/production/_ext/2000113765/initialization.o
 .ARM.attributes
                0x00000102       0x38 build/pic32ck_gc01_cult/production/_ext/1821514987/xc32_monitor.o
 .ARM.attributes
                0x0000013a       0x38 build/pic32ck_gc01_cult/production/_ext/2123560367/plib_clock.o
 .ARM.attributes
                0x00000172       0x38 build/pic32ck_gc01_cult/production/_ext/2000113765/startup_xc32.o
 .ARM.attributes
                0x000001aa       0x38 build/pic32ck_gc01_cult/production/_ext/2000113765/interrupts.o
 .ARM.attributes
                0x000001e2       0x38 build/pic32ck_gc01_cult/production/_ext/44908540/plib_pm.o
 .ARM.attributes
                0x0000021a       0x38 build/pic32ck_gc01_cult/production/_ext/207439552/plib_port.o
 .ARM.attributes
                0x00000252       0x38 build/pic32ck_gc01_cult/production/_ext/1392154144/plib_eic.o
 .ARM.attributes
                0x0000028a       0x38 build/pic32ck_gc01_cult/production/_ext/2125709853/plib_evsys.o
 .ARM.attributes
                0x000002c2       0x38 build/pic32ck_gc01_cult/production/_ext/207561462/plib_trng.o
 .ARM.attributes
                0x000002fa       0x38 build/pic32ck_gc01_cult/production/_ext/207386401/plib_nvic.o
 .ARM.attributes
                0x00000332       0x38 build/pic32ck_gc01_cult/production/_ext/1360937237/main.o
 .ARM.attributes
                0x0000036a       0x38 c:/program files/microchip/xc32/v4.20/bin/bin/../../lib/gcc/pic32c/8.3.1/../../../../pic32c/lib/thumb/v8-m.main+fp/hard\libpic32c.a(data_init_wrapper.o)
 .ARM.attributes
                0x000003a2       0x38 c:/program files/microchip/xc32/v4.20/bin/bin/../../lib/gcc/pic32c/8.3.1/../../../../pic32c/lib/thumb/v8-m.main+fp/hard\libpic32c.a(data_init_0_1.o)
 .ARM.attributes
                0x000003da       0x3a c:/program files/microchip/xc32/v4.20/bin/bin/../../lib/gcc/pic32c/8.3.1/../../../../pic32c/lib/thumb/v8-m.main+fp/hard\libc-musl.a(__libc_start_main.o)
 .ARM.attributes
                0x00000414       0x38 c:/program files/microchip/xc32/v4.20/bin/bin/../../lib/gcc/pic32c/8.3.1/../../../../pic32c/lib/thumb/v8-m.main+fp/hard\libc-musl.a(libc.o)
 .ARM.attributes
                0x0000044c       0x3a c:/program files/microchip/xc32/v4.20/bin/bin/../../lib/gcc/pic32c/8.3.1/../../../../pic32c/lib/thumb/v8-m.main+fp/hard\libc-musl.a(stdin.o)
 .ARM.attributes
                0x00000486       0x3a c:/program files/microchip/xc32/v4.20/bin/bin/../../lib/gcc/pic32c/8.3.1/../../../../pic32c/lib/thumb/v8-m.main+fp/hard\libc-musl.a(stdout.o)
 .ARM.attributes
                0x000004c0       0x3a c:/program files/microchip/xc32/v4.20/bin/bin/../../lib/gcc/pic32c/8.3.1/../../../../pic32c/lib/thumb/v8-m.main+fp/hard\libc-musl.a(printf.o)
 .ARM.attributes
                0x000004fa       0x3a c:/program files/microchip/xc32/v4.20/bin/bin/../../lib/gcc/pic32c/8.3.1/../../../../pic32c/lib/thumb/v8-m.main+fp/hard\libc-musl.a(setbuf.o)
 .ARM.attributes
                0x00000534       0x38 c:/program files/microchip/xc32/v4.20/bin/bin/../../lib/gcc/pic32c/8.3.1/../../../../pic32c/lib/thumb/v8-m.main+fp/hard\libc-musl.a(__environ.o)
 .ARM.attributes
                0x0000056c       0x3a c:/program files/microchip/xc32/v4.20/bin/bin/../../lib/gcc/pic32c/8.3.1/../../../../pic32c/lib/thumb/v8-m.main+fp/hard\libc-musl.a(__stdio_read.o)
 .ARM.attributes
                0x000005a6       0x3a c:/program files/microchip/xc32/v4.20/bin/bin/../../lib/gcc/pic32c/8.3.1/../../../../pic32c/lib/thumb/v8-m.main+fp/hard\libc-musl.a(__towrite_rw.o)
 .ARM.attributes
                0x000005e0       0x3a c:/program files/microchip/xc32/v4.20/bin/bin/../../lib/gcc/pic32c/8.3.1/../../../../pic32c/lib/thumb/v8-m.main+fp/hard\libc-musl.a(setvbuf.o)
 .ARM.attributes
                0x0000061a       0x3a c:/program files/microchip/xc32/v4.20/bin/bin/../../lib/gcc/pic32c/8.3.1/../../../../pic32c/lib/thumb/v8-m.main+fp/hard\libc-musl.a(vfprintf.o)
 .ARM.attributes
                0x00000654       0x3a c:/program files/microchip/xc32/v4.20/bin/bin/../../lib/gcc/pic32c/8.3.1/../../../../pic32c/lib/thumb/v8-m.main+fp/hard\libc-musl.a(readv.o)
 .ARM.attributes
                0x0000068e       0x3a c:/program files/microchip/xc32/v4.20/bin/bin/../../lib/gcc/pic32c/8.3.1/../../../../pic32c/lib/thumb/v8-m.main+fp/hard\libc-musl.a(malloc.o)
 .ARM.attributes
                0x000006c8       0x3a c:/program files/microchip/xc32/v4.20/bin/bin/../../lib/gcc/pic32c/8.3.1/../../../../pic32c/lib/thumb/v8-m.main+fp/hard\libc-musl.a(expand_heap.o)
 .ARM.attributes
                0x00000702       0x3a c:/program files/microchip/xc32/v4.20/bin/bin/../../lib/gcc/pic32c/8.3.1/../../../../pic32c/lib/thumb/v8-m.main+fp/hard\libc-musl.a(__init_stdio.o)
 .ARM.attributes
                0x0000073c       0x3a c:/program files/microchip/xc32/v4.20/bin/bin/../../lib/gcc/pic32c/8.3.1/../../../../pic32c/lib/thumb/v8-m.main+fp/hard\libc-musl.a(__out.o)
 .ARM.attributes
                0x00000776       0x3a c:/program files/microchip/xc32/v4.20/bin/bin/../../lib/gcc/pic32c/8.3.1/../../../../pic32c/lib/thumb/v8-m.main+fp/hard\libc-musl.a(__pop_float.o)
 .ARM.attributes
                0x000007b0       0x3a c:/program files/microchip/xc32/v4.20/bin/bin/../../lib/gcc/pic32c/8.3.1/../../../../pic32c/lib/thumb/v8-m.main+fp/hard\libc-musl.a(__pop_int.o)
 .ARM.attributes
                0x000007ea       0x3a c:/program files/microchip/xc32/v4.20/bin/bin/../../lib/gcc/pic32c/8.3.1/../../../../pic32c/lib/thumb/v8-m.main+fp/hard\libc-musl.a(__pop_ptr.o)
 .ARM.attributes
                0x00000824       0x3a c:/program files/microchip/xc32/v4.20/bin/bin/../../lib/gcc/pic32c/8.3.1/../../../../pic32c/lib/thumb/v8-m.main+fp/hard\libc-musl.a(__printf_core.o)
 .ARM.attributes
                0x0000085e       0x3a c:/program files/microchip/xc32/v4.20/bin/bin/../../lib/gcc/pic32c/8.3.1/../../../../pic32c/lib/thumb/v8-m.main+fp/hard\libc-musl.a(__stderr.o)
 .ARM.attributes
                0x00000898       0x3a c:/program files/microchip/xc32/v4.20/bin/bin/../../lib/gcc/pic32c/8.3.1/../../../../pic32c/lib/thumb/v8-m.main+fp/hard\libc-musl.a(__stdio_close.o)
 .ARM.attributes
                0x000008d2       0x3a c:/program files/microchip/xc32/v4.20/bin/bin/../../lib/gcc/pic32c/8.3.1/../../../../pic32c/lib/thumb/v8-m.main+fp/hard\libc-musl.a(__stdio_write.o)
 .ARM.attributes
                0x0000090c       0x3a c:/program files/microchip/xc32/v4.20/bin/bin/../../lib/gcc/pic32c/8.3.1/../../../../pic32c/lib/thumb/v8-m.main+fp/hard\libc-musl.a(__stdout.o)
 .ARM.attributes
                0x00000946       0x3a c:/program files/microchip/xc32/v4.20/bin/bin/../../lib/gcc/pic32c/8.3.1/../../../../pic32c/lib/thumb/v8-m.main+fp/hard\libc-musl.a(__towrite.o)
 .ARM.attributes
                0x00000980       0x3a c:/program files/microchip/xc32/v4.20/bin/bin/../../lib/gcc/pic32c/8.3.1/../../../../pic32c/lib/thumb/v8-m.main+fp/hard\libc-musl.a(atoi.o)
 .ARM.attributes
                0x000009ba       0x3a c:/program files/microchip/xc32/v4.20/bin/bin/../../lib/gcc/pic32c/8.3.1/../../../../pic32c/lib/thumb/v8-m.main+fp/hard\libc-musl.a(memcpy.o)
 .ARM.attributes
                0x000009f4       0x3a c:/program files/microchip/xc32/v4.20/bin/bin/../../lib/gcc/pic32c/8.3.1/../../../../pic32c/lib/thumb/v8-m.main+fp/hard\libc-musl.a(memset.o)
 .ARM.attributes
                0x00000a2e       0x3a c:/program files/microchip/xc32/v4.20/bin/bin/../../lib/gcc/pic32c/8.3.1/../../../../pic32c/lib/thumb/v8-m.main+fp/hard\libc-musl.a(writev.o)
 .ARM.attributes
                0x00000a68       0x3a c:/program files/microchip/xc32/v4.20/bin/bin/../../lib/gcc/pic32c/8.3.1/../../../../pic32c/lib/thumb/v8-m.main+fp/hard\libc-musl.a(tolower.o)
 .ARM.attributes
                0x00000aa2       0x38 c:/program files/microchip/xc32/v4.20/bin/bin/../../lib/gcc/pic32c/8.3.1/../../../../pic32c/lib/thumb/v8-m.main+fp/hard\libc-musl.a(__errno_location.o)
 .ARM.attributes
                0x00000ada       0x3a c:/program files/microchip/xc32/v4.20/bin/bin/../../lib/gcc/pic32c/8.3.1/../../../../pic32c/lib/thumb/v8-m.main+fp/hard\libc-musl.a(__fmt_a.o)
 .ARM.attributes
                0x00000b14       0x3a c:/program files/microchip/xc32/v4.20/bin/bin/../../lib/gcc/pic32c/8.3.1/../../../../pic32c/lib/thumb/v8-m.main+fp/hard\libc-musl.a(__fmt_d.o)
 .ARM.attributes
                0x00000b4e       0x3a c:/program files/microchip/xc32/v4.20/bin/bin/../../lib/gcc/pic32c/8.3.1/../../../../pic32c/lib/thumb/v8-m.main+fp/hard\libc-musl.a(__fmt_fp.o)
 .ARM.attributes
                0x00000b88       0x3a c:/program files/microchip/xc32/v4.20/bin/bin/../../lib/gcc/pic32c/8.3.1/../../../../pic32c/lib/thumb/v8-m.main+fp/hard\libc-musl.a(__fmt_o.o)
 .ARM.attributes
                0x00000bc2       0x3a c:/program files/microchip/xc32/v4.20/bin/bin/../../lib/gcc/pic32c/8.3.1/../../../../pic32c/lib/thumb/v8-m.main+fp/hard\libc-musl.a(__fmt_s.o)
 .ARM.attributes
                0x00000bfc       0x3a c:/program files/microchip/xc32/v4.20/bin/bin/../../lib/gcc/pic32c/8.3.1/../../../../pic32c/lib/thumb/v8-m.main+fp/hard\libc-musl.a(__fmt_u.o)
 .ARM.attributes
                0x00000c36       0x3a c:/program files/microchip/xc32/v4.20/bin/bin/../../lib/gcc/pic32c/8.3.1/../../../../pic32c/lib/thumb/v8-m.main+fp/hard\libc-musl.a(__fmt_x.o)
 .ARM.attributes
                0x00000c70       0x3a c:/program files/microchip/xc32/v4.20/bin/bin/../../lib/gcc/pic32c/8.3.1/../../../../pic32c/lib/thumb/v8-m.main+fp/hard\libc-musl.a(__fwrite.o)
 .ARM.attributes
                0x00000caa       0x3a c:/program files/microchip/xc32/v4.20/bin/bin/../../lib/gcc/pic32c/8.3.1/../../../../pic32c/lib/thumb/v8-m.main+fp/hard\libc-musl.a(strlen.o)
 .ARM.attributes
                0x00000ce4       0x3a c:/program files/microchip/xc32/v4.20/bin/bin/../../lib/gcc/pic32c/8.3.1/../../../../pic32c/lib/thumb/v8-m.main+fp/hard\libc-musl.a(strcpy.o)
 .ARM.attributes
                0x00000d1e       0x3a c:/program files/microchip/xc32/v4.20/bin/bin/../../lib/gcc/pic32c/8.3.1/../../../../pic32c/lib/thumb/v8-m.main+fp/hard\libc-musl.a(toupper.o)
 .ARM.attributes
                0x00000d58       0x3a c:/program files/microchip/xc32/v4.20/bin/bin/../../lib/gcc/pic32c/8.3.1/../../../../pic32c/lib/thumb/v8-m.main+fp/hard\libc-musl.a(stpcpy.o)
 .ARM.attributes
                0x00000d92       0x38 c:/program files/microchip/xc32/v4.20/bin/bin/../../lib/gcc/pic32c/8.3.1/../../../../pic32c/lib/thumb/v8-m.main+fp/hard\libm-emfloat.a(fma.o)
 .ARM.attributes
                0x00000dca       0x38 c:/program files/microchip/xc32/v4.20/bin/bin/../../lib/gcc/pic32c/8.3.1/../../../../pic32c/lib/thumb/v8-m.main+fp/hard\libm-emfloat.a(floor.o)
 .ARM.attributes
                0x00000e02       0x24 c:/program files/microchip/xc32/v4.20/bin/bin/../../lib/gcc/pic32c/8.3.1/../../../../pic32c/lib/thumb/v8-m.main+fp/hard\libm-emfloat.a(__aeabi_dadd.o)
 .ARM.attributes
                0x00000e26       0x24 c:/program files/microchip/xc32/v4.20/bin/bin/../../lib/gcc/pic32c/8.3.1/../../../../pic32c/lib/thumb/v8-m.main+fp/hard\libm-emfloat.a(__aeabi_dsub.o)
 .ARM.attributes
                0x00000e4a       0x24 c:/program files/microchip/xc32/v4.20/bin/bin/../../lib/gcc/pic32c/8.3.1/../../../../pic32c/lib/thumb/v8-m.main+fp/hard\libm-emfloat.a(__aeabi_dmul.o)
 .ARM.attributes
                0x00000e6e       0x24 c:/program files/microchip/xc32/v4.20/bin/bin/../../lib/gcc/pic32c/8.3.1/../../../../pic32c/lib/thumb/v8-m.main+fp/hard\libm-emfloat.a(__aeabi_ddiv.o)
 .ARM.attributes
                0x00000e92       0x24 c:/program files/microchip/xc32/v4.20/bin/bin/../../lib/gcc/pic32c/8.3.1/../../../../pic32c/lib/thumb/v8-m.main+fp/hard\libm-emfloat.a(__aeabi_dcmple.o)
 .ARM.attributes
                0x00000eb6       0x24 c:/program files/microchip/xc32/v4.20/bin/bin/../../lib/gcc/pic32c/8.3.1/../../../../pic32c/lib/thumb/v8-m.main+fp/hard\libm-emfloat.a(__aeabi_dcmpeq.o)
 .ARM.attributes
                0x00000eda       0x24 c:/program files/microchip/xc32/v4.20/bin/bin/../../lib/gcc/pic32c/8.3.1/../../../../pic32c/lib/thumb/v8-m.main+fp/hard\libm-emfloat.a(__aeabi_dcmpgt.o)
 .ARM.attributes
                0x00000efe       0x24 c:/program files/microchip/xc32/v4.20/bin/bin/../../lib/gcc/pic32c/8.3.1/../../../../pic32c/lib/thumb/v8-m.main+fp/hard\libm-emfloat.a(__aeabi_dcmplt.o)
 .ARM.attributes
                0x00000f22       0x24 c:/program files/microchip/xc32/v4.20/bin/bin/../../lib/gcc/pic32c/8.3.1/../../../../pic32c/lib/thumb/v8-m.main+fp/hard\libm-emfloat.a(__aeabi_d2iz.o)
 .ARM.attributes
                0x00000f46       0x22 c:/program files/microchip/xc32/v4.20/bin/bin/../../lib/gcc/pic32c/8.3.1/thumb/v8-m.main+fp/hard\libgcc.a(_aeabi_uldivmod.o)
 .ARM.attributes
                0x00000f68       0x38 c:/program files/microchip/xc32/v4.20/bin/bin/../../lib/gcc/pic32c/8.3.1/thumb/v8-m.main+fp/hard\libgcc.a(_udivmoddi4.o)
 .ARM.attributes
                0x00000fa0       0x22 c:/program files/microchip/xc32/v4.20/bin/bin/../../lib/gcc/pic32c/8.3.1/thumb/v8-m.main+fp/hard\libgcc.a(_dvmd_tls.o)
 .ARM.attributes
                0x00000fc2       0x38 c:/program files/microchip/xc32/v4.20/bin/bin/../../lib/gcc/pic32c/8.3.1/../../../../pic32c/lib/thumb/v8-m.main+fp/hard\libpic32c.a(close.o)
 .ARM.attributes
                0x00000ffa       0x38 c:/program files/microchip/xc32/v4.20/bin/bin/../../lib/gcc/pic32c/8.3.1/../../../../pic32c/lib/thumb/v8-m.main+fp/hard\libpic32c.a(lseek.o)
 .ARM.attributes
                0x00001032       0x38 c:/program files/microchip/xc32/v4.20/bin/bin/../../lib/gcc/pic32c/8.3.1/../../../../pic32c/lib/thumb/v8-m.main+fp/hard\libpic32c.a(sbrk.o)
 .ARM.attributes
                0x0000106a       0x22 c:/program files/microchip/xc32/v4.20/bin/bin/../../lib/gcc/pic32c/8.3.1/thumb/v8-m.main+fp/hard/crtn.o

.comment        0x00000000       0x2b
 .comment       0x00000000       0x2b c:/program files/microchip/xc32/v4.20/bin/bin/../../lib/gcc/pic32c/8.3.1/thumb/v8-m.main+fp/hard/crtbegin.o
                                 0x2c (size before relaxing)
 .comment       0x0000002b       0x2c build/pic32ck_gc01_cult/production/_ext/1641476138/plib_sercom5_usart.o
 .comment       0x0000002b       0x2c build/pic32ck_gc01_cult/production/_ext/2000113765/exceptions.o
 .comment       0x0000002b       0x2c build/pic32ck_gc01_cult/production/_ext/2000113765/initialization.o
 .comment       0x0000002b       0x2c build/pic32ck_gc01_cult/production/_ext/1821514987/xc32_monitor.o
 .comment       0x0000002b       0x2c build/pic32ck_gc01_cult/production/_ext/2123560367/plib_clock.o
 .comment       0x0000002b       0x2c build/pic32ck_gc01_cult/production/_ext/2000113765/startup_xc32.o
 .comment       0x0000002b       0x2c build/pic32ck_gc01_cult/production/_ext/2000113765/interrupts.o
 .comment       0x0000002b       0x2c build/pic32ck_gc01_cult/production/_ext/44908540/plib_pm.o
 .comment       0x0000002b       0x2c build/pic32ck_gc01_cult/production/_ext/207439552/plib_port.o
 .comment       0x0000002b       0x2c build/pic32ck_gc01_cult/production/_ext/1392154144/plib_eic.o
 .comment       0x0000002b       0x2c build/pic32ck_gc01_cult/production/_ext/2125709853/plib_evsys.o
 .comment       0x0000002b       0x2c build/pic32ck_gc01_cult/production/_ext/207561462/plib_trng.o
 .comment       0x0000002b       0x2c build/pic32ck_gc01_cult/production/_ext/207386401/plib_nvic.o
 .comment       0x0000002b       0x2c build/pic32ck_gc01_cult/production/_ext/1360937237/main.o
 .comment       0x0000002b       0x2c c:/program files/microchip/xc32/v4.20/bin/bin/../../lib/gcc/pic32c/8.3.1/../../../../pic32c/lib/thumb/v8-m.main+fp/hard\libpic32c.a(data_init_wrapper.o)
 .comment       0x0000002b       0x2c c:/program files/microchip/xc32/v4.20/bin/bin/../../lib/gcc/pic32c/8.3.1/../../../../pic32c/lib/thumb/v8-m.main+fp/hard\libpic32c.a(data_init_0_1.o)
 .comment       0x0000002b       0x2c c:/program files/microchip/xc32/v4.20/bin/bin/../../lib/gcc/pic32c/8.3.1/../../../../pic32c/lib/thumb/v8-m.main+fp/hard\libc-musl.a(__libc_start_main.o)
 .comment       0x0000002b       0x2c c:/program files/microchip/xc32/v4.20/bin/bin/../../lib/gcc/pic32c/8.3.1/../../../../pic32c/lib/thumb/v8-m.main+fp/hard\libc-musl.a(libc.o)
 .comment       0x0000002b       0x2c c:/program files/microchip/xc32/v4.20/bin/bin/../../lib/gcc/pic32c/8.3.1/../../../../pic32c/lib/thumb/v8-m.main+fp/hard\libc-musl.a(stdin.o)
 .comment       0x0000002b       0x2c c:/program files/microchip/xc32/v4.20/bin/bin/../../lib/gcc/pic32c/8.3.1/../../../../pic32c/lib/thumb/v8-m.main+fp/hard\libc-musl.a(stdout.o)
 .comment       0x0000002b       0x2c c:/program files/microchip/xc32/v4.20/bin/bin/../../lib/gcc/pic32c/8.3.1/../../../../pic32c/lib/thumb/v8-m.main+fp/hard\libc-musl.a(printf.o)
 .comment       0x0000002b       0x2c c:/program files/microchip/xc32/v4.20/bin/bin/../../lib/gcc/pic32c/8.3.1/../../../../pic32c/lib/thumb/v8-m.main+fp/hard\libc-musl.a(setbuf.o)
 .comment       0x0000002b       0x2c c:/program files/microchip/xc32/v4.20/bin/bin/../../lib/gcc/pic32c/8.3.1/../../../../pic32c/lib/thumb/v8-m.main+fp/hard\libc-musl.a(__environ.o)
 .comment       0x0000002b       0x2c c:/program files/microchip/xc32/v4.20/bin/bin/../../lib/gcc/pic32c/8.3.1/../../../../pic32c/lib/thumb/v8-m.main+fp/hard\libc-musl.a(__stdio_read.o)
 .comment       0x0000002b       0x2c c:/program files/microchip/xc32/v4.20/bin/bin/../../lib/gcc/pic32c/8.3.1/../../../../pic32c/lib/thumb/v8-m.main+fp/hard\libc-musl.a(__towrite_rw.o)
 .comment       0x0000002b       0x2c c:/program files/microchip/xc32/v4.20/bin/bin/../../lib/gcc/pic32c/8.3.1/../../../../pic32c/lib/thumb/v8-m.main+fp/hard\libc-musl.a(setvbuf.o)
 .comment       0x0000002b       0x2c c:/program files/microchip/xc32/v4.20/bin/bin/../../lib/gcc/pic32c/8.3.1/../../../../pic32c/lib/thumb/v8-m.main+fp/hard\libc-musl.a(vfprintf.o)
 .comment       0x0000002b       0x2c c:/program files/microchip/xc32/v4.20/bin/bin/../../lib/gcc/pic32c/8.3.1/../../../../pic32c/lib/thumb/v8-m.main+fp/hard\libc-musl.a(readv.o)
 .comment       0x0000002b       0x2c c:/program files/microchip/xc32/v4.20/bin/bin/../../lib/gcc/pic32c/8.3.1/../../../../pic32c/lib/thumb/v8-m.main+fp/hard\libc-musl.a(malloc.o)
 .comment       0x0000002b       0x2c c:/program files/microchip/xc32/v4.20/bin/bin/../../lib/gcc/pic32c/8.3.1/../../../../pic32c/lib/thumb/v8-m.main+fp/hard\libc-musl.a(expand_heap.o)
 .comment       0x0000002b       0x2c c:/program files/microchip/xc32/v4.20/bin/bin/../../lib/gcc/pic32c/8.3.1/../../../../pic32c/lib/thumb/v8-m.main+fp/hard\libc-musl.a(__init_stdio.o)
 .comment       0x0000002b       0x2c c:/program files/microchip/xc32/v4.20/bin/bin/../../lib/gcc/pic32c/8.3.1/../../../../pic32c/lib/thumb/v8-m.main+fp/hard\libc-musl.a(__out.o)
 .comment       0x0000002b       0x2c c:/program files/microchip/xc32/v4.20/bin/bin/../../lib/gcc/pic32c/8.3.1/../../../../pic32c/lib/thumb/v8-m.main+fp/hard\libc-musl.a(__pop_float.o)
 .comment       0x0000002b       0x2c c:/program files/microchip/xc32/v4.20/bin/bin/../../lib/gcc/pic32c/8.3.1/../../../../pic32c/lib/thumb/v8-m.main+fp/hard\libc-musl.a(__pop_int.o)
 .comment       0x0000002b       0x2c c:/program files/microchip/xc32/v4.20/bin/bin/../../lib/gcc/pic32c/8.3.1/../../../../pic32c/lib/thumb/v8-m.main+fp/hard\libc-musl.a(__pop_ptr.o)
 .comment       0x0000002b       0x2c c:/program files/microchip/xc32/v4.20/bin/bin/../../lib/gcc/pic32c/8.3.1/../../../../pic32c/lib/thumb/v8-m.main+fp/hard\libc-musl.a(__printf_core.o)
 .comment       0x0000002b       0x2c c:/program files/microchip/xc32/v4.20/bin/bin/../../lib/gcc/pic32c/8.3.1/../../../../pic32c/lib/thumb/v8-m.main+fp/hard\libc-musl.a(__stderr.o)
 .comment       0x0000002b       0x2c c:/program files/microchip/xc32/v4.20/bin/bin/../../lib/gcc/pic32c/8.3.1/../../../../pic32c/lib/thumb/v8-m.main+fp/hard\libc-musl.a(__stdio_close.o)
 .comment       0x0000002b       0x2c c:/program files/microchip/xc32/v4.20/bin/bin/../../lib/gcc/pic32c/8.3.1/../../../../pic32c/lib/thumb/v8-m.main+fp/hard\libc-musl.a(__stdio_write.o)
 .comment       0x0000002b       0x2c c:/program files/microchip/xc32/v4.20/bin/bin/../../lib/gcc/pic32c/8.3.1/../../../../pic32c/lib/thumb/v8-m.main+fp/hard\libc-musl.a(__stdout.o)
 .comment       0x0000002b       0x2c c:/program files/microchip/xc32/v4.20/bin/bin/../../lib/gcc/pic32c/8.3.1/../../../../pic32c/lib/thumb/v8-m.main+fp/hard\libc-musl.a(__towrite.o)
 .comment       0x0000002b       0x2c c:/program files/microchip/xc32/v4.20/bin/bin/../../lib/gcc/pic32c/8.3.1/../../../../pic32c/lib/thumb/v8-m.main+fp/hard\libc-musl.a(atoi.o)
 .comment       0x0000002b       0x2c c:/program files/microchip/xc32/v4.20/bin/bin/../../lib/gcc/pic32c/8.3.1/../../../../pic32c/lib/thumb/v8-m.main+fp/hard\libc-musl.a(memcpy.o)
 .comment       0x0000002b       0x2c c:/program files/microchip/xc32/v4.20/bin/bin/../../lib/gcc/pic32c/8.3.1/../../../../pic32c/lib/thumb/v8-m.main+fp/hard\libc-musl.a(memset.o)
 .comment       0x0000002b       0x2c c:/program files/microchip/xc32/v4.20/bin/bin/../../lib/gcc/pic32c/8.3.1/../../../../pic32c/lib/thumb/v8-m.main+fp/hard\libc-musl.a(writev.o)
 .comment       0x0000002b       0x2c c:/program files/microchip/xc32/v4.20/bin/bin/../../lib/gcc/pic32c/8.3.1/../../../../pic32c/lib/thumb/v8-m.main+fp/hard\libc-musl.a(tolower.o)
 .comment       0x0000002b       0x2c c:/program files/microchip/xc32/v4.20/bin/bin/../../lib/gcc/pic32c/8.3.1/../../../../pic32c/lib/thumb/v8-m.main+fp/hard\libc-musl.a(__errno_location.o)
 .comment       0x0000002b       0x2c c:/program files/microchip/xc32/v4.20/bin/bin/../../lib/gcc/pic32c/8.3.1/../../../../pic32c/lib/thumb/v8-m.main+fp/hard\libc-musl.a(__fmt_a.o)
 .comment       0x0000002b       0x2c c:/program files/microchip/xc32/v4.20/bin/bin/../../lib/gcc/pic32c/8.3.1/../../../../pic32c/lib/thumb/v8-m.main+fp/hard\libc-musl.a(__fmt_d.o)
 .comment       0x0000002b       0x2c c:/program files/microchip/xc32/v4.20/bin/bin/../../lib/gcc/pic32c/8.3.1/../../../../pic32c/lib/thumb/v8-m.main+fp/hard\libc-musl.a(__fmt_fp.o)
 .comment       0x0000002b       0x2c c:/program files/microchip/xc32/v4.20/bin/bin/../../lib/gcc/pic32c/8.3.1/../../../../pic32c/lib/thumb/v8-m.main+fp/hard\libc-musl.a(__fmt_o.o)
 .comment       0x0000002b       0x2c c:/program files/microchip/xc32/v4.20/bin/bin/../../lib/gcc/pic32c/8.3.1/../../../../pic32c/lib/thumb/v8-m.main+fp/hard\libc-musl.a(__fmt_s.o)
 .comment       0x0000002b       0x2c c:/program files/microchip/xc32/v4.20/bin/bin/../../lib/gcc/pic32c/8.3.1/../../../../pic32c/lib/thumb/v8-m.main+fp/hard\libc-musl.a(__fmt_u.o)
 .comment       0x0000002b       0x2c c:/program files/microchip/xc32/v4.20/bin/bin/../../lib/gcc/pic32c/8.3.1/../../../../pic32c/lib/thumb/v8-m.main+fp/hard\libc-musl.a(__fmt_x.o)
 .comment       0x0000002b       0x2c c:/program files/microchip/xc32/v4.20/bin/bin/../../lib/gcc/pic32c/8.3.1/../../../../pic32c/lib/thumb/v8-m.main+fp/hard\libc-musl.a(__fwrite.o)
 .comment       0x0000002b       0x2c c:/program files/microchip/xc32/v4.20/bin/bin/../../lib/gcc/pic32c/8.3.1/../../../../pic32c/lib/thumb/v8-m.main+fp/hard\libc-musl.a(strlen.o)
 .comment       0x0000002b       0x2c c:/program files/microchip/xc32/v4.20/bin/bin/../../lib/gcc/pic32c/8.3.1/../../../../pic32c/lib/thumb/v8-m.main+fp/hard\libc-musl.a(strcpy.o)
 .comment       0x0000002b       0x2c c:/program files/microchip/xc32/v4.20/bin/bin/../../lib/gcc/pic32c/8.3.1/../../../../pic32c/lib/thumb/v8-m.main+fp/hard\libc-musl.a(toupper.o)
 .comment       0x0000002b       0x2c c:/program files/microchip/xc32/v4.20/bin/bin/../../lib/gcc/pic32c/8.3.1/../../../../pic32c/lib/thumb/v8-m.main+fp/hard\libc-musl.a(stpcpy.o)
 .comment       0x0000002b       0x2c c:/program files/microchip/xc32/v4.20/bin/bin/../../lib/gcc/pic32c/8.3.1/../../../../pic32c/lib/thumb/v8-m.main+fp/hard\libm-emfloat.a(fma.o)
 .comment       0x0000002b       0x2c c:/program files/microchip/xc32/v4.20/bin/bin/../../lib/gcc/pic32c/8.3.1/../../../../pic32c/lib/thumb/v8-m.main+fp/hard\libm-emfloat.a(floor.o)
 .comment       0x0000002b       0x2c c:/program files/microchip/xc32/v4.20/bin/bin/../../lib/gcc/pic32c/8.3.1/thumb/v8-m.main+fp/hard\libgcc.a(_udivmoddi4.o)
 .comment       0x0000002b       0x2c c:/program files/microchip/xc32/v4.20/bin/bin/../../lib/gcc/pic32c/8.3.1/../../../../pic32c/lib/thumb/v8-m.main+fp/hard\libpic32c.a(close.o)
 .comment       0x0000002b       0x2c c:/program files/microchip/xc32/v4.20/bin/bin/../../lib/gcc/pic32c/8.3.1/../../../../pic32c/lib/thumb/v8-m.main+fp/hard\libpic32c.a(lseek.o)
 .comment       0x0000002b       0x2c c:/program files/microchip/xc32/v4.20/bin/bin/../../lib/gcc/pic32c/8.3.1/../../../../pic32c/lib/thumb/v8-m.main+fp/hard\libpic32c.a(sbrk.o)

.debug_info     0x00000000    0x18d83
 .debug_info    0x00000000     0x14f6 build/pic32ck_gc01_cult/production/_ext/1641476138/plib_sercom5_usart.o
 .debug_info    0x000014f6      0x372 build/pic32ck_gc01_cult/production/_ext/2000113765/exceptions.o
 .debug_info    0x00001868      0x4d9 build/pic32ck_gc01_cult/production/_ext/2000113765/initialization.o
 .debug_info    0x00001d41      0x48d build/pic32ck_gc01_cult/production/_ext/1821514987/xc32_monitor.o
 .debug_info    0x000021ce      0xb49 build/pic32ck_gc01_cult/production/_ext/2123560367/plib_clock.o
 .debug_info    0x00002d17      0x94b build/pic32ck_gc01_cult/production/_ext/2000113765/startup_xc32.o
 .debug_info    0x00003662     0x1971 build/pic32ck_gc01_cult/production/_ext/2000113765/interrupts.o
 .debug_info    0x00004fd3      0x582 build/pic32ck_gc01_cult/production/_ext/44908540/plib_pm.o
 .debug_info    0x00005555     0x114a build/pic32ck_gc01_cult/production/_ext/207439552/plib_port.o
 .debug_info    0x0000669f      0x74b build/pic32ck_gc01_cult/production/_ext/1392154144/plib_eic.o
 .debug_info    0x00006dea      0x34e build/pic32ck_gc01_cult/production/_ext/2125709853/plib_evsys.o
 .debug_info    0x00007138      0x4d1 build/pic32ck_gc01_cult/production/_ext/207561462/plib_trng.o
 .debug_info    0x00007609     0x176a build/pic32ck_gc01_cult/production/_ext/207386401/plib_nvic.o
 .debug_info    0x00008d73      0x487 build/pic32ck_gc01_cult/production/_ext/1360937237/main.o
 .debug_info    0x000091fa      0x2aa c:/program files/microchip/xc32/v4.20/bin/bin/../../lib/gcc/pic32c/8.3.1/../../../../pic32c/lib/thumb/v8-m.main+fp/hard\libpic32c.a(data_init_wrapper.o)
 .debug_info    0x000094a4      0x2ad c:/program files/microchip/xc32/v4.20/bin/bin/../../lib/gcc/pic32c/8.3.1/../../../../pic32c/lib/thumb/v8-m.main+fp/hard\libpic32c.a(data_init_0_1.o)
 .debug_info    0x00009751      0x62b c:/program files/microchip/xc32/v4.20/bin/bin/../../lib/gcc/pic32c/8.3.1/../../../../pic32c/lib/thumb/v8-m.main+fp/hard\libc-musl.a(__libc_start_main.o)
 .debug_info    0x00009d7c      0x53d c:/program files/microchip/xc32/v4.20/bin/bin/../../lib/gcc/pic32c/8.3.1/../../../../pic32c/lib/thumb/v8-m.main+fp/hard\libc-musl.a(libc.o)
 .debug_info    0x0000a2b9      0x6c8 c:/program files/microchip/xc32/v4.20/bin/bin/../../lib/gcc/pic32c/8.3.1/../../../../pic32c/lib/thumb/v8-m.main+fp/hard\libc-musl.a(stdin.o)
 .debug_info    0x0000a981      0x48b c:/program files/microchip/xc32/v4.20/bin/bin/../../lib/gcc/pic32c/8.3.1/../../../../pic32c/lib/thumb/v8-m.main+fp/hard\libc-musl.a(stdout.o)
 .debug_info    0x0000ae0c      0x340 c:/program files/microchip/xc32/v4.20/bin/bin/../../lib/gcc/pic32c/8.3.1/../../../../pic32c/lib/thumb/v8-m.main+fp/hard\libc-musl.a(printf.o)
 .debug_info    0x0000b14c      0x2eb c:/program files/microchip/xc32/v4.20/bin/bin/../../lib/gcc/pic32c/8.3.1/../../../../pic32c/lib/thumb/v8-m.main+fp/hard\libc-musl.a(setbuf.o)
 .debug_info    0x0000b437      0x2b7 c:/program files/microchip/xc32/v4.20/bin/bin/../../lib/gcc/pic32c/8.3.1/../../../../pic32c/lib/thumb/v8-m.main+fp/hard\libc-musl.a(__environ.o)
 .debug_info    0x0000b6ee      0x6b2 c:/program files/microchip/xc32/v4.20/bin/bin/../../lib/gcc/pic32c/8.3.1/../../../../pic32c/lib/thumb/v8-m.main+fp/hard\libc-musl.a(__stdio_read.o)
 .debug_info    0x0000bda0      0x5e1 c:/program files/microchip/xc32/v4.20/bin/bin/../../lib/gcc/pic32c/8.3.1/../../../../pic32c/lib/thumb/v8-m.main+fp/hard\libc-musl.a(__towrite_rw.o)
 .debug_info    0x0000c381      0x555 c:/program files/microchip/xc32/v4.20/bin/bin/../../lib/gcc/pic32c/8.3.1/../../../../pic32c/lib/thumb/v8-m.main+fp/hard\libc-musl.a(setvbuf.o)
 .debug_info    0x0000c8d6      0x6ca c:/program files/microchip/xc32/v4.20/bin/bin/../../lib/gcc/pic32c/8.3.1/../../../../pic32c/lib/thumb/v8-m.main+fp/hard\libc-musl.a(vfprintf.o)
 .debug_info    0x0000cfa0      0x36e c:/program files/microchip/xc32/v4.20/bin/bin/../../lib/gcc/pic32c/8.3.1/../../../../pic32c/lib/thumb/v8-m.main+fp/hard\libc-musl.a(readv.o)
 .debug_info    0x0000d30e     0x13ad c:/program files/microchip/xc32/v4.20/bin/bin/../../lib/gcc/pic32c/8.3.1/../../../../pic32c/lib/thumb/v8-m.main+fp/hard\libc-musl.a(malloc.o)
 .debug_info    0x0000e6bb      0x384 c:/program files/microchip/xc32/v4.20/bin/bin/../../lib/gcc/pic32c/8.3.1/../../../../pic32c/lib/thumb/v8-m.main+fp/hard\libc-musl.a(expand_heap.o)
 .debug_info    0x0000ea3f      0x334 c:/program files/microchip/xc32/v4.20/bin/bin/../../lib/gcc/pic32c/8.3.1/../../../../pic32c/lib/thumb/v8-m.main+fp/hard\libc-musl.a(__init_stdio.o)
 .debug_info    0x0000ed73      0x540 c:/program files/microchip/xc32/v4.20/bin/bin/../../lib/gcc/pic32c/8.3.1/../../../../pic32c/lib/thumb/v8-m.main+fp/hard\libc-musl.a(__out.o)
 .debug_info    0x0000f2b3      0x3e5 c:/program files/microchip/xc32/v4.20/bin/bin/../../lib/gcc/pic32c/8.3.1/../../../../pic32c/lib/thumb/v8-m.main+fp/hard\libc-musl.a(__pop_float.o)
 .debug_info    0x0000f698      0x409 c:/program files/microchip/xc32/v4.20/bin/bin/../../lib/gcc/pic32c/8.3.1/../../../../pic32c/lib/thumb/v8-m.main+fp/hard\libc-musl.a(__pop_int.o)
 .debug_info    0x0000faa1      0x40f c:/program files/microchip/xc32/v4.20/bin/bin/../../lib/gcc/pic32c/8.3.1/../../../../pic32c/lib/thumb/v8-m.main+fp/hard\libc-musl.a(__pop_ptr.o)
 .debug_info    0x0000feb0      0xd3b c:/program files/microchip/xc32/v4.20/bin/bin/../../lib/gcc/pic32c/8.3.1/../../../../pic32c/lib/thumb/v8-m.main+fp/hard\libc-musl.a(__printf_core.o)
 .debug_info    0x00010beb      0x66c c:/program files/microchip/xc32/v4.20/bin/bin/../../lib/gcc/pic32c/8.3.1/../../../../pic32c/lib/thumb/v8-m.main+fp/hard\libc-musl.a(__stderr.o)
 .debug_info    0x00011257      0x6cc c:/program files/microchip/xc32/v4.20/bin/bin/../../lib/gcc/pic32c/8.3.1/../../../../pic32c/lib/thumb/v8-m.main+fp/hard\libc-musl.a(__stdio_close.o)
 .debug_info    0x00011923      0x6ff c:/program files/microchip/xc32/v4.20/bin/bin/../../lib/gcc/pic32c/8.3.1/../../../../pic32c/lib/thumb/v8-m.main+fp/hard\libc-musl.a(__stdio_write.o)
 .debug_info    0x00012022      0x66c c:/program files/microchip/xc32/v4.20/bin/bin/../../lib/gcc/pic32c/8.3.1/../../../../pic32c/lib/thumb/v8-m.main+fp/hard\libc-musl.a(__stdout.o)
 .debug_info    0x0001268e      0x4fd c:/program files/microchip/xc32/v4.20/bin/bin/../../lib/gcc/pic32c/8.3.1/../../../../pic32c/lib/thumb/v8-m.main+fp/hard\libc-musl.a(__towrite.o)
 .debug_info    0x00012b8b      0x303 c:/program files/microchip/xc32/v4.20/bin/bin/../../lib/gcc/pic32c/8.3.1/../../../../pic32c/lib/thumb/v8-m.main+fp/hard\libc-musl.a(atoi.o)
 .debug_info    0x00012e8e      0x2f9 c:/program files/microchip/xc32/v4.20/bin/bin/../../lib/gcc/pic32c/8.3.1/../../../../pic32c/lib/thumb/v8-m.main+fp/hard\libc-musl.a(memcpy.o)
 .debug_info    0x00013187      0x2bd c:/program files/microchip/xc32/v4.20/bin/bin/../../lib/gcc/pic32c/8.3.1/../../../../pic32c/lib/thumb/v8-m.main+fp/hard\libc-musl.a(memset.o)
 .debug_info    0x00013444      0x372 c:/program files/microchip/xc32/v4.20/bin/bin/../../lib/gcc/pic32c/8.3.1/../../../../pic32c/lib/thumb/v8-m.main+fp/hard\libc-musl.a(writev.o)
 .debug_info    0x000137b6      0x35b c:/program files/microchip/xc32/v4.20/bin/bin/../../lib/gcc/pic32c/8.3.1/../../../../pic32c/lib/thumb/v8-m.main+fp/hard\libc-musl.a(tolower.o)
 .debug_info    0x00013b11      0x27b c:/program files/microchip/xc32/v4.20/bin/bin/../../lib/gcc/pic32c/8.3.1/../../../../pic32c/lib/thumb/v8-m.main+fp/hard\libc-musl.a(__errno_location.o)
 .debug_info    0x00013d8c      0x90f c:/program files/microchip/xc32/v4.20/bin/bin/../../lib/gcc/pic32c/8.3.1/../../../../pic32c/lib/thumb/v8-m.main+fp/hard\libc-musl.a(__fmt_a.o)
 .debug_info    0x0001469b      0x5ca c:/program files/microchip/xc32/v4.20/bin/bin/../../lib/gcc/pic32c/8.3.1/../../../../pic32c/lib/thumb/v8-m.main+fp/hard\libc-musl.a(__fmt_d.o)
 .debug_info    0x00014c65      0x953 c:/program files/microchip/xc32/v4.20/bin/bin/../../lib/gcc/pic32c/8.3.1/../../../../pic32c/lib/thumb/v8-m.main+fp/hard\libc-musl.a(__fmt_fp.o)
 .debug_info    0x000155b8      0x59b c:/program files/microchip/xc32/v4.20/bin/bin/../../lib/gcc/pic32c/8.3.1/../../../../pic32c/lib/thumb/v8-m.main+fp/hard\libc-musl.a(__fmt_o.o)
 .debug_info    0x00015b53      0x53f c:/program files/microchip/xc32/v4.20/bin/bin/../../lib/gcc/pic32c/8.3.1/../../../../pic32c/lib/thumb/v8-m.main+fp/hard\libc-musl.a(__fmt_s.o)
 .debug_info    0x00016092      0x668 c:/program files/microchip/xc32/v4.20/bin/bin/../../lib/gcc/pic32c/8.3.1/../../../../pic32c/lib/thumb/v8-m.main+fp/hard\libc-musl.a(__fmt_u.o)
 .debug_info    0x000166fa      0x609 c:/program files/microchip/xc32/v4.20/bin/bin/../../lib/gcc/pic32c/8.3.1/../../../../pic32c/lib/thumb/v8-m.main+fp/hard\libc-musl.a(__fmt_x.o)
 .debug_info    0x00016d03      0x54e c:/program files/microchip/xc32/v4.20/bin/bin/../../lib/gcc/pic32c/8.3.1/../../../../pic32c/lib/thumb/v8-m.main+fp/hard\libc-musl.a(__fwrite.o)
 .debug_info    0x00017251      0x2ae c:/program files/microchip/xc32/v4.20/bin/bin/../../lib/gcc/pic32c/8.3.1/../../../../pic32c/lib/thumb/v8-m.main+fp/hard\libc-musl.a(strlen.o)
 .debug_info    0x000174ff      0x2bc c:/program files/microchip/xc32/v4.20/bin/bin/../../lib/gcc/pic32c/8.3.1/../../../../pic32c/lib/thumb/v8-m.main+fp/hard\libc-musl.a(strcpy.o)
 .debug_info    0x000177bb      0x35b c:/program files/microchip/xc32/v4.20/bin/bin/../../lib/gcc/pic32c/8.3.1/../../../../pic32c/lib/thumb/v8-m.main+fp/hard\libc-musl.a(toupper.o)
 .debug_info    0x00017b16      0x2c0 c:/program files/microchip/xc32/v4.20/bin/bin/../../lib/gcc/pic32c/8.3.1/../../../../pic32c/lib/thumb/v8-m.main+fp/hard\libc-musl.a(stpcpy.o)
 .debug_info    0x00017dd6       0x26 c:/program files/microchip/xc32/v4.20/bin/bin/../../lib/gcc/pic32c/8.3.1/thumb/v8-m.main+fp/hard\libgcc.a(_aeabi_uldivmod.o)
 .debug_info    0x00017dfc      0x7ca c:/program files/microchip/xc32/v4.20/bin/bin/../../lib/gcc/pic32c/8.3.1/thumb/v8-m.main+fp/hard\libgcc.a(_udivmoddi4.o)
 .debug_info    0x000185c6       0x26 c:/program files/microchip/xc32/v4.20/bin/bin/../../lib/gcc/pic32c/8.3.1/thumb/v8-m.main+fp/hard\libgcc.a(_dvmd_tls.o)
 .debug_info    0x000185ec      0x288 c:/program files/microchip/xc32/v4.20/bin/bin/../../lib/gcc/pic32c/8.3.1/../../../../pic32c/lib/thumb/v8-m.main+fp/hard\libpic32c.a(close.o)
 .debug_info    0x00018874      0x288 c:/program files/microchip/xc32/v4.20/bin/bin/../../lib/gcc/pic32c/8.3.1/../../../../pic32c/lib/thumb/v8-m.main+fp/hard\libpic32c.a(lseek.o)
 .debug_info    0x00018afc      0x287 c:/program files/microchip/xc32/v4.20/bin/bin/../../lib/gcc/pic32c/8.3.1/../../../../pic32c/lib/thumb/v8-m.main+fp/hard\libpic32c.a(sbrk.o)

.debug_abbrev   0x00000000     0x4094
 .debug_abbrev  0x00000000      0x2b2 build/pic32ck_gc01_cult/production/_ext/1641476138/plib_sercom5_usart.o
 .debug_abbrev  0x000002b2       0x3e build/pic32ck_gc01_cult/production/_ext/2000113765/exceptions.o
 .debug_abbrev  0x000002f0      0x127 build/pic32ck_gc01_cult/production/_ext/2000113765/initialization.o
 .debug_abbrev  0x00000417       0xb9 build/pic32ck_gc01_cult/production/_ext/1821514987/xc32_monitor.o
 .debug_abbrev  0x000004d0      0x111 build/pic32ck_gc01_cult/production/_ext/2123560367/plib_clock.o
 .debug_abbrev  0x000005e1      0x1aa build/pic32ck_gc01_cult/production/_ext/2000113765/startup_xc32.o
 .debug_abbrev  0x0000078b       0xb5 build/pic32ck_gc01_cult/production/_ext/2000113765/interrupts.o
 .debug_abbrev  0x00000840       0x8a build/pic32ck_gc01_cult/production/_ext/44908540/plib_pm.o
 .debug_abbrev  0x000008ca      0x1d6 build/pic32ck_gc01_cult/production/_ext/207439552/plib_port.o
 .debug_abbrev  0x00000aa0      0x198 build/pic32ck_gc01_cult/production/_ext/1392154144/plib_eic.o
 .debug_abbrev  0x00000c38       0x3b build/pic32ck_gc01_cult/production/_ext/2125709853/plib_evsys.o
 .debug_abbrev  0x00000c73       0xb5 build/pic32ck_gc01_cult/production/_ext/207561462/plib_trng.o
 .debug_abbrev  0x00000d28      0x1e4 build/pic32ck_gc01_cult/production/_ext/207386401/plib_nvic.o
 .debug_abbrev  0x00000f0c       0xff build/pic32ck_gc01_cult/production/_ext/1360937237/main.o
 .debug_abbrev  0x0000100b       0x2b c:/program files/microchip/xc32/v4.20/bin/bin/../../lib/gcc/pic32c/8.3.1/../../../../pic32c/lib/thumb/v8-m.main+fp/hard\libpic32c.a(data_init_wrapper.o)
 .debug_abbrev  0x00001036       0x2e c:/program files/microchip/xc32/v4.20/bin/bin/../../lib/gcc/pic32c/8.3.1/../../../../pic32c/lib/thumb/v8-m.main+fp/hard\libpic32c.a(data_init_0_1.o)
 .debug_abbrev  0x00001064      0x117 c:/program files/microchip/xc32/v4.20/bin/bin/../../lib/gcc/pic32c/8.3.1/../../../../pic32c/lib/thumb/v8-m.main+fp/hard\libc-musl.a(__libc_start_main.o)
 .debug_abbrev  0x0000117b       0xb8 c:/program files/microchip/xc32/v4.20/bin/bin/../../lib/gcc/pic32c/8.3.1/../../../../pic32c/lib/thumb/v8-m.main+fp/hard\libc-musl.a(libc.o)
 .debug_abbrev  0x00001233      0x178 c:/program files/microchip/xc32/v4.20/bin/bin/../../lib/gcc/pic32c/8.3.1/../../../../pic32c/lib/thumb/v8-m.main+fp/hard\libc-musl.a(stdin.o)
 .debug_abbrev  0x000013ab      0x135 c:/program files/microchip/xc32/v4.20/bin/bin/../../lib/gcc/pic32c/8.3.1/../../../../pic32c/lib/thumb/v8-m.main+fp/hard\libc-musl.a(stdout.o)
 .debug_abbrev  0x000014e0      0x112 c:/program files/microchip/xc32/v4.20/bin/bin/../../lib/gcc/pic32c/8.3.1/../../../../pic32c/lib/thumb/v8-m.main+fp/hard\libc-musl.a(printf.o)
 .debug_abbrev  0x000015f2       0xa0 c:/program files/microchip/xc32/v4.20/bin/bin/../../lib/gcc/pic32c/8.3.1/../../../../pic32c/lib/thumb/v8-m.main+fp/hard\libc-musl.a(setbuf.o)
 .debug_abbrev  0x00001692       0x57 c:/program files/microchip/xc32/v4.20/bin/bin/../../lib/gcc/pic32c/8.3.1/../../../../pic32c/lib/thumb/v8-m.main+fp/hard\libc-musl.a(__environ.o)
 .debug_abbrev  0x000016e9      0x150 c:/program files/microchip/xc32/v4.20/bin/bin/../../lib/gcc/pic32c/8.3.1/../../../../pic32c/lib/thumb/v8-m.main+fp/hard\libc-musl.a(__stdio_read.o)
 .debug_abbrev  0x00001839       0xdc c:/program files/microchip/xc32/v4.20/bin/bin/../../lib/gcc/pic32c/8.3.1/../../../../pic32c/lib/thumb/v8-m.main+fp/hard\libc-musl.a(__towrite_rw.o)
 .debug_abbrev  0x00001915      0x11c c:/program files/microchip/xc32/v4.20/bin/bin/../../lib/gcc/pic32c/8.3.1/../../../../pic32c/lib/thumb/v8-m.main+fp/hard\libc-musl.a(setvbuf.o)
 .debug_abbrev  0x00001a31      0x16d c:/program files/microchip/xc32/v4.20/bin/bin/../../lib/gcc/pic32c/8.3.1/../../../../pic32c/lib/thumb/v8-m.main+fp/hard\libc-musl.a(vfprintf.o)
 .debug_abbrev  0x00001b9e       0xd8 c:/program files/microchip/xc32/v4.20/bin/bin/../../lib/gcc/pic32c/8.3.1/../../../../pic32c/lib/thumb/v8-m.main+fp/hard\libc-musl.a(readv.o)
 .debug_abbrev  0x00001c76      0x413 c:/program files/microchip/xc32/v4.20/bin/bin/../../lib/gcc/pic32c/8.3.1/../../../../pic32c/lib/thumb/v8-m.main+fp/hard\libc-musl.a(malloc.o)
 .debug_abbrev  0x00002089       0xa5 c:/program files/microchip/xc32/v4.20/bin/bin/../../lib/gcc/pic32c/8.3.1/../../../../pic32c/lib/thumb/v8-m.main+fp/hard\libc-musl.a(expand_heap.o)
 .debug_abbrev  0x0000212e       0x5a c:/program files/microchip/xc32/v4.20/bin/bin/../../lib/gcc/pic32c/8.3.1/../../../../pic32c/lib/thumb/v8-m.main+fp/hard\libc-musl.a(__init_stdio.o)
 .debug_abbrev  0x00002188      0x170 c:/program files/microchip/xc32/v4.20/bin/bin/../../lib/gcc/pic32c/8.3.1/../../../../pic32c/lib/thumb/v8-m.main+fp/hard\libc-musl.a(__out.o)
 .debug_abbrev  0x000022f8       0xbd c:/program files/microchip/xc32/v4.20/bin/bin/../../lib/gcc/pic32c/8.3.1/../../../../pic32c/lib/thumb/v8-m.main+fp/hard\libc-musl.a(__pop_float.o)
 .debug_abbrev  0x000023b5       0xbd c:/program files/microchip/xc32/v4.20/bin/bin/../../lib/gcc/pic32c/8.3.1/../../../../pic32c/lib/thumb/v8-m.main+fp/hard\libc-musl.a(__pop_int.o)
 .debug_abbrev  0x00002472       0xce c:/program files/microchip/xc32/v4.20/bin/bin/../../lib/gcc/pic32c/8.3.1/../../../../pic32c/lib/thumb/v8-m.main+fp/hard\libc-musl.a(__pop_ptr.o)
 .debug_abbrev  0x00002540      0x2c5 c:/program files/microchip/xc32/v4.20/bin/bin/../../lib/gcc/pic32c/8.3.1/../../../../pic32c/lib/thumb/v8-m.main+fp/hard\libc-musl.a(__printf_core.o)
 .debug_abbrev  0x00002805      0x154 c:/program files/microchip/xc32/v4.20/bin/bin/../../lib/gcc/pic32c/8.3.1/../../../../pic32c/lib/thumb/v8-m.main+fp/hard\libc-musl.a(__stderr.o)
 .debug_abbrev  0x00002959      0x122 c:/program files/microchip/xc32/v4.20/bin/bin/../../lib/gcc/pic32c/8.3.1/../../../../pic32c/lib/thumb/v8-m.main+fp/hard\libc-musl.a(__stdio_close.o)
 .debug_abbrev  0x00002a7b      0x1a1 c:/program files/microchip/xc32/v4.20/bin/bin/../../lib/gcc/pic32c/8.3.1/../../../../pic32c/lib/thumb/v8-m.main+fp/hard\libc-musl.a(__stdio_write.o)
 .debug_abbrev  0x00002c1c      0x154 c:/program files/microchip/xc32/v4.20/bin/bin/../../lib/gcc/pic32c/8.3.1/../../../../pic32c/lib/thumb/v8-m.main+fp/hard\libc-musl.a(__stdout.o)
 .debug_abbrev  0x00002d70       0xf8 c:/program files/microchip/xc32/v4.20/bin/bin/../../lib/gcc/pic32c/8.3.1/../../../../pic32c/lib/thumb/v8-m.main+fp/hard\libc-musl.a(__towrite.o)
 .debug_abbrev  0x00002e68       0xbb c:/program files/microchip/xc32/v4.20/bin/bin/../../lib/gcc/pic32c/8.3.1/../../../../pic32c/lib/thumb/v8-m.main+fp/hard\libc-musl.a(atoi.o)
 .debug_abbrev  0x00002f23       0x9c c:/program files/microchip/xc32/v4.20/bin/bin/../../lib/gcc/pic32c/8.3.1/../../../../pic32c/lib/thumb/v8-m.main+fp/hard\libc-musl.a(memcpy.o)
 .debug_abbrev  0x00002fbf       0x97 c:/program files/microchip/xc32/v4.20/bin/bin/../../lib/gcc/pic32c/8.3.1/../../../../pic32c/lib/thumb/v8-m.main+fp/hard\libc-musl.a(memset.o)
 .debug_abbrev  0x00003056       0xd8 c:/program files/microchip/xc32/v4.20/bin/bin/../../lib/gcc/pic32c/8.3.1/../../../../pic32c/lib/thumb/v8-m.main+fp/hard\libc-musl.a(writev.o)
 .debug_abbrev  0x0000312e       0xfd c:/program files/microchip/xc32/v4.20/bin/bin/../../lib/gcc/pic32c/8.3.1/../../../../pic32c/lib/thumb/v8-m.main+fp/hard\libc-musl.a(tolower.o)
 .debug_abbrev  0x0000322b       0x2e c:/program files/microchip/xc32/v4.20/bin/bin/../../lib/gcc/pic32c/8.3.1/../../../../pic32c/lib/thumb/v8-m.main+fp/hard\libc-musl.a(__errno_location.o)
 .debug_abbrev  0x00003259      0x194 c:/program files/microchip/xc32/v4.20/bin/bin/../../lib/gcc/pic32c/8.3.1/../../../../pic32c/lib/thumb/v8-m.main+fp/hard\libc-musl.a(__fmt_a.o)
 .debug_abbrev  0x000033ed      0x120 c:/program files/microchip/xc32/v4.20/bin/bin/../../lib/gcc/pic32c/8.3.1/../../../../pic32c/lib/thumb/v8-m.main+fp/hard\libc-musl.a(__fmt_d.o)
 .debug_abbrev  0x0000350d      0x1b3 c:/program files/microchip/xc32/v4.20/bin/bin/../../lib/gcc/pic32c/8.3.1/../../../../pic32c/lib/thumb/v8-m.main+fp/hard\libc-musl.a(__fmt_fp.o)
 .debug_abbrev  0x000036c0      0x120 c:/program files/microchip/xc32/v4.20/bin/bin/../../lib/gcc/pic32c/8.3.1/../../../../pic32c/lib/thumb/v8-m.main+fp/hard\libc-musl.a(__fmt_o.o)
 .debug_abbrev  0x000037e0      0x10b c:/program files/microchip/xc32/v4.20/bin/bin/../../lib/gcc/pic32c/8.3.1/../../../../pic32c/lib/thumb/v8-m.main+fp/hard\libc-musl.a(__fmt_s.o)
 .debug_abbrev  0x000038eb      0x163 c:/program files/microchip/xc32/v4.20/bin/bin/../../lib/gcc/pic32c/8.3.1/../../../../pic32c/lib/thumb/v8-m.main+fp/hard\libc-musl.a(__fmt_u.o)
 .debug_abbrev  0x00003a4e      0x10f c:/program files/microchip/xc32/v4.20/bin/bin/../../lib/gcc/pic32c/8.3.1/../../../../pic32c/lib/thumb/v8-m.main+fp/hard\libc-musl.a(__fmt_x.o)
 .debug_abbrev  0x00003b5d      0x11f c:/program files/microchip/xc32/v4.20/bin/bin/../../lib/gcc/pic32c/8.3.1/../../../../pic32c/lib/thumb/v8-m.main+fp/hard\libc-musl.a(__fwrite.o)
 .debug_abbrev  0x00003c7c       0x86 c:/program files/microchip/xc32/v4.20/bin/bin/../../lib/gcc/pic32c/8.3.1/../../../../pic32c/lib/thumb/v8-m.main+fp/hard\libc-musl.a(strlen.o)
 .debug_abbrev  0x00003d02       0x8e c:/program files/microchip/xc32/v4.20/bin/bin/../../lib/gcc/pic32c/8.3.1/../../../../pic32c/lib/thumb/v8-m.main+fp/hard\libc-musl.a(strcpy.o)
 .debug_abbrev  0x00003d90       0xfd c:/program files/microchip/xc32/v4.20/bin/bin/../../lib/gcc/pic32c/8.3.1/../../../../pic32c/lib/thumb/v8-m.main+fp/hard\libc-musl.a(toupper.o)
 .debug_abbrev  0x00003e8d       0x63 c:/program files/microchip/xc32/v4.20/bin/bin/../../lib/gcc/pic32c/8.3.1/../../../../pic32c/lib/thumb/v8-m.main+fp/hard\libc-musl.a(stpcpy.o)
 .debug_abbrev  0x00003ef0       0x14 c:/program files/microchip/xc32/v4.20/bin/bin/../../lib/gcc/pic32c/8.3.1/thumb/v8-m.main+fp/hard\libgcc.a(_aeabi_uldivmod.o)
 .debug_abbrev  0x00003f04       0xf2 c:/program files/microchip/xc32/v4.20/bin/bin/../../lib/gcc/pic32c/8.3.1/thumb/v8-m.main+fp/hard\libgcc.a(_udivmoddi4.o)
 .debug_abbrev  0x00003ff6       0x14 c:/program files/microchip/xc32/v4.20/bin/bin/../../lib/gcc/pic32c/8.3.1/thumb/v8-m.main+fp/hard\libgcc.a(_dvmd_tls.o)
 .debug_abbrev  0x0000400a       0x2e c:/program files/microchip/xc32/v4.20/bin/bin/../../lib/gcc/pic32c/8.3.1/../../../../pic32c/lib/thumb/v8-m.main+fp/hard\libpic32c.a(close.o)
 .debug_abbrev  0x00004038       0x2e c:/program files/microchip/xc32/v4.20/bin/bin/../../lib/gcc/pic32c/8.3.1/../../../../pic32c/lib/thumb/v8-m.main+fp/hard\libpic32c.a(lseek.o)
 .debug_abbrev  0x00004066       0x2e c:/program files/microchip/xc32/v4.20/bin/bin/../../lib/gcc/pic32c/8.3.1/../../../../pic32c/lib/thumb/v8-m.main+fp/hard\libpic32c.a(sbrk.o)

.debug_loc      0x00000000     0x66d5
 .debug_loc     0x00000000      0x861 build/pic32ck_gc01_cult/production/_ext/1641476138/plib_sercom5_usart.o
 .debug_loc     0x00000861       0x45 build/pic32ck_gc01_cult/production/_ext/2000113765/initialization.o
 .debug_loc     0x000008a6      0x1c0 build/pic32ck_gc01_cult/production/_ext/1821514987/xc32_monitor.o
 .debug_loc     0x00000a66       0x4a build/pic32ck_gc01_cult/production/_ext/2000113765/startup_xc32.o
 .debug_loc     0x00000ab0      0x1bc build/pic32ck_gc01_cult/production/_ext/207439552/plib_port.o
 .debug_loc     0x00000c6c       0xa2 build/pic32ck_gc01_cult/production/_ext/1392154144/plib_eic.o
 .debug_loc     0x00000d0e       0xb5 build/pic32ck_gc01_cult/production/_ext/207386401/plib_nvic.o
 .debug_loc     0x00000dc3       0x65 build/pic32ck_gc01_cult/production/_ext/1360937237/main.o
 .debug_loc     0x00000e28       0x14 c:/program files/microchip/xc32/v4.20/bin/bin/../../lib/gcc/pic32c/8.3.1/../../../../pic32c/lib/thumb/v8-m.main+fp/hard\libpic32c.a(data_init_0_1.o)
 .debug_loc     0x00000e3c       0x51 c:/program files/microchip/xc32/v4.20/bin/bin/../../lib/gcc/pic32c/8.3.1/../../../../pic32c/lib/thumb/v8-m.main+fp/hard\libc-musl.a(__libc_start_main.o)
 .debug_loc     0x00000e8d       0x25 c:/program files/microchip/xc32/v4.20/bin/bin/../../lib/gcc/pic32c/8.3.1/../../../../pic32c/lib/thumb/v8-m.main+fp/hard\libc-musl.a(stdin.o)
 .debug_loc     0x00000eb2       0x20 c:/program files/microchip/xc32/v4.20/bin/bin/../../lib/gcc/pic32c/8.3.1/../../../../pic32c/lib/thumb/v8-m.main+fp/hard\libc-musl.a(stdout.o)
 .debug_loc     0x00000ed2       0x65 c:/program files/microchip/xc32/v4.20/bin/bin/../../lib/gcc/pic32c/8.3.1/../../../../pic32c/lib/thumb/v8-m.main+fp/hard\libc-musl.a(printf.o)
 .debug_loc     0x00000f37       0x4a c:/program files/microchip/xc32/v4.20/bin/bin/../../lib/gcc/pic32c/8.3.1/../../../../pic32c/lib/thumb/v8-m.main+fp/hard\libc-musl.a(setbuf.o)
 .debug_loc     0x00000f81      0x103 c:/program files/microchip/xc32/v4.20/bin/bin/../../lib/gcc/pic32c/8.3.1/../../../../pic32c/lib/thumb/v8-m.main+fp/hard\libc-musl.a(__stdio_read.o)
 .debug_loc     0x00001084       0x25 c:/program files/microchip/xc32/v4.20/bin/bin/../../lib/gcc/pic32c/8.3.1/../../../../pic32c/lib/thumb/v8-m.main+fp/hard\libc-musl.a(__towrite_rw.o)
 .debug_loc     0x000010a9       0xd8 c:/program files/microchip/xc32/v4.20/bin/bin/../../lib/gcc/pic32c/8.3.1/../../../../pic32c/lib/thumb/v8-m.main+fp/hard\libc-musl.a(setvbuf.o)
 .debug_loc     0x00001181       0x88 c:/program files/microchip/xc32/v4.20/bin/bin/../../lib/gcc/pic32c/8.3.1/../../../../pic32c/lib/thumb/v8-m.main+fp/hard\libc-musl.a(vfprintf.o)
 .debug_loc     0x00001209       0xe8 c:/program files/microchip/xc32/v4.20/bin/bin/../../lib/gcc/pic32c/8.3.1/../../../../pic32c/lib/thumb/v8-m.main+fp/hard\libc-musl.a(readv.o)
 .debug_loc     0x000012f1      0xccd c:/program files/microchip/xc32/v4.20/bin/bin/../../lib/gcc/pic32c/8.3.1/../../../../pic32c/lib/thumb/v8-m.main+fp/hard\libc-musl.a(malloc.o)
 .debug_loc     0x00001fbe       0x7c c:/program files/microchip/xc32/v4.20/bin/bin/../../lib/gcc/pic32c/8.3.1/../../../../pic32c/lib/thumb/v8-m.main+fp/hard\libc-musl.a(expand_heap.o)
 .debug_loc     0x0000203a       0x20 c:/program files/microchip/xc32/v4.20/bin/bin/../../lib/gcc/pic32c/8.3.1/../../../../pic32c/lib/thumb/v8-m.main+fp/hard\libc-musl.a(__init_stdio.o)
 .debug_loc     0x0000205a      0x1a8 c:/program files/microchip/xc32/v4.20/bin/bin/../../lib/gcc/pic32c/8.3.1/../../../../pic32c/lib/thumb/v8-m.main+fp/hard\libc-musl.a(__out.o)
 .debug_loc     0x00002202       0xa6 c:/program files/microchip/xc32/v4.20/bin/bin/../../lib/gcc/pic32c/8.3.1/../../../../pic32c/lib/thumb/v8-m.main+fp/hard\libc-musl.a(__pop_float.o)
 .debug_loc     0x000022a8      0x2f5 c:/program files/microchip/xc32/v4.20/bin/bin/../../lib/gcc/pic32c/8.3.1/../../../../pic32c/lib/thumb/v8-m.main+fp/hard\libc-musl.a(__pop_int.o)
 .debug_loc     0x0000259d      0x1db c:/program files/microchip/xc32/v4.20/bin/bin/../../lib/gcc/pic32c/8.3.1/../../../../pic32c/lib/thumb/v8-m.main+fp/hard\libc-musl.a(__pop_ptr.o)
 .debug_loc     0x00002778      0x5e9 c:/program files/microchip/xc32/v4.20/bin/bin/../../lib/gcc/pic32c/8.3.1/../../../../pic32c/lib/thumb/v8-m.main+fp/hard\libc-musl.a(__printf_core.o)
 .debug_loc     0x00002d61       0x25 c:/program files/microchip/xc32/v4.20/bin/bin/../../lib/gcc/pic32c/8.3.1/../../../../pic32c/lib/thumb/v8-m.main+fp/hard\libc-musl.a(__stderr.o)
 .debug_loc     0x00002d86      0x208 c:/program files/microchip/xc32/v4.20/bin/bin/../../lib/gcc/pic32c/8.3.1/../../../../pic32c/lib/thumb/v8-m.main+fp/hard\libc-musl.a(__stdio_close.o)
 .debug_loc     0x00002f8e      0x2d6 c:/program files/microchip/xc32/v4.20/bin/bin/../../lib/gcc/pic32c/8.3.1/../../../../pic32c/lib/thumb/v8-m.main+fp/hard\libc-musl.a(__stdio_write.o)
 .debug_loc     0x00003264       0x25 c:/program files/microchip/xc32/v4.20/bin/bin/../../lib/gcc/pic32c/8.3.1/../../../../pic32c/lib/thumb/v8-m.main+fp/hard\libc-musl.a(__stdout.o)
 .debug_loc     0x00003289       0x7c c:/program files/microchip/xc32/v4.20/bin/bin/../../lib/gcc/pic32c/8.3.1/../../../../pic32c/lib/thumb/v8-m.main+fp/hard\libc-musl.a(__towrite.o)
 .debug_loc     0x00003305       0xd8 c:/program files/microchip/xc32/v4.20/bin/bin/../../lib/gcc/pic32c/8.3.1/../../../../pic32c/lib/thumb/v8-m.main+fp/hard\libc-musl.a(atoi.o)
 .debug_loc     0x000033dd       0xe5 c:/program files/microchip/xc32/v4.20/bin/bin/../../lib/gcc/pic32c/8.3.1/../../../../pic32c/lib/thumb/v8-m.main+fp/hard\libc-musl.a(memcpy.o)
 .debug_loc     0x000034c2       0x56 c:/program files/microchip/xc32/v4.20/bin/bin/../../lib/gcc/pic32c/8.3.1/../../../../pic32c/lib/thumb/v8-m.main+fp/hard\libc-musl.a(memset.o)
 .debug_loc     0x00003518       0xe8 c:/program files/microchip/xc32/v4.20/bin/bin/../../lib/gcc/pic32c/8.3.1/../../../../pic32c/lib/thumb/v8-m.main+fp/hard\libc-musl.a(writev.o)
 .debug_loc     0x00003600       0x4a c:/program files/microchip/xc32/v4.20/bin/bin/../../lib/gcc/pic32c/8.3.1/../../../../pic32c/lib/thumb/v8-m.main+fp/hard\libc-musl.a(tolower.o)
 .debug_loc     0x0000364a      0xb19 c:/program files/microchip/xc32/v4.20/bin/bin/../../lib/gcc/pic32c/8.3.1/../../../../pic32c/lib/thumb/v8-m.main+fp/hard\libc-musl.a(__fmt_a.o)
 .debug_loc     0x00004163      0x1ef c:/program files/microchip/xc32/v4.20/bin/bin/../../lib/gcc/pic32c/8.3.1/../../../../pic32c/lib/thumb/v8-m.main+fp/hard\libc-musl.a(__fmt_d.o)
 .debug_loc     0x00004352      0xa96 c:/program files/microchip/xc32/v4.20/bin/bin/../../lib/gcc/pic32c/8.3.1/../../../../pic32c/lib/thumb/v8-m.main+fp/hard\libc-musl.a(__fmt_fp.o)
 .debug_loc     0x00004de8      0x10a c:/program files/microchip/xc32/v4.20/bin/bin/../../lib/gcc/pic32c/8.3.1/../../../../pic32c/lib/thumb/v8-m.main+fp/hard\libc-musl.a(__fmt_o.o)
 .debug_loc     0x00004ef2      0x14a c:/program files/microchip/xc32/v4.20/bin/bin/../../lib/gcc/pic32c/8.3.1/../../../../pic32c/lib/thumb/v8-m.main+fp/hard\libc-musl.a(__fmt_s.o)
 .debug_loc     0x0000503c      0x2cd c:/program files/microchip/xc32/v4.20/bin/bin/../../lib/gcc/pic32c/8.3.1/../../../../pic32c/lib/thumb/v8-m.main+fp/hard\libc-musl.a(__fmt_u.o)
 .debug_loc     0x00005309      0x2df c:/program files/microchip/xc32/v4.20/bin/bin/../../lib/gcc/pic32c/8.3.1/../../../../pic32c/lib/thumb/v8-m.main+fp/hard\libc-musl.a(__fmt_x.o)
 .debug_loc     0x000055e8      0x10a c:/program files/microchip/xc32/v4.20/bin/bin/../../lib/gcc/pic32c/8.3.1/../../../../pic32c/lib/thumb/v8-m.main+fp/hard\libc-musl.a(__fwrite.o)
 .debug_loc     0x000056f2       0x47 c:/program files/microchip/xc32/v4.20/bin/bin/../../lib/gcc/pic32c/8.3.1/../../../../pic32c/lib/thumb/v8-m.main+fp/hard\libc-musl.a(strlen.o)
 .debug_loc     0x00005739       0x67 c:/program files/microchip/xc32/v4.20/bin/bin/../../lib/gcc/pic32c/8.3.1/../../../../pic32c/lib/thumb/v8-m.main+fp/hard\libc-musl.a(strcpy.o)
 .debug_loc     0x000057a0       0x4a c:/program files/microchip/xc32/v4.20/bin/bin/../../lib/gcc/pic32c/8.3.1/../../../../pic32c/lib/thumb/v8-m.main+fp/hard\libc-musl.a(toupper.o)
 .debug_loc     0x000057ea       0x60 c:/program files/microchip/xc32/v4.20/bin/bin/../../lib/gcc/pic32c/8.3.1/../../../../pic32c/lib/thumb/v8-m.main+fp/hard\libc-musl.a(stpcpy.o)
 .debug_loc     0x0000584a      0xe8b c:/program files/microchip/xc32/v4.20/bin/bin/../../lib/gcc/pic32c/8.3.1/thumb/v8-m.main+fp/hard\libgcc.a(_udivmoddi4.o)

.debug_aranges  0x00000000      0xa80
 .debug_aranges
                0x00000000       0x98 build/pic32ck_gc01_cult/production/_ext/1641476138/plib_sercom5_usart.o
 .debug_aranges
                0x00000098       0x28 build/pic32ck_gc01_cult/production/_ext/2000113765/exceptions.o
 .debug_aranges
                0x000000c0       0x20 build/pic32ck_gc01_cult/production/_ext/2000113765/initialization.o
 .debug_aranges
                0x000000e0       0x28 build/pic32ck_gc01_cult/production/_ext/1821514987/xc32_monitor.o
 .debug_aranges
                0x00000108       0x20 build/pic32ck_gc01_cult/production/_ext/2123560367/plib_clock.o
 .debug_aranges
                0x00000128       0x28 build/pic32ck_gc01_cult/production/_ext/2000113765/startup_xc32.o
 .debug_aranges
                0x00000150       0x20 build/pic32ck_gc01_cult/production/_ext/2000113765/interrupts.o
 .debug_aranges
                0x00000170       0x58 build/pic32ck_gc01_cult/production/_ext/44908540/plib_pm.o
 .debug_aranges
                0x000001c8       0x70 build/pic32ck_gc01_cult/production/_ext/207439552/plib_port.o
 .debug_aranges
                0x00000238       0x40 build/pic32ck_gc01_cult/production/_ext/1392154144/plib_eic.o
 .debug_aranges
                0x00000278       0x20 build/pic32ck_gc01_cult/production/_ext/2125709853/plib_evsys.o
 .debug_aranges
                0x00000298       0x28 build/pic32ck_gc01_cult/production/_ext/207561462/plib_trng.o
 .debug_aranges
                0x000002c0       0x38 build/pic32ck_gc01_cult/production/_ext/207386401/plib_nvic.o
 .debug_aranges
                0x000002f8       0x28 build/pic32ck_gc01_cult/production/_ext/1360937237/main.o
 .debug_aranges
                0x00000320       0x20 c:/program files/microchip/xc32/v4.20/bin/bin/../../lib/gcc/pic32c/8.3.1/../../../../pic32c/lib/thumb/v8-m.main+fp/hard\libpic32c.a(data_init_wrapper.o)
 .debug_aranges
                0x00000340       0x20 c:/program files/microchip/xc32/v4.20/bin/bin/../../lib/gcc/pic32c/8.3.1/../../../../pic32c/lib/thumb/v8-m.main+fp/hard\libpic32c.a(data_init_0_1.o)
 .debug_aranges
                0x00000360       0x28 c:/program files/microchip/xc32/v4.20/bin/bin/../../lib/gcc/pic32c/8.3.1/../../../../pic32c/lib/thumb/v8-m.main+fp/hard\libc-musl.a(__libc_start_main.o)
 .debug_aranges
                0x00000388       0x18 c:/program files/microchip/xc32/v4.20/bin/bin/../../lib/gcc/pic32c/8.3.1/../../../../pic32c/lib/thumb/v8-m.main+fp/hard\libc-musl.a(libc.o)
 .debug_aranges
                0x000003a0       0x28 c:/program files/microchip/xc32/v4.20/bin/bin/../../lib/gcc/pic32c/8.3.1/../../../../pic32c/lib/thumb/v8-m.main+fp/hard\libc-musl.a(stdin.o)
 .debug_aranges
                0x000003c8       0x30 c:/program files/microchip/xc32/v4.20/bin/bin/../../lib/gcc/pic32c/8.3.1/../../../../pic32c/lib/thumb/v8-m.main+fp/hard\libc-musl.a(stdout.o)
 .debug_aranges
                0x000003f8       0x20 c:/program files/microchip/xc32/v4.20/bin/bin/../../lib/gcc/pic32c/8.3.1/../../../../pic32c/lib/thumb/v8-m.main+fp/hard\libc-musl.a(printf.o)
 .debug_aranges
                0x00000418       0x20 c:/program files/microchip/xc32/v4.20/bin/bin/../../lib/gcc/pic32c/8.3.1/../../../../pic32c/lib/thumb/v8-m.main+fp/hard\libc-musl.a(setbuf.o)
 .debug_aranges
                0x00000438       0x18 c:/program files/microchip/xc32/v4.20/bin/bin/../../lib/gcc/pic32c/8.3.1/../../../../pic32c/lib/thumb/v8-m.main+fp/hard\libc-musl.a(__environ.o)
 .debug_aranges
                0x00000450       0x20 c:/program files/microchip/xc32/v4.20/bin/bin/../../lib/gcc/pic32c/8.3.1/../../../../pic32c/lib/thumb/v8-m.main+fp/hard\libc-musl.a(__stdio_read.o)
 .debug_aranges
                0x00000470       0x20 c:/program files/microchip/xc32/v4.20/bin/bin/../../lib/gcc/pic32c/8.3.1/../../../../pic32c/lib/thumb/v8-m.main+fp/hard\libc-musl.a(__towrite_rw.o)
 .debug_aranges
                0x00000490       0x28 c:/program files/microchip/xc32/v4.20/bin/bin/../../lib/gcc/pic32c/8.3.1/../../../../pic32c/lib/thumb/v8-m.main+fp/hard\libc-musl.a(setvbuf.o)
 .debug_aranges
                0x000004b8       0x28 c:/program files/microchip/xc32/v4.20/bin/bin/../../lib/gcc/pic32c/8.3.1/../../../../pic32c/lib/thumb/v8-m.main+fp/hard\libc-musl.a(vfprintf.o)
 .debug_aranges
                0x000004e0       0x20 c:/program files/microchip/xc32/v4.20/bin/bin/../../lib/gcc/pic32c/8.3.1/../../../../pic32c/lib/thumb/v8-m.main+fp/hard\libc-musl.a(readv.o)
 .debug_aranges
                0x00000500       0x70 c:/program files/microchip/xc32/v4.20/bin/bin/../../lib/gcc/pic32c/8.3.1/../../../../pic32c/lib/thumb/v8-m.main+fp/hard\libc-musl.a(malloc.o)
 .debug_aranges
                0x00000570       0x20 c:/program files/microchip/xc32/v4.20/bin/bin/../../lib/gcc/pic32c/8.3.1/../../../../pic32c/lib/thumb/v8-m.main+fp/hard\libc-musl.a(expand_heap.o)
 .debug_aranges
                0x00000590       0x28 c:/program files/microchip/xc32/v4.20/bin/bin/../../lib/gcc/pic32c/8.3.1/../../../../pic32c/lib/thumb/v8-m.main+fp/hard\libc-musl.a(__init_stdio.o)
 .debug_aranges
                0x000005b8       0x28 c:/program files/microchip/xc32/v4.20/bin/bin/../../lib/gcc/pic32c/8.3.1/../../../../pic32c/lib/thumb/v8-m.main+fp/hard\libc-musl.a(__out.o)
 .debug_aranges
                0x000005e0       0x20 c:/program files/microchip/xc32/v4.20/bin/bin/../../lib/gcc/pic32c/8.3.1/../../../../pic32c/lib/thumb/v8-m.main+fp/hard\libc-musl.a(__pop_float.o)
 .debug_aranges
                0x00000600       0x20 c:/program files/microchip/xc32/v4.20/bin/bin/../../lib/gcc/pic32c/8.3.1/../../../../pic32c/lib/thumb/v8-m.main+fp/hard\libc-musl.a(__pop_int.o)
 .debug_aranges
                0x00000620       0x20 c:/program files/microchip/xc32/v4.20/bin/bin/../../lib/gcc/pic32c/8.3.1/../../../../pic32c/lib/thumb/v8-m.main+fp/hard\libc-musl.a(__pop_ptr.o)
 .debug_aranges
                0x00000640       0x50 c:/program files/microchip/xc32/v4.20/bin/bin/../../lib/gcc/pic32c/8.3.1/../../../../pic32c/lib/thumb/v8-m.main+fp/hard\libc-musl.a(__printf_core.o)
 .debug_aranges
                0x00000690       0x30 c:/program files/microchip/xc32/v4.20/bin/bin/../../lib/gcc/pic32c/8.3.1/../../../../pic32c/lib/thumb/v8-m.main+fp/hard\libc-musl.a(__stderr.o)
 .debug_aranges
                0x000006c0       0x28 c:/program files/microchip/xc32/v4.20/bin/bin/../../lib/gcc/pic32c/8.3.1/../../../../pic32c/lib/thumb/v8-m.main+fp/hard\libc-musl.a(__stdio_close.o)
 .debug_aranges
                0x000006e8       0x28 c:/program files/microchip/xc32/v4.20/bin/bin/../../lib/gcc/pic32c/8.3.1/../../../../pic32c/lib/thumb/v8-m.main+fp/hard\libc-musl.a(__stdio_write.o)
 .debug_aranges
                0x00000710       0x30 c:/program files/microchip/xc32/v4.20/bin/bin/../../lib/gcc/pic32c/8.3.1/../../../../pic32c/lib/thumb/v8-m.main+fp/hard\libc-musl.a(__stdout.o)
 .debug_aranges
                0x00000740       0x28 c:/program files/microchip/xc32/v4.20/bin/bin/../../lib/gcc/pic32c/8.3.1/../../../../pic32c/lib/thumb/v8-m.main+fp/hard\libc-musl.a(__towrite.o)
 .debug_aranges
                0x00000768       0x20 c:/program files/microchip/xc32/v4.20/bin/bin/../../lib/gcc/pic32c/8.3.1/../../../../pic32c/lib/thumb/v8-m.main+fp/hard\libc-musl.a(atoi.o)
 .debug_aranges
                0x00000788       0x20 c:/program files/microchip/xc32/v4.20/bin/bin/../../lib/gcc/pic32c/8.3.1/../../../../pic32c/lib/thumb/v8-m.main+fp/hard\libc-musl.a(memcpy.o)
 .debug_aranges
                0x000007a8       0x20 c:/program files/microchip/xc32/v4.20/bin/bin/../../lib/gcc/pic32c/8.3.1/../../../../pic32c/lib/thumb/v8-m.main+fp/hard\libc-musl.a(memset.o)
 .debug_aranges
                0x000007c8       0x20 c:/program files/microchip/xc32/v4.20/bin/bin/../../lib/gcc/pic32c/8.3.1/../../../../pic32c/lib/thumb/v8-m.main+fp/hard\libc-musl.a(writev.o)
 .debug_aranges
                0x000007e8       0x28 c:/program files/microchip/xc32/v4.20/bin/bin/../../lib/gcc/pic32c/8.3.1/../../../../pic32c/lib/thumb/v8-m.main+fp/hard\libc-musl.a(tolower.o)
 .debug_aranges
                0x00000810       0x18 c:/program files/microchip/xc32/v4.20/bin/bin/../../lib/gcc/pic32c/8.3.1/../../../../pic32c/lib/thumb/v8-m.main+fp/hard\libc-musl.a(__errno_location.o)
 .debug_aranges
                0x00000828       0x20 c:/program files/microchip/xc32/v4.20/bin/bin/../../lib/gcc/pic32c/8.3.1/../../../../pic32c/lib/thumb/v8-m.main+fp/hard\libc-musl.a(__fmt_a.o)
 .debug_aranges
                0x00000848       0x20 c:/program files/microchip/xc32/v4.20/bin/bin/../../lib/gcc/pic32c/8.3.1/../../../../pic32c/lib/thumb/v8-m.main+fp/hard\libc-musl.a(__fmt_d.o)
 .debug_aranges
                0x00000868       0x20 c:/program files/microchip/xc32/v4.20/bin/bin/../../lib/gcc/pic32c/8.3.1/../../../../pic32c/lib/thumb/v8-m.main+fp/hard\libc-musl.a(__fmt_fp.o)
 .debug_aranges
                0x00000888       0x20 c:/program files/microchip/xc32/v4.20/bin/bin/../../lib/gcc/pic32c/8.3.1/../../../../pic32c/lib/thumb/v8-m.main+fp/hard\libc-musl.a(__fmt_o.o)
 .debug_aranges
                0x000008a8       0x20 c:/program files/microchip/xc32/v4.20/bin/bin/../../lib/gcc/pic32c/8.3.1/../../../../pic32c/lib/thumb/v8-m.main+fp/hard\libc-musl.a(__fmt_s.o)
 .debug_aranges
                0x000008c8       0x28 c:/program files/microchip/xc32/v4.20/bin/bin/../../lib/gcc/pic32c/8.3.1/../../../../pic32c/lib/thumb/v8-m.main+fp/hard\libc-musl.a(__fmt_u.o)
 .debug_aranges
                0x000008f0       0x20 c:/program files/microchip/xc32/v4.20/bin/bin/../../lib/gcc/pic32c/8.3.1/../../../../pic32c/lib/thumb/v8-m.main+fp/hard\libc-musl.a(__fmt_x.o)
 .debug_aranges
                0x00000910       0x28 c:/program files/microchip/xc32/v4.20/bin/bin/../../lib/gcc/pic32c/8.3.1/../../../../pic32c/lib/thumb/v8-m.main+fp/hard\libc-musl.a(__fwrite.o)
 .debug_aranges
                0x00000938       0x20 c:/program files/microchip/xc32/v4.20/bin/bin/../../lib/gcc/pic32c/8.3.1/../../../../pic32c/lib/thumb/v8-m.main+fp/hard\libc-musl.a(strlen.o)
 .debug_aranges
                0x00000958       0x20 c:/program files/microchip/xc32/v4.20/bin/bin/../../lib/gcc/pic32c/8.3.1/../../../../pic32c/lib/thumb/v8-m.main+fp/hard\libc-musl.a(strcpy.o)
 .debug_aranges
                0x00000978       0x28 c:/program files/microchip/xc32/v4.20/bin/bin/../../lib/gcc/pic32c/8.3.1/../../../../pic32c/lib/thumb/v8-m.main+fp/hard\libc-musl.a(toupper.o)
 .debug_aranges
                0x000009a0       0x20 c:/program files/microchip/xc32/v4.20/bin/bin/../../lib/gcc/pic32c/8.3.1/../../../../pic32c/lib/thumb/v8-m.main+fp/hard\libc-musl.a(stpcpy.o)
 .debug_aranges
                0x000009c0       0x20 c:/program files/microchip/xc32/v4.20/bin/bin/../../lib/gcc/pic32c/8.3.1/thumb/v8-m.main+fp/hard\libgcc.a(_aeabi_uldivmod.o)
 .debug_aranges
                0x000009e0       0x20 c:/program files/microchip/xc32/v4.20/bin/bin/../../lib/gcc/pic32c/8.3.1/thumb/v8-m.main+fp/hard\libgcc.a(_udivmoddi4.o)
 .debug_aranges
                0x00000a00       0x20 c:/program files/microchip/xc32/v4.20/bin/bin/../../lib/gcc/pic32c/8.3.1/thumb/v8-m.main+fp/hard\libgcc.a(_dvmd_tls.o)
 .debug_aranges
                0x00000a20       0x20 c:/program files/microchip/xc32/v4.20/bin/bin/../../lib/gcc/pic32c/8.3.1/../../../../pic32c/lib/thumb/v8-m.main+fp/hard\libpic32c.a(close.o)
 .debug_aranges
                0x00000a40       0x20 c:/program files/microchip/xc32/v4.20/bin/bin/../../lib/gcc/pic32c/8.3.1/../../../../pic32c/lib/thumb/v8-m.main+fp/hard\libpic32c.a(lseek.o)
 .debug_aranges
                0x00000a60       0x20 c:/program files/microchip/xc32/v4.20/bin/bin/../../lib/gcc/pic32c/8.3.1/../../../../pic32c/lib/thumb/v8-m.main+fp/hard\libpic32c.a(sbrk.o)

.debug_ranges   0x00000000      0x880
 .debug_ranges  0x00000000       0x88 build/pic32ck_gc01_cult/production/_ext/1641476138/plib_sercom5_usart.o
 .debug_ranges  0x00000088       0x18 build/pic32ck_gc01_cult/production/_ext/2000113765/exceptions.o
 .debug_ranges  0x000000a0       0x10 build/pic32ck_gc01_cult/production/_ext/2000113765/initialization.o
 .debug_ranges  0x000000b0       0x18 build/pic32ck_gc01_cult/production/_ext/1821514987/xc32_monitor.o
 .debug_ranges  0x000000c8       0x10 build/pic32ck_gc01_cult/production/_ext/2123560367/plib_clock.o
 .debug_ranges  0x000000d8       0x18 build/pic32ck_gc01_cult/production/_ext/2000113765/startup_xc32.o
 .debug_ranges  0x000000f0       0x10 build/pic32ck_gc01_cult/production/_ext/2000113765/interrupts.o
 .debug_ranges  0x00000100       0x48 build/pic32ck_gc01_cult/production/_ext/44908540/plib_pm.o
 .debug_ranges  0x00000148       0x60 build/pic32ck_gc01_cult/production/_ext/207439552/plib_port.o
 .debug_ranges  0x000001a8       0x30 build/pic32ck_gc01_cult/production/_ext/1392154144/plib_eic.o
 .debug_ranges  0x000001d8       0x10 build/pic32ck_gc01_cult/production/_ext/2125709853/plib_evsys.o
 .debug_ranges  0x000001e8       0x18 build/pic32ck_gc01_cult/production/_ext/207561462/plib_trng.o
 .debug_ranges  0x00000200       0x28 build/pic32ck_gc01_cult/production/_ext/207386401/plib_nvic.o
 .debug_ranges  0x00000228       0x18 build/pic32ck_gc01_cult/production/_ext/1360937237/main.o
 .debug_ranges  0x00000240       0x10 c:/program files/microchip/xc32/v4.20/bin/bin/../../lib/gcc/pic32c/8.3.1/../../../../pic32c/lib/thumb/v8-m.main+fp/hard\libpic32c.a(data_init_wrapper.o)
 .debug_ranges  0x00000250       0x10 c:/program files/microchip/xc32/v4.20/bin/bin/../../lib/gcc/pic32c/8.3.1/../../../../pic32c/lib/thumb/v8-m.main+fp/hard\libpic32c.a(data_init_0_1.o)
 .debug_ranges  0x00000260       0x40 c:/program files/microchip/xc32/v4.20/bin/bin/../../lib/gcc/pic32c/8.3.1/../../../../pic32c/lib/thumb/v8-m.main+fp/hard\libc-musl.a(__libc_start_main.o)
 .debug_ranges  0x000002a0       0x18 c:/program files/microchip/xc32/v4.20/bin/bin/../../lib/gcc/pic32c/8.3.1/../../../../pic32c/lib/thumb/v8-m.main+fp/hard\libc-musl.a(stdin.o)
 .debug_ranges  0x000002b8       0x20 c:/program files/microchip/xc32/v4.20/bin/bin/../../lib/gcc/pic32c/8.3.1/../../../../pic32c/lib/thumb/v8-m.main+fp/hard\libc-musl.a(stdout.o)
 .debug_ranges  0x000002d8       0x10 c:/program files/microchip/xc32/v4.20/bin/bin/../../lib/gcc/pic32c/8.3.1/../../../../pic32c/lib/thumb/v8-m.main+fp/hard\libc-musl.a(printf.o)
 .debug_ranges  0x000002e8       0x10 c:/program files/microchip/xc32/v4.20/bin/bin/../../lib/gcc/pic32c/8.3.1/../../../../pic32c/lib/thumb/v8-m.main+fp/hard\libc-musl.a(setbuf.o)
 .debug_ranges  0x000002f8       0x10 c:/program files/microchip/xc32/v4.20/bin/bin/../../lib/gcc/pic32c/8.3.1/../../../../pic32c/lib/thumb/v8-m.main+fp/hard\libc-musl.a(__stdio_read.o)
 .debug_ranges  0x00000308       0x10 c:/program files/microchip/xc32/v4.20/bin/bin/../../lib/gcc/pic32c/8.3.1/../../../../pic32c/lib/thumb/v8-m.main+fp/hard\libc-musl.a(__towrite_rw.o)
 .debug_ranges  0x00000318       0x18 c:/program files/microchip/xc32/v4.20/bin/bin/../../lib/gcc/pic32c/8.3.1/../../../../pic32c/lib/thumb/v8-m.main+fp/hard\libc-musl.a(setvbuf.o)
 .debug_ranges  0x00000330       0x18 c:/program files/microchip/xc32/v4.20/bin/bin/../../lib/gcc/pic32c/8.3.1/../../../../pic32c/lib/thumb/v8-m.main+fp/hard\libc-musl.a(vfprintf.o)
 .debug_ranges  0x00000348       0x10 c:/program files/microchip/xc32/v4.20/bin/bin/../../lib/gcc/pic32c/8.3.1/../../../../pic32c/lib/thumb/v8-m.main+fp/hard\libc-musl.a(readv.o)
 .debug_ranges  0x00000358      0x1a8 c:/program files/microchip/xc32/v4.20/bin/bin/../../lib/gcc/pic32c/8.3.1/../../../../pic32c/lib/thumb/v8-m.main+fp/hard\libc-musl.a(malloc.o)
 .debug_ranges  0x00000500       0x10 c:/program files/microchip/xc32/v4.20/bin/bin/../../lib/gcc/pic32c/8.3.1/../../../../pic32c/lib/thumb/v8-m.main+fp/hard\libc-musl.a(expand_heap.o)
 .debug_ranges  0x00000510       0x18 c:/program files/microchip/xc32/v4.20/bin/bin/../../lib/gcc/pic32c/8.3.1/../../../../pic32c/lib/thumb/v8-m.main+fp/hard\libc-musl.a(__init_stdio.o)
 .debug_ranges  0x00000528       0x18 c:/program files/microchip/xc32/v4.20/bin/bin/../../lib/gcc/pic32c/8.3.1/../../../../pic32c/lib/thumb/v8-m.main+fp/hard\libc-musl.a(__out.o)
 .debug_ranges  0x00000540       0x10 c:/program files/microchip/xc32/v4.20/bin/bin/../../lib/gcc/pic32c/8.3.1/../../../../pic32c/lib/thumb/v8-m.main+fp/hard\libc-musl.a(__pop_float.o)
 .debug_ranges  0x00000550       0x10 c:/program files/microchip/xc32/v4.20/bin/bin/../../lib/gcc/pic32c/8.3.1/../../../../pic32c/lib/thumb/v8-m.main+fp/hard\libc-musl.a(__pop_int.o)
 .debug_ranges  0x00000560       0x10 c:/program files/microchip/xc32/v4.20/bin/bin/../../lib/gcc/pic32c/8.3.1/../../../../pic32c/lib/thumb/v8-m.main+fp/hard\libc-musl.a(__pop_ptr.o)
 .debug_ranges  0x00000570       0x60 c:/program files/microchip/xc32/v4.20/bin/bin/../../lib/gcc/pic32c/8.3.1/../../../../pic32c/lib/thumb/v8-m.main+fp/hard\libc-musl.a(__printf_core.o)
 .debug_ranges  0x000005d0       0x20 c:/program files/microchip/xc32/v4.20/bin/bin/../../lib/gcc/pic32c/8.3.1/../../../../pic32c/lib/thumb/v8-m.main+fp/hard\libc-musl.a(__stderr.o)
 .debug_ranges  0x000005f0       0x18 c:/program files/microchip/xc32/v4.20/bin/bin/../../lib/gcc/pic32c/8.3.1/../../../../pic32c/lib/thumb/v8-m.main+fp/hard\libc-musl.a(__stdio_close.o)
 .debug_ranges  0x00000608       0x30 c:/program files/microchip/xc32/v4.20/bin/bin/../../lib/gcc/pic32c/8.3.1/../../../../pic32c/lib/thumb/v8-m.main+fp/hard\libc-musl.a(__stdio_write.o)
 .debug_ranges  0x00000638       0x20 c:/program files/microchip/xc32/v4.20/bin/bin/../../lib/gcc/pic32c/8.3.1/../../../../pic32c/lib/thumb/v8-m.main+fp/hard\libc-musl.a(__stdout.o)
 .debug_ranges  0x00000658       0x18 c:/program files/microchip/xc32/v4.20/bin/bin/../../lib/gcc/pic32c/8.3.1/../../../../pic32c/lib/thumb/v8-m.main+fp/hard\libc-musl.a(__towrite.o)
 .debug_ranges  0x00000670       0x10 c:/program files/microchip/xc32/v4.20/bin/bin/../../lib/gcc/pic32c/8.3.1/../../../../pic32c/lib/thumb/v8-m.main+fp/hard\libc-musl.a(atoi.o)
 .debug_ranges  0x00000680       0x10 c:/program files/microchip/xc32/v4.20/bin/bin/../../lib/gcc/pic32c/8.3.1/../../../../pic32c/lib/thumb/v8-m.main+fp/hard\libc-musl.a(memcpy.o)
 .debug_ranges  0x00000690       0x10 c:/program files/microchip/xc32/v4.20/bin/bin/../../lib/gcc/pic32c/8.3.1/../../../../pic32c/lib/thumb/v8-m.main+fp/hard\libc-musl.a(memset.o)
 .debug_ranges  0x000006a0       0x10 c:/program files/microchip/xc32/v4.20/bin/bin/../../lib/gcc/pic32c/8.3.1/../../../../pic32c/lib/thumb/v8-m.main+fp/hard\libc-musl.a(writev.o)
 .debug_ranges  0x000006b0       0x18 c:/program files/microchip/xc32/v4.20/bin/bin/../../lib/gcc/pic32c/8.3.1/../../../../pic32c/lib/thumb/v8-m.main+fp/hard\libc-musl.a(tolower.o)
 .debug_ranges  0x000006c8       0x10 c:/program files/microchip/xc32/v4.20/bin/bin/../../lib/gcc/pic32c/8.3.1/../../../../pic32c/lib/thumb/v8-m.main+fp/hard\libc-musl.a(__fmt_a.o)
 .debug_ranges  0x000006d8       0x10 c:/program files/microchip/xc32/v4.20/bin/bin/../../lib/gcc/pic32c/8.3.1/../../../../pic32c/lib/thumb/v8-m.main+fp/hard\libc-musl.a(__fmt_d.o)
 .debug_ranges  0x000006e8       0x10 c:/program files/microchip/xc32/v4.20/bin/bin/../../lib/gcc/pic32c/8.3.1/../../../../pic32c/lib/thumb/v8-m.main+fp/hard\libc-musl.a(__fmt_fp.o)
 .debug_ranges  0x000006f8       0x10 c:/program files/microchip/xc32/v4.20/bin/bin/../../lib/gcc/pic32c/8.3.1/../../../../pic32c/lib/thumb/v8-m.main+fp/hard\libc-musl.a(__fmt_o.o)
 .debug_ranges  0x00000708       0x10 c:/program files/microchip/xc32/v4.20/bin/bin/../../lib/gcc/pic32c/8.3.1/../../../../pic32c/lib/thumb/v8-m.main+fp/hard\libc-musl.a(__fmt_s.o)
 .debug_ranges  0x00000718       0x18 c:/program files/microchip/xc32/v4.20/bin/bin/../../lib/gcc/pic32c/8.3.1/../../../../pic32c/lib/thumb/v8-m.main+fp/hard\libc-musl.a(__fmt_u.o)
 .debug_ranges  0x00000730       0x10 c:/program files/microchip/xc32/v4.20/bin/bin/../../lib/gcc/pic32c/8.3.1/../../../../pic32c/lib/thumb/v8-m.main+fp/hard\libc-musl.a(__fmt_x.o)
 .debug_ranges  0x00000740       0x18 c:/program files/microchip/xc32/v4.20/bin/bin/../../lib/gcc/pic32c/8.3.1/../../../../pic32c/lib/thumb/v8-m.main+fp/hard\libc-musl.a(__fwrite.o)
 .debug_ranges  0x00000758       0x10 c:/program files/microchip/xc32/v4.20/bin/bin/../../lib/gcc/pic32c/8.3.1/../../../../pic32c/lib/thumb/v8-m.main+fp/hard\libc-musl.a(strlen.o)
 .debug_ranges  0x00000768       0x10 c:/program files/microchip/xc32/v4.20/bin/bin/../../lib/gcc/pic32c/8.3.1/../../../../pic32c/lib/thumb/v8-m.main+fp/hard\libc-musl.a(strcpy.o)
 .debug_ranges  0x00000778       0x18 c:/program files/microchip/xc32/v4.20/bin/bin/../../lib/gcc/pic32c/8.3.1/../../../../pic32c/lib/thumb/v8-m.main+fp/hard\libc-musl.a(toupper.o)
 .debug_ranges  0x00000790       0x10 c:/program files/microchip/xc32/v4.20/bin/bin/../../lib/gcc/pic32c/8.3.1/../../../../pic32c/lib/thumb/v8-m.main+fp/hard\libc-musl.a(stpcpy.o)
 .debug_ranges  0x000007a0       0xb0 c:/program files/microchip/xc32/v4.20/bin/bin/../../lib/gcc/pic32c/8.3.1/thumb/v8-m.main+fp/hard\libgcc.a(_udivmoddi4.o)
 .debug_ranges  0x00000850       0x10 c:/program files/microchip/xc32/v4.20/bin/bin/../../lib/gcc/pic32c/8.3.1/../../../../pic32c/lib/thumb/v8-m.main+fp/hard\libpic32c.a(close.o)
 .debug_ranges  0x00000860       0x10 c:/program files/microchip/xc32/v4.20/bin/bin/../../lib/gcc/pic32c/8.3.1/../../../../pic32c/lib/thumb/v8-m.main+fp/hard\libpic32c.a(lseek.o)
 .debug_ranges  0x00000870       0x10 c:/program files/microchip/xc32/v4.20/bin/bin/../../lib/gcc/pic32c/8.3.1/../../../../pic32c/lib/thumb/v8-m.main+fp/hard\libpic32c.a(sbrk.o)

.debug_line     0x00000000     0x82fd
 .debug_line    0x00000000      0x5f0 build/pic32ck_gc01_cult/production/_ext/1641476138/plib_sercom5_usart.o
 .debug_line    0x000005f0       0x78 build/pic32ck_gc01_cult/production/_ext/2000113765/exceptions.o
 .debug_line    0x00000668      0x320 build/pic32ck_gc01_cult/production/_ext/2000113765/initialization.o
 .debug_line    0x00000988      0x165 build/pic32ck_gc01_cult/production/_ext/1821514987/xc32_monitor.o
 .debug_line    0x00000aed      0x21a build/pic32ck_gc01_cult/production/_ext/2123560367/plib_clock.o
 .debug_line    0x00000d07      0x1e9 build/pic32ck_gc01_cult/production/_ext/2000113765/startup_xc32.o
 .debug_line    0x00000ef0       0xc4 build/pic32ck_gc01_cult/production/_ext/2000113765/interrupts.o
 .debug_line    0x00000fb4      0x214 build/pic32ck_gc01_cult/production/_ext/44908540/plib_pm.o
 .debug_line    0x000011c8      0x2b3 build/pic32ck_gc01_cult/production/_ext/207439552/plib_port.o
 .debug_line    0x0000147b      0x285 build/pic32ck_gc01_cult/production/_ext/1392154144/plib_eic.o
 .debug_line    0x00001700       0x70 build/pic32ck_gc01_cult/production/_ext/2125709853/plib_evsys.o
 .debug_line    0x00001770      0x130 build/pic32ck_gc01_cult/production/_ext/207561462/plib_trng.o
 .debug_line    0x000018a0      0x2d3 build/pic32ck_gc01_cult/production/_ext/207386401/plib_nvic.o
 .debug_line    0x00001b73      0x1a4 build/pic32ck_gc01_cult/production/_ext/1360937237/main.o
 .debug_line    0x00001d17       0xa8 c:/program files/microchip/xc32/v4.20/bin/bin/../../lib/gcc/pic32c/8.3.1/../../../../pic32c/lib/thumb/v8-m.main+fp/hard\libpic32c.a(data_init_wrapper.o)
 .debug_line    0x00001dbf       0xf8 c:/program files/microchip/xc32/v4.20/bin/bin/../../lib/gcc/pic32c/8.3.1/../../../../pic32c/lib/thumb/v8-m.main+fp/hard\libpic32c.a(data_init_0_1.o)
 .debug_line    0x00001eb7      0x1cc c:/program files/microchip/xc32/v4.20/bin/bin/../../lib/gcc/pic32c/8.3.1/../../../../pic32c/lib/thumb/v8-m.main+fp/hard\libc-musl.a(__libc_start_main.o)
 .debug_line    0x00002083       0xbb c:/program files/microchip/xc32/v4.20/bin/bin/../../lib/gcc/pic32c/8.3.1/../../../../pic32c/lib/thumb/v8-m.main+fp/hard\libc-musl.a(libc.o)
 .debug_line    0x0000213e      0x1d7 c:/program files/microchip/xc32/v4.20/bin/bin/../../lib/gcc/pic32c/8.3.1/../../../../pic32c/lib/thumb/v8-m.main+fp/hard\libc-musl.a(stdin.o)
 .debug_line    0x00002315      0x18d c:/program files/microchip/xc32/v4.20/bin/bin/../../lib/gcc/pic32c/8.3.1/../../../../pic32c/lib/thumb/v8-m.main+fp/hard\libc-musl.a(stdout.o)
 .debug_line    0x000024a2      0x16b c:/program files/microchip/xc32/v4.20/bin/bin/../../lib/gcc/pic32c/8.3.1/../../../../pic32c/lib/thumb/v8-m.main+fp/hard\libc-musl.a(printf.o)
 .debug_line    0x0000260d      0x137 c:/program files/microchip/xc32/v4.20/bin/bin/../../lib/gcc/pic32c/8.3.1/../../../../pic32c/lib/thumb/v8-m.main+fp/hard\libc-musl.a(setbuf.o)
 .debug_line    0x00002744      0x107 c:/program files/microchip/xc32/v4.20/bin/bin/../../lib/gcc/pic32c/8.3.1/../../../../pic32c/lib/thumb/v8-m.main+fp/hard\libc-musl.a(__environ.o)
 .debug_line    0x0000284b      0x250 c:/program files/microchip/xc32/v4.20/bin/bin/../../lib/gcc/pic32c/8.3.1/../../../../pic32c/lib/thumb/v8-m.main+fp/hard\libc-musl.a(__stdio_read.o)
 .debug_line    0x00002a9b      0x1f6 c:/program files/microchip/xc32/v4.20/bin/bin/../../lib/gcc/pic32c/8.3.1/../../../../pic32c/lib/thumb/v8-m.main+fp/hard\libc-musl.a(__towrite_rw.o)
 .debug_line    0x00002c91      0x226 c:/program files/microchip/xc32/v4.20/bin/bin/../../lib/gcc/pic32c/8.3.1/../../../../pic32c/lib/thumb/v8-m.main+fp/hard\libc-musl.a(setvbuf.o)
 .debug_line    0x00002eb7      0x1f8 c:/program files/microchip/xc32/v4.20/bin/bin/../../lib/gcc/pic32c/8.3.1/../../../../pic32c/lib/thumb/v8-m.main+fp/hard\libc-musl.a(vfprintf.o)
 .debug_line    0x000030af      0x166 c:/program files/microchip/xc32/v4.20/bin/bin/../../lib/gcc/pic32c/8.3.1/../../../../pic32c/lib/thumb/v8-m.main+fp/hard\libc-musl.a(readv.o)
 .debug_line    0x00003215      0xae6 c:/program files/microchip/xc32/v4.20/bin/bin/../../lib/gcc/pic32c/8.3.1/../../../../pic32c/lib/thumb/v8-m.main+fp/hard\libc-musl.a(malloc.o)
 .debug_line    0x00003cfb       0xf5 c:/program files/microchip/xc32/v4.20/bin/bin/../../lib/gcc/pic32c/8.3.1/../../../../pic32c/lib/thumb/v8-m.main+fp/hard\libc-musl.a(expand_heap.o)
 .debug_line    0x00003df0       0xce c:/program files/microchip/xc32/v4.20/bin/bin/../../lib/gcc/pic32c/8.3.1/../../../../pic32c/lib/thumb/v8-m.main+fp/hard\libc-musl.a(__init_stdio.o)
 .debug_line    0x00003ebe      0x22e c:/program files/microchip/xc32/v4.20/bin/bin/../../lib/gcc/pic32c/8.3.1/../../../../pic32c/lib/thumb/v8-m.main+fp/hard\libc-musl.a(__out.o)
 .debug_line    0x000040ec      0x171 c:/program files/microchip/xc32/v4.20/bin/bin/../../lib/gcc/pic32c/8.3.1/../../../../pic32c/lib/thumb/v8-m.main+fp/hard\libc-musl.a(__pop_float.o)
 .debug_line    0x0000425d      0x20c c:/program files/microchip/xc32/v4.20/bin/bin/../../lib/gcc/pic32c/8.3.1/../../../../pic32c/lib/thumb/v8-m.main+fp/hard\libc-musl.a(__pop_int.o)
 .debug_line    0x00004469      0x1f4 c:/program files/microchip/xc32/v4.20/bin/bin/../../lib/gcc/pic32c/8.3.1/../../../../pic32c/lib/thumb/v8-m.main+fp/hard\libc-musl.a(__pop_ptr.o)
 .debug_line    0x0000465d      0x6a6 c:/program files/microchip/xc32/v4.20/bin/bin/../../lib/gcc/pic32c/8.3.1/../../../../pic32c/lib/thumb/v8-m.main+fp/hard\libc-musl.a(__printf_core.o)
 .debug_line    0x00004d03      0x1e2 c:/program files/microchip/xc32/v4.20/bin/bin/../../lib/gcc/pic32c/8.3.1/../../../../pic32c/lib/thumb/v8-m.main+fp/hard\libc-musl.a(__stderr.o)
 .debug_line    0x00004ee5      0x2f1 c:/program files/microchip/xc32/v4.20/bin/bin/../../lib/gcc/pic32c/8.3.1/../../../../pic32c/lib/thumb/v8-m.main+fp/hard\libc-musl.a(__stdio_close.o)
 .debug_line    0x000051d6      0x32f c:/program files/microchip/xc32/v4.20/bin/bin/../../lib/gcc/pic32c/8.3.1/../../../../pic32c/lib/thumb/v8-m.main+fp/hard\libc-musl.a(__stdio_write.o)
 .debug_line    0x00005505      0x1e2 c:/program files/microchip/xc32/v4.20/bin/bin/../../lib/gcc/pic32c/8.3.1/../../../../pic32c/lib/thumb/v8-m.main+fp/hard\libc-musl.a(__stdout.o)
 .debug_line    0x000056e7      0x189 c:/program files/microchip/xc32/v4.20/bin/bin/../../lib/gcc/pic32c/8.3.1/../../../../pic32c/lib/thumb/v8-m.main+fp/hard\libc-musl.a(__towrite.o)
 .debug_line    0x00005870      0x16f c:/program files/microchip/xc32/v4.20/bin/bin/../../lib/gcc/pic32c/8.3.1/../../../../pic32c/lib/thumb/v8-m.main+fp/hard\libc-musl.a(atoi.o)
 .debug_line    0x000059df       0xf3 c:/program files/microchip/xc32/v4.20/bin/bin/../../lib/gcc/pic32c/8.3.1/../../../../pic32c/lib/thumb/v8-m.main+fp/hard\libc-musl.a(memcpy.o)
 .debug_line    0x00005ad2       0xe8 c:/program files/microchip/xc32/v4.20/bin/bin/../../lib/gcc/pic32c/8.3.1/../../../../pic32c/lib/thumb/v8-m.main+fp/hard\libc-musl.a(memset.o)
 .debug_line    0x00005bba      0x167 c:/program files/microchip/xc32/v4.20/bin/bin/../../lib/gcc/pic32c/8.3.1/../../../../pic32c/lib/thumb/v8-m.main+fp/hard\libc-musl.a(writev.o)
 .debug_line    0x00005d21      0x163 c:/program files/microchip/xc32/v4.20/bin/bin/../../lib/gcc/pic32c/8.3.1/../../../../pic32c/lib/thumb/v8-m.main+fp/hard\libc-musl.a(tolower.o)
 .debug_line    0x00005e84       0xa0 c:/program files/microchip/xc32/v4.20/bin/bin/../../lib/gcc/pic32c/8.3.1/../../../../pic32c/lib/thumb/v8-m.main+fp/hard\libc-musl.a(__errno_location.o)
 .debug_line    0x00005f24      0x640 c:/program files/microchip/xc32/v4.20/bin/bin/../../lib/gcc/pic32c/8.3.1/../../../../pic32c/lib/thumb/v8-m.main+fp/hard\libc-musl.a(__fmt_a.o)
 .debug_line    0x00006564      0x20b c:/program files/microchip/xc32/v4.20/bin/bin/../../lib/gcc/pic32c/8.3.1/../../../../pic32c/lib/thumb/v8-m.main+fp/hard\libc-musl.a(__fmt_d.o)
 .debug_line    0x0000676f      0x689 c:/program files/microchip/xc32/v4.20/bin/bin/../../lib/gcc/pic32c/8.3.1/../../../../pic32c/lib/thumb/v8-m.main+fp/hard\libc-musl.a(__fmt_fp.o)
 .debug_line    0x00006df8      0x1b9 c:/program files/microchip/xc32/v4.20/bin/bin/../../lib/gcc/pic32c/8.3.1/../../../../pic32c/lib/thumb/v8-m.main+fp/hard\libc-musl.a(__fmt_o.o)
 .debug_line    0x00006fb1      0x20b c:/program files/microchip/xc32/v4.20/bin/bin/../../lib/gcc/pic32c/8.3.1/../../../../pic32c/lib/thumb/v8-m.main+fp/hard\libc-musl.a(__fmt_s.o)
 .debug_line    0x000071bc      0x237 c:/program files/microchip/xc32/v4.20/bin/bin/../../lib/gcc/pic32c/8.3.1/../../../../pic32c/lib/thumb/v8-m.main+fp/hard\libc-musl.a(__fmt_u.o)
 .debug_line    0x000073f3      0x2e1 c:/program files/microchip/xc32/v4.20/bin/bin/../../lib/gcc/pic32c/8.3.1/../../../../pic32c/lib/thumb/v8-m.main+fp/hard\libc-musl.a(__fmt_x.o)
 .debug_line    0x000076d4      0x1f0 c:/program files/microchip/xc32/v4.20/bin/bin/../../lib/gcc/pic32c/8.3.1/../../../../pic32c/lib/thumb/v8-m.main+fp/hard\libc-musl.a(__fwrite.o)
 .debug_line    0x000078c4       0xe4 c:/program files/microchip/xc32/v4.20/bin/bin/../../lib/gcc/pic32c/8.3.1/../../../../pic32c/lib/thumb/v8-m.main+fp/hard\libc-musl.a(strlen.o)
 .debug_line    0x000079a8       0xb3 c:/program files/microchip/xc32/v4.20/bin/bin/../../lib/gcc/pic32c/8.3.1/../../../../pic32c/lib/thumb/v8-m.main+fp/hard\libc-musl.a(strcpy.o)
 .debug_line    0x00007a5b      0x163 c:/program files/microchip/xc32/v4.20/bin/bin/../../lib/gcc/pic32c/8.3.1/../../../../pic32c/lib/thumb/v8-m.main+fp/hard\libc-musl.a(toupper.o)
 .debug_line    0x00007bbe       0xc7 c:/program files/microchip/xc32/v4.20/bin/bin/../../lib/gcc/pic32c/8.3.1/../../../../pic32c/lib/thumb/v8-m.main+fp/hard\libc-musl.a(stpcpy.o)
 .debug_line    0x00007c85       0x97 c:/program files/microchip/xc32/v4.20/bin/bin/../../lib/gcc/pic32c/8.3.1/thumb/v8-m.main+fp/hard\libgcc.a(_aeabi_uldivmod.o)
 .debug_line    0x00007d1c      0x359 c:/program files/microchip/xc32/v4.20/bin/bin/../../lib/gcc/pic32c/8.3.1/thumb/v8-m.main+fp/hard\libgcc.a(_udivmoddi4.o)
 .debug_line    0x00008075       0x97 c:/program files/microchip/xc32/v4.20/bin/bin/../../lib/gcc/pic32c/8.3.1/thumb/v8-m.main+fp/hard\libgcc.a(_dvmd_tls.o)
 .debug_line    0x0000810c       0x9c c:/program files/microchip/xc32/v4.20/bin/bin/../../lib/gcc/pic32c/8.3.1/../../../../pic32c/lib/thumb/v8-m.main+fp/hard\libpic32c.a(close.o)
 .debug_line    0x000081a8       0x9c c:/program files/microchip/xc32/v4.20/bin/bin/../../lib/gcc/pic32c/8.3.1/../../../../pic32c/lib/thumb/v8-m.main+fp/hard\libpic32c.a(lseek.o)
 .debug_line    0x00008244       0xb9 c:/program files/microchip/xc32/v4.20/bin/bin/../../lib/gcc/pic32c/8.3.1/../../../../pic32c/lib/thumb/v8-m.main+fp/hard\libpic32c.a(sbrk.o)

.debug_str      0x00000000      0x55f
 .debug_str     0x00000000      0x139 build/pic32ck_gc01_cult/production/_ext/1641476138/plib_sercom5_usart.o
 .debug_str     0x00000139        0x0 build/pic32ck_gc01_cult/production/_ext/2000113765/exceptions.o