Archive member included to satisfy reference by file (symbol)

c:/program files/microchip/xc32/v4.20/bin/bin/../../lib/gcc/pic32c/8.3.1/../../../../pic32c/lib/thumb/v8-m.main+fp/hard\libpic32c.a(data_init_wrapper.o)
                              build/default/production/_ext/1171490990/startup_xc32.o (__pic32c_data_initialization)
c:/program files/microchip/xc32/v4.20/bin/bin/../../lib/gcc/pic32c/8.3.1/../../../../pic32c/lib/thumb/v8-m.main+fp/hard\libpic32c.a(data_init_0_1.o)
                              c:/program files/microchip/xc32/v4.20/bin/bin/../../lib/gcc/pic32c/8.3.1/../../../../pic32c/lib/thumb/v8-m.main+fp/hard\libpic32c.a(data_init_wrapper.o) (__pic32c_data_initialization_impl)
c:/program files/microchip/xc32/v4.20/bin/bin/../../lib/gcc/pic32c/8.3.1/../../../../pic32c/lib/thumb/v8-m.main+fp/hard\libc-musl.a(__libc_start_main.o)
                              build/default/production/_ext/1171490990/startup_xc32.o (__libc_init_array)
c:/program files/microchip/xc32/v4.20/bin/bin/../../lib/gcc/pic32c/8.3.1/../../../../pic32c/lib/thumb/v8-m.main+fp/hard\libc-musl.a(libc.o)
                              c:/program files/microchip/xc32/v4.20/bin/bin/../../lib/gcc/pic32c/8.3.1/../../../../pic32c/lib/thumb/v8-m.main+fp/hard\libc-musl.a(__libc_start_main.o) (__progname_full)
c:/program files/microchip/xc32/v4.20/bin/bin/../../lib/gcc/pic32c/8.3.1/../../../../pic32c/lib/thumb/v8-m.main+fp/hard\libc-musl.a(memcmp.o)
                              build/default/production/_ext/1360937237/app.o (memcmp)
c:/program files/microchip/xc32/v4.20/bin/bin/../../lib/gcc/pic32c/8.3.1/../../../../pic32c/lib/thumb/v8-m.main+fp/hard\libc-musl.a(__environ.o)
                              c:/program files/microchip/xc32/v4.20/bin/bin/../../lib/gcc/pic32c/8.3.1/../../../../pic32c/lib/thumb/v8-m.main+fp/hard\libc-musl.a(__libc_start_main.o) (__environ)

Microchip PIC32 Memory-Usage Report

ROM Program-Memory Usage
section                    address  length [bytes]      (dec)  Description
-------                 ----------  -------------------------  -----------
.text                    0xc000000           0x20          32  App's exec code 
.text.APP_Tasks          0xc000020          0x150         336   
.dinit                   0xc000170          0x130         304   
.text.APP_Read           0xc0002a0           0xd4         212   
.text.APP_Initialize     0xc000374           0xac         172   
.text.CLOCK_Initialize   0xc000420           0x98         152   
.text.SQI_Initialize     0xc0004b8           0x8c         140   
.text.SQI_InterruptHand  0xc000544           0x88         136   
.text.Reset_Handler      0xc0005cc           0x68         104   
.text.__pic32c_data_ini  0xc000634           0x60          96   
.text.APP_ResetFlash     0xc000694           0x5c          92   
.text.__libc_start_init  0xc0006f0           0x5c          92   
.text.PORT_Initialize    0xc00074c           0x54          84   
.text.APP_PageWrite      0xc0007a0           0x54          84   
.text.APP_ReadJedecId    0xc0007f4           0x4c          76   
.text                    0xc000840           0x40          64  App's exec code 
.text.APP_UnlockFlash    0xc000880           0x38          56   
.text.NVIC_Initialize    0xc0008b8           0x34          52   
.text.APP_EnableQuadIO   0xc0008ec           0x34          52   
.text.APP_Erase          0xc000920           0x34          52   
.text.APP_WriteEnable    0xc000954           0x24          36   
.text.SQI_DMATransfer    0xc000978           0x20          32   
.text.SYS_Initialize     0xc000998           0x1c          28   
.text.APP_SectorErase    0xc0009b4           0x1c          28   
.text.memcmp             0xc0009d0           0x1c          28   
.text.SQI_RegisterCallb  0xc0009ec           0x14          20   
.text.main               0xc000a00           0x12          18   
.text.EVSYS_Initialize   0xc000a12            0x2           2   
.text.PM_Initialize      0xc000a14           0x10          16   
.text.APP_EventHandler   0xc000a24            0xc          12   
.text.__pic32c_data_ini  0xc000a30            0x4           4   
.text.NonMaskableInt_Ha  0xc000a34            0x2           2   
.text.HardFault_Handler  0xc000a36            0x2           2   
.text.Dummy_App_Func     0xc000a38            0x2           2   
.text.Dummy_Handler      0xc000a3a            0x2           2   
.text.__dummy            0xc000a3c            0x2           2   
      Total ROM used  :       0xa3e        2622  0.1% of 0x200000
        --------------------------------------------------------------------------
         Total Program Memory used  :       0xa3e        2622  0.1% of 0x200000
        --------------------------------------------------------------------------


RAM Data-Memory Usage
section                    address  length [bytes]      (dec)  Description
-------                 ----------  -------------------------  -----------
[...]
Memory Configuration

Name             Origin             Length             Attributes
boot_rom         0x08000000         0x00020000         xrl
rom              0x0c000000         0x00200000         xrl
ram              0x20000000         0x00080000         xw !r
tcm              0x00000000         0x00000000         xw
*default*        0x00000000         0xffffffff

Linker script and memory map

LOAD c:/program files/microchip/xc32/v4.20/bin/bin/../../lib/gcc/pic32c/8.3.1/thumb/v8-m.main+fp/hard/crti.o
LOAD c:/program files/microchip/xc32/v4.20/bin/bin/../../lib/gcc/pic32c/8.3.1/thumb/v8-m.main+fp/hard/crtbegin.o
LOAD build/default/production/_ext/1984496892/plib_clock.o
LOAD build/default/production/_ext/1865131932/plib_cmcc.o
LOAD build/default/production/_ext/1986646378/plib_evsys.o
LOAD build/default/production/_ext/1865468468/plib_nvic.o
LOAD build/default/production/_ext/829342769/plib_pm.o
LOAD build/default/production/_ext/1865521619/plib_port.o
LOAD build/default/production/_ext/60181049/plib_sqi.o
LOAD build/default/production/_ext/163028504/xc32_monitor.o
LOAD build/default/production/_ext/1171490990/exceptions.o
LOAD build/default/production/_ext/1171490990/libc_syscalls.o
LOAD build/default/production/_ext/1171490990/startup_xc32.o
LOAD build/default/production/_ext/1171490990/initialization.o
LOAD build/default/production/_ext/1171490990/interrupts.o
LOAD build/default/production/_ext/1360937237/app.o
LOAD build/default/production/_ext/1360937237/main.o
                0x00000001                __MPLAB_BUILD = 0x1
                0x0c200000                __rom_end = (ORIGIN (rom) + LENGTH (rom))
                0x20080000                __ram_end = (ORIGIN (ram) + LENGTH (ram))

.vectors        0x08000000      0x2ac
                0x08000000                . = ALIGN (0x4)
                0x08000000                _sfixed = .
 *(.vectors .vectors.* .vectors_default .vectors_default.*)
 .vectors.exception_table
                0x08000000      0x2ac build/default/production/_ext/1171490990/interrupts.o
                0x08000000                exception_table
 *(.isr_vector)
 *(.reset*)
 *(.after_vectors)

.text           0x0c000000       0x20
                0x0c000000                . = ALIGN (0x4)
 *(.glue_7t)
 .glue_7t       0x0c000000        0x0 linker stubs
 *(.glue_7)
 .glue_7        0x0c000000        0x0 linker stubs
 *(.gnu.linkonce.r.*)
 *(.ARM.extab* .gnu.linkonce.armextab.*)
                0x0c000000                . = ALIGN (0x4)
 *(.init)
 .init          0x0c000000        0x4 c:/program files/microchip/xc32/v4.20/bin/bin/../../lib/gcc/pic32c/8.3.1/thumb/v8-m.main+fp/hard/crti.o
                0x0c000000                _init
 .init          0x0c000004        0x8 c:/program files/microchip/xc32/v4.20/bin/bin/../../lib/gcc/pic32c/8.3.1/thumb/v8-m.main+fp/hard/crtn.o
                0x0c00000c                . = ALIGN (0x4)
                0x0c00000c                __preinit_array_start = .
 *(.preinit_array)
                0x0c00000c                __preinit_array_end = .
                0x0c00000c                . = ALIGN (0x4)
                0x0c00000c                __init_array_start = .
 *(SORT_BY_NAME(.init_array.*))
 *(.init_array)
 .init_array    0x0c00000c        0x4 c:/program files/microchip/xc32/v4.20/bin/bin/../../lib/gcc/pic32c/8.3.1/thumb/v8-m.main+fp/hard/crtbegin.o
                0x0c000010                __init_array_end = .
                0x0c000010                . = ALIGN (0x4)
 *crtbegin.o(.ctors)
 *(EXCLUDE_FILE(*crtend.o) .ctors)
 *(SORT_BY_NAME(.ctors.*))
 *crtend.o(.ctors)
                0x0c000010                . = ALIGN (0x4)
 *(.fini)
 .fini          0x0c000010        0x4 c:/program files/microchip/xc32/v4.20/bin/bin/../../lib/gcc/pic32c/8.3.1/thumb/v8-m.main+fp/hard/crti.o
                0x0c000010                _fini
 .fini          0x0c000014        0x8 c:/program files/microchip/xc32/v4.20/bin/bin/../../lib/gcc/pic32c/8.3.1/thumb/v8-m.main+fp/hard/crtn.o
                0x0c00001c                . = ALIGN (0x4)
                0x0c00001c                __fini_array_start = .
 *(.fini_array)
 .fini_array    0x0c00001c        0x4 c:/program files/microchip/xc32/v4.20/bin/bin/../../lib/gcc/pic32c/8.3.1/thumb/v8-m.main+fp/hard/crtbegin.o
 *(SORT_BY_NAME(.fini_array.*))
                0x0c000020                __fini_array_end = .
 *crtbegin.o(.dtors)
 *(EXCLUDE_FILE(*crtend.o) .dtors)
 *(SORT_BY_NAME(.dtors.*))
 *crtend.o(.dtors)
                0x0c000020                . = ALIGN (0x4)
                0x0c000020                _efixed = .
                [!provide]                PROVIDE (__exidx_start = .)

.ARM.exidx
 *(.ARM.exidx* .gnu.linkonce.armexidx.*)
                [!provide]                PROVIDE (__exidx_end = .)
                0x0c000020                . = ALIGN (0x4)
                0x0c000020                _etext = .

.bss            0x20000000        0x0
                0x20000000                . = ALIGN (0x4)
                0x20000000                __bss_start__ = .
                0x20000000                _sbss = .
                0x20000000                _szero = .
 *(COMMON)
                0x20000000                . = ALIGN (0x4)
                0x20000000                __bss_end__ = .
                0x20000000                _ebss = .
                0x20000000                _ezero = .
                0x20000000                . = ALIGN (0x4)
                0x20000000                _end = .
                0x2007ffff                _ram_end_ = ((ORIGIN (ram) + LENGTH (ram)) - 0x1)
                0x00000200                _min_heap_size = 0x200
START GROUP
LOAD c:/program files/microchip/xc32/v4.20/bin/bin/../../lib/gcc/pic32c/8.3.1/../../../../pic32c/lib/thumb/v8-m.main+fp/hard\libpic32c.a
LOAD c:/program files/microchip/xc32/v4.20/bin/bin/../../lib/gcc/pic32c/8.3.1/../../../../pic32c/lib/thumb/v8-m.main+fp/hard\libm-emfloat.a
LOAD c:/program files/microchip/xc32/v4.20/bin/bin/../../lib/gcc/pic32c/8.3.1/../../../../pic32c/lib/thumb/v8-m.main+fp/hard\libc-musl.a
LOAD c:/program files/microchip/xc32/v4.20/bin/bin/../../lib/gcc/pic32c/8.3.1/../../../../pic32c/lib/thumb/v8-m.main+fp/hard\libm-emfloat.a
LOAD c:/program files/microchip/xc32/v4.20/bin/bin/../../lib/gcc/pic32c/8.3.1/thumb/v8-m.main+fp/hard\libgcc.a
END GROUP
LOAD c:/program files/microchip/xc32/v4.20/bin/bin/../../lib/gcc/pic32c/8.3.1/thumb/v8-m.main+fp/hard/crtend.o
LOAD c:/program files/microchip/xc32/v4.20/bin/bin/../../lib/gcc/pic32c/8.3.1/thumb/v8-m.main+fp/hard/crtn.o
OUTPUT(dist/default/production/pic32ck_gc01_cult.X.production.elf elf32-littlearm)
LOAD stack
LOAD data_init

.ARM.attributes
                0x00000000       0x38
 .ARM.attributes
                0x00000000       0x22 c:/program files/microchip/xc32/v4.20/bin/bin/../../lib/gcc/pic32c/8.3.1/thumb/v8-m.main+fp/hard/crti.o
 .ARM.attributes
                0x00000022       0x38 c:/program files/microchip/xc32/v4.20/bin/bin/../../lib/gcc/pic32c/8.3.1/thumb/v8-m.main+fp/hard/crtbegin.o
 .ARM.attributes
                0x0000005a       0x38 build/default/production/_ext/1984496892/plib_clock.o
 .ARM.attributes
                0x00000092       0x38 build/default/production/_ext/1986646378/plib_evsys.o
 .ARM.attributes
                0x000000ca       0x38 build/default/production/_ext/1865468468/plib_nvic.o
 .ARM.attributes
                0x00000102       0x38 build/default/production/_ext/829342769/plib_pm.o
 .ARM.attributes
                0x0000013a       0x38 build/default/production/_ext/1865521619/plib_port.o
 .ARM.attributes
                0x00000172       0x38 build/default/production/_ext/60181049/plib_sqi.o
 .ARM.attributes
                0x000001aa       0x38 build/default/production/_ext/1171490990/exceptions.o
 .ARM.attributes
                0x000001e2       0x38 build/default/production/_ext/1171490990/startup_xc32.o
 .ARM.attributes
                0x0000021a       0x38 build/default/production/_ext/1171490990/initialization.o
 .ARM.attributes
                0x00000252       0x38 build/default/production/_ext/1171490990/interrupts.o
 .ARM.attributes
                0x0000028a       0x38 build/default/production/_ext/1360937237/app.o
 .ARM.attributes
                0x000002c2       0x38 build/default/production/_ext/1360937237/main.o
 .ARM.attributes
                0x000002fa       0x38 c:/program files/microchip/xc32/v4.20/bin/bin/../../lib/gcc/pic32c/8.3.1/../../../../pic32c/lib/thumb/v8-m.main+fp/hard\libpic32c.a(data_init_wrapper.o)
 .ARM.attributes
                0x00000332       0x38 c:/program files/microchip/xc32/v4.20/bin/bin/../../lib/gcc/pic32c/8.3.1/../../../../pic32c/lib/thumb/v8-m.main+fp/hard\libpic32c.a(data_init_0_1.o)
 .ARM.attributes
                0x0000036a       0x3a c:/program files/microchip/xc32/v4.20/bin/bin/../../lib/gcc/pic32c/8.3.1/../../../../pic32c/lib/thumb/v8-m.main+fp/hard\libc-musl.a(__libc_start_main.o)
 .ARM.attributes
                0x000003a4       0x38 c:/program files/microchip/xc32/v4.20/bin/bin/../../lib/gcc/pic32c/8.3.1/../../../../pic32c/lib/thumb/v8-m.main+fp/hard\libc-musl.a(libc.o)
 .ARM.attributes
                0x000003dc       0x3a c:/program files/microchip/xc32/v4.20/bin/bin/../../lib/gcc/pic32c/8.3.1/../../../../pic32c/lib/thumb/v8-m.main+fp/hard\libc-musl.a(memcmp.o)
 .ARM.attributes
                0x00000416       0x38 c:/program files/microchip/xc32/v4.20/bin/bin/../../lib/gcc/pic32c/8.3.1/../../../../pic32c/lib/thumb/v8-m.main+fp/hard\libc-musl.a(__environ.o)
 .ARM.attributes
                0x0000044e       0x22 c:/program files/microchip/xc32/v4.20/bin/bin/../../lib/gcc/pic32c/8.3.1/thumb/v8-m.main+fp/hard/crtn.o

.comment        0x00000000       0x2b
 .comment       0x00000000       0x2b c:/program files/microchip/xc32/v4.20/bin/bin/../../lib/gcc/pic32c/8.3.1/thumb/v8-m.main+fp/hard/crtbegin.o
                                 0x2c (size before relaxing)
 .comment       0x0000002b       0x2c build/default/production/_ext/1984496892/plib_clock.o
 .comment       0x0000002b       0x2c build/default/production/_ext/1986646378/plib_evsys.o
 .comment       0x0000002b       0x2c build/default/production/_ext/1865468468/plib_nvic.o
 .comment       0x0000002b       0x2c build/default/production/_ext/829342769/plib_pm.o
 .comment       0x0000002b       0x2c build/default/production/_ext/1865521619/plib_port.o
 .comment       0x0000002b       0x2c build/default/production/_ext/60181049/plib_sqi.o
 .comment       0x0000002b       0x2c build/default/production/_ext/1171490990/exceptions.o
 .comment       0x0000002b       0x2c build/default/production/_ext/1171490990/startup_xc32.o
 .comment       0x0000002b       0x2c build/default/production/_ext/1171490990/initialization.o
 .comment       0x0000002b       0x2c build/default/production/_ext/1171490990/interrupts.o
 .comment       0x0000002b       0x2c build/default/production/_ext/1360937237/app.o
 .comment       0x0000002b       0x2c build/default/production/_ext/1360937237/main.o
 .comment       0x0000002b       0x2c c:/program files/microchip/xc32/v4.20/bin/bin/../../lib/gcc/pic32c/8.3.1/../../../../pic32c/lib/thumb/v8-m.main+fp/hard\libpic32c.a(data_init_wrapper.o)
 .comment       0x0000002b       0x2c c:/program files/microchip/xc32/v4.20/bin/bin/../../lib/gcc/pic32c/8.3.1/../../../../pic32c/lib/thumb/v8-m.main+fp/hard\libpic32c.a(data_init_0_1.o)
 .comment       0x0000002b       0x2c c:/program files/microchip/xc32/v4.20/bin/bin/../../lib/gcc/pic32c/8.3.1/../../../../pic32c/lib/thumb/v8-m.main+fp/hard\libc-musl.a(__libc_start_main.o)
 .comment       0x0000002b       0x2c c:/program files/microchip/xc32/v4.20/bin/bin/../../lib/gcc/pic32c/8.3.1/../../../../pic32c/lib/thumb/v8-m.main+fp/hard\libc-musl.a(libc.o)
 .comment       0x0000002b       0x2c c:/program files/microchip/xc32/v4.20/bin/bin/../../lib/gcc/pic32c/8.3.1/../../../../pic32c/lib/thumb/v8-m.main+fp/hard\libc-musl.a(memcmp.o)
 .comment       0x0000002b       0x2c c:/program files/microchip/xc32/v4.20/bin/bin/../../lib/gcc/pic32c/8.3.1/../../../../pic32c/lib/thumb/v8-m.main+fp/hard\libc-musl.a(__environ.o)

.debug_info     0x00000000     0x9b34
 .debug_info    0x00000000      0xb3f build/default/production/_ext/1984496892/plib_clock.o
 .debug_info    0x00000b3f      0x344 build/default/production/_ext/1986646378/plib_evsys.o
 .debug_info    0x00000e83     0x1760 build/default/production/_ext/1865468468/plib_nvic.o
 .debug_info    0x000025e3      0x578 build/default/production/_ext/829342769/plib_pm.o
 .debug_info    0x00002b5b     0x1140 build/default/production/_ext/1865521619/plib_port.o
 .debug_info    0x00003c9b      0x97c build/default/production/_ext/60181049/plib_sqi.o
 .debug_info    0x00004617      0x35f build/default/production/_ext/1171490990/exceptions.o
 .debug_info    0x00004976      0x941 build/default/production/_ext/1171490990/startup_xc32.o
 .debug_info    0x000052b7      0x3df build/default/production/_ext/1171490990/initialization.o
 .debug_info    0x00005696     0x195e build/default/production/_ext/1171490990/interrupts.o
 .debug_info    0x00006ff4     0x116a build/default/production/_ext/1360937237/app.o
 .debug_info    0x0000815e      0x376 build/default/production/_ext/1360937237/main.o
 .debug_info    0x000084d4      0x2aa c:/program files/microchip/xc32/v4.20/bin/bin/../../lib/gcc/pic32c/8.3.1/../../../../pic32c/lib/thumb/v8-m.main+fp/hard\libpic32c.a(data_init_wrapper.o)
 .debug_info    0x0000877e      0x2ad c:/program files/microchip/xc32/v4.20/bin/bin/../../lib/gcc/pic32c/8.3.1/../../../../pic32c/lib/thumb/v8-m.main+fp/hard\libpic32c.a(data_init_0_1.o)
 .debug_info    0x00008a2b      0x62b c:/program files/microchip/xc32/v4.20/bin/bin/../../lib/gcc/pic32c/8.3.1/../../../../pic32c/lib/thumb/v8-m.main+fp/hard\libc-musl.a(__libc_start_main.o)
 .debug_info    0x00009056      0x53d c:/program files/microchip/xc32/v4.20/bin/bin/../../lib/gcc/pic32c/8.3.1/../../../../pic32c/lib/thumb/v8-m.main+fp/hard\libc-musl.a(libc.o)
 .debug_info    0x00009593      0x2ea c:/program files/microchip/xc32/v4.20/bin/bin/../../lib/gcc/pic32c/8.3.1/../../../../pic32c/lib/thumb/v8-m.main+fp/hard\libc-musl.a(memcmp.o)
 .debug_info    0x0000987d      0x2b7 c:/program files/microchip/xc32/v4.20/bin/bin/../../lib/gcc/pic32c/8.3.1/../../../../pic32c/lib/thumb/v8-m.main+fp/hard\libc-musl.a(__environ.o)

.debug_abbrev   0x00000000     0x1037
 .debug_abbrev  0x00000000      0x111 build/default/production/_ext/1984496892/plib_clock.o
 .debug_abbrev  0x00000111       0x3b build/default/production/_ext/1986646378/plib_evsys.o
 .debug_abbrev  0x0000014c      0x1e4 build/default/production/_ext/1865468468/plib_nvic.o
 .debug_abbrev  0x00000330       0x8a build/default/production/_ext/829342769/plib_pm.o
 .debug_abbrev  0x000003ba      0x1d6 build/default/production/_ext/1865521619/plib_port.o
 .debug_abbrev  0x00000590      0x12c build/default/production/_ext/60181049/plib_sqi.o
 .debug_abbrev  0x000006bc       0x3e build/default/production/_ext/1171490990/exceptions.o
 .debug_abbrev  0x000006fa      0x1aa build/default/production/_ext/1171490990/startup_xc32.o
 .debug_abbrev  0x000008a4       0x8b build/default/production/_ext/1171490990/initialization.o
 .debug_abbrev  0x0000092f       0xb5 build/default/production/_ext/1171490990/interrupts.o
 .debug_abbrev  0x000009e4      0x2be build/default/production/_ext/1360937237/app.o
 .debug_abbrev  0x00000ca2       0x8b build/default/production/_ext/1360937237/main.o
 .debug_abbrev  0x00000d2d       0x2b c:/program files/microchip/xc32/v4.20/bin/bin/../../lib/gcc/pic32c/8.3.1/../../../../pic32c/lib/thumb/v8-m.main+fp/hard\libpic32c.a(data_init_wrapper.o)
 .debug_abbrev  0x00000d58       0x2e c:/program files/microchip/xc32/v4.20/bin/bin/../../lib/gcc/pic32c/8.3.1/../../../../pic32c/lib/thumb/v8-m.main+fp/hard\libpic32c.a(data_init_0_1.o)
 .debug_abbrev  0x00000d86      0x117 c:/program files/microchip/xc32/v4.20/bin/bin/../../lib/gcc/pic32c/8.3.1/../../../../pic32c/lib/thumb/v8-m.main+fp/hard\libc-musl.a(__libc_start_main.o)
 .debug_abbrev  0x00000e9d       0xb8 c:/program files/microchip/xc32/v4.20/bin/bin/../../lib/gcc/pic32c/8.3.1/../../../../pic32c/lib/thumb/v8-m.main+fp/hard\libc-musl.a(libc.o)
 .debug_abbrev  0x00000f55       0x8b c:/program files/microchip/xc32/v4.20/bin/bin/../../lib/gcc/pic32c/8.3.1/../../../../pic32c/lib/thumb/v8-m.main+fp/hard\libc-musl.a(memcmp.o)
 .debug_abbrev  0x00000fe0       0x57 c:/program files/microchip/xc32/v4.20/bin/bin/../../lib/gcc/pic32c/8.3.1/../../../../pic32c/lib/thumb/v8-m.main+fp/hard\libc-musl.a(__environ.o)

.debug_aranges  0x00000000      0x380
 .debug_aranges
                0x00000000       0x20 build/default/production/_ext/1984496892/plib_clock.o
 .debug_aranges
                0x00000020       0x20 build/default/production/_ext/1986646378/plib_evsys.o
 .debug_aranges
                0x00000040       0x38 build/default/production/_ext/1865468468/plib_nvic.o
 .debug_aranges
                0x00000078       0x58 build/default/production/_ext/829342769/plib_pm.o
 .debug_aranges
                0x000000d0       0x70 build/default/production/_ext/1865521619/plib_port.o
 .debug_aranges
                0x00000140       0x48 build/default/production/_ext/60181049/plib_sqi.o
 .debug_aranges
                0x00000188       0x28 build/default/production/_ext/1171490990/exceptions.o
 .debug_aranges
                0x000001b0       0x28 build/default/production/_ext/1171490990/startup_xc32.o
 .debug_aranges
                0x000001d8       0x20 build/default/production/_ext/1171490990/initialization.o
 .debug_aranges
                0x000001f8       0x20 build/default/production/_ext/1171490990/interrupts.o
 .debug_aranges
                0x00000218       0x90 build/default/production/_ext/1360937237/app.o
 .debug_aranges
                0x000002a8       0x20 build/default/production/_ext/1360937237/main.o
 .debug_aranges
                0x000002c8       0x20 c:/program files/microchip/xc32/v4.20/bin/bin/../../lib/gcc/pic32c/8.3.1/../../../../pic32c/lib/thumb/v8-m.main+fp/hard\libpic32c.a(data_init_wrapper.o)
 .debug_aranges
                0x000002e8       0x20 c:/program files/microchip/xc32/v4.20/bin/bin/../../lib/gcc/pic32c/8.3.1/../../../../pic32c/lib/thumb/v8-m.main+fp/hard\libpic32c.a(data_init_0_1.o)
 .debug_aranges
                0x00000308       0x28 c:/program files/microchip/xc32/v4.20/bin/bin/../../lib/gcc/pic32c/8.3.1/../../../../pic32c/lib/thumb/v8-m.main+fp/hard\libc-musl.a(__libc_start_main.o)
 .debug_aranges
                0x00000330       0x18 c:/program files/microchip/xc32/v4.20/bin/bin/../../lib/gcc/pic32c/8.3.1/../../../../pic32c/lib/thumb/v8-m.main+fp/hard\libc-musl.a(libc.o)
 .debug_aranges
                0x00000348       0x20 c:/program files/microchip/xc32/v4.20/bin/bin/../../lib/gcc/pic32c/8.3.1/../../../../pic32c/lib/thumb/v8-m.main+fp/hard\libc-musl.a(memcmp.o)
 .debug_aranges
                0x00000368       0x18 c:/program files/microchip/xc32/v4.20/bin/bin/../../lib/gcc/pic32c/8.3.1/../../../../pic32c/lib/thumb/v8-m.main+fp/hard\libc-musl.a(__environ.o)

.debug_ranges   0x00000000      0x278
 .debug_ranges  0x00000000       0x10 build/default/production/_ext/1984496892/plib_clock.o
 .debug_ranges  0x00000010       0x10 build/default/production/_ext/1986646378/plib_evsys.o
 .debug_ranges  0x00000020       0x28 build/default/production/_ext/1865468468/plib_nvic.o
 .debug_ranges  0x00000048       0x48 build/default/production/_ext/829342769/plib_pm.o
 .debug_ranges  0x00000090       0x60 build/default/production/_ext/1865521619/plib_port.o
 .debug_ranges  0x000000f0       0x38 build/default/production/_ext/60181049/plib_sqi.o
 .debug_ranges  0x00000128       0x18 build/default/production/_ext/1171490990/exceptions.o
 .debug_ranges  0x00000140       0x18 build/default/production/_ext/1171490990/startup_xc32.o
 .debug_ranges  0x00000158       0x10 build/default/production/_ext/1171490990/initialization.o
 .debug_ranges  0x00000168       0x10 build/default/production/_ext/1171490990/interrupts.o
 .debug_ranges  0x00000178       0x80 build/default/production/_ext/1360937237/app.o
 .debug_ranges  0x000001f8       0x10 build/default/production/_ext/1360937237/main.o
 .debug_ranges  0x00000208       0x10 c:/program files/microchip/xc32/v4.20/bin/bin/../../lib/gcc/pic32c/8.3.1/../../../../pic32c/lib/thumb/v8-m.main+fp/hard\libpic32c.a(data_init_wrapper.o)
 .debug_ranges  0x00000218       0x10 c:/program files/microchip/xc32/v4.20/bin/bin/../../lib/gcc/pic32c/8.3.1/../../../../pic32c/lib/thumb/v8-m.main+fp/hard\libpic32c.a(data_init_0_1.o)
 .debug_ranges  0x00000228       0x40 c:/program files/microchip/xc32/v4.20/bin/bin/../../lib/gcc/pic32c/8.3.1/../../../../pic32c/lib/thumb/v8-m.main+fp/hard\libc-musl.a(__libc_start_main.o)
 .debug_ranges  0x00000268       0x10 c:/program files/microchip/xc32/v4.20/bin/bin/../../lib/gcc/pic32c/8.3.1/../../../../pic32c/lib/thumb/v8-m.main+fp/hard\libc-musl.a(memcmp.o)

.debug_line     0x00000000     0x20c2
 .debug_line    0x00000000      0x1f5 build/default/production/_ext/1984496892/plib_clock.o
 .debug_line    0x000001f5       0x66 build/default/production/_ext/1986646378/plib_evsys.o
 .debug_line    0x0000025b      0x2c9 build/default/production/_ext/1865468468/plib_nvic.o
 .debug_line    0x00000524      0x20a build/default/production/_ext/829342769/plib_pm.o
 .debug_line    0x0000072e      0x2ef build/default/production/_ext/1865521619/plib_port.o
 .debug_line    0x00000a1d      0x2df build/default/production/_ext/60181049/plib_sqi.o
 .debug_line    0x00000cfc       0x6e build/default/production/_ext/1171490990/exceptions.o
 .debug_line    0x00000d6a      0x1df build/default/production/_ext/1171490990/startup_xc32.o
 .debug_line    0x00000f49      0x1a4 build/default/production/_ext/1171490990/initialization.o
 .debug_line    0x000010ed       0xba build/default/production/_ext/1171490990/interrupts.o
 .debug_line    0x000011a7      0x891 build/default/production/_ext/1360937237/app.o
 .debug_line    0x00001a38       0x77 build/default/production/_ext/1360937237/main.o
 .debug_line    0x00001aaf       0xa8 c:/program files/microchip/xc32/v4.20/bin/bin/../../lib/gcc/pic32c/8.3.1/../../../../pic32c/lib/thumb/v8-m.main+fp/hard\libpic32c.a(data_init_wrapper.o)
 .debug_line    0x00001b57       0xf8 c:/program files/microchip/xc32/v4.20/bin/bin/../../lib/gcc/pic32c/8.3.1/../../../../pic32c/lib/thumb/v8-m.main+fp/hard\libpic32c.a(data_init_0_1.o)
 .debug_line    0x00001c4f      0x1cc c:/program files/microchip/xc32/v4.20/bin/bin/../../lib/gcc/pic32c/8.3.1/../../../../pic32c/lib/thumb/v8-m.main+fp/hard\libc-musl.a(__libc_start_main.o)
 .debug_line    0x00001e1b       0xbb c:/program files/microchip/xc32/v4.20/bin/bin/../../lib/gcc/pic32c/8.3.1/../../../../pic32c/lib/thumb/v8-m.main+fp/hard\libc-musl.a(libc.o)
 .debug_line    0x00001ed6       0xe5 c:/program files/microchip/xc32/v4.20/bin/bin/../../lib/gcc/pic32c/8.3.1/../../../../pic32c/lib/thumb/v8-m.main+fp/hard\libc-musl.a(memcmp.o)
 .debug_line    0x00001fbb      0x107 c:/program files/microchip/xc32/v4.20/bin/bin/../../lib/gcc/pic32c/8.3.1/../../../../pic32c/lib/thumb/v8-m.main+fp/hard\libc-musl.a(__environ.o)

.debug_str      0x00000000      0x157
 .debug_str     0x00000000       0x1e build/default/production/_ext/1984496892/plib_clock.o
 .debug_str     0x0000001e        0x0 build/default/production/_ext/1986646378/plib_evsys.o
 .debug_str     0x0000001e       0x28 build/default/production/_ext/1865468468/plib_nvic.o
 .debug_str     0x00000046        0x0 build/default/production/_ext/829342769/plib_pm.o
 .debug_str     0x00000046        0xb build/default/production/_ext/1865521619/plib_port.o
 .debug_str     0x00000051        0x0 build/default/production/_ext/60181049/plib_sqi.o
 .debug_str     0x00000051        0x0 build/default/production/_ext/1171490990/exceptions.o
 .debug_str     0x00000051       0x2f build/default/production/_ext/1171490990/startup_xc32.o
 .debug_str     0x00000080       0x5f build/default/production/_ext/1171490990/initialization.o
 .debug_str     0x000000df        0x0 build/default/production/_ext/1171490990/interrupts.o
 .debug_str     0x000000df       0x50 build/default/production/_ext/1360937237/app.o
 .debug_str     0x0000012f       0x28 build/default/production/_ext/1360937237/main.o
 .debug_str     0x00000157        0x0 c:/program files/microchip/xc32/v4.20/bin/bin/../../lib/gcc/pic32c/8.3.1/../../../../pic32c/lib/thumb/v8-m.main+fp/hard\libpic32c.a(data_init_wrapper.o)
 .debug_str     0x00000157        0x0 c:/program files/microchip/xc32/v4.20/bin/bin/../../lib/gcc/pic32c/8.3.1/../../../../pic32c/lib/thumb/v8-m.main+fp/hard\libpic32c.a(data_init_0_1.o)
 .debug_str     0x00000157        0x0 c:/program files/microchip/xc32/v4.20/bin/bin/../../lib/gcc/pic32c/8.3.1/../../../../pic32c/lib/thumb/v8-m.main+fp/hard\libc-musl.a(__libc_start_main.o)
 .debug_str     0x00000157        0x0 c:/program files/microchip/xc32/v4.20/bin/bin/../../lib/gcc/pic32c/8.3.1/../../../../pic32c/lib/thumb/v8-m.main+fp/hard\libc-musl.a(libc.o)
 .debug_str     0x00000157        0x0 c:/program files/microchip/xc32/v4.20/bin/bin/../../lib/gcc/pic32c/8.3.1/../../../../pic32c/lib/thumb/v8-m.main+fp/hard\libc-musl.a(memcmp.o)
 .debug_str     0x00000157        0x0 c:/program files/microchip/xc32/v4.20/bin/bin/../../lib/gcc/pic32c/8.3.1/../../../../pic32c/lib/thumb/v8-m.main+fp/hard\libc-musl.a(__environ.o)

.debug_frame    0x00000000      0x568
 .debug_frame   0x00000000       0x20 build/default/production/_ext/1984496892/plib_clock.o
 .debug_frame   0x00000020       0x20 build/default/production/_ext/1986646378/plib_evsys.o
 .debug_frame   0x00000040       0x50 build/default/production/_ext/1865468468/plib_nvic.o
 .debug_frame   0x00000090       0x90 build/default/production/_ext/829342769/plib_pm.o
 .debug_frame   0x00000120       0xcc build/default/production/_ext/1865521619/plib_port.o
 .debug_frame   0x000001ec       0x78 build/default/production/_ext/60181049/plib_sqi.o
 .debug_frame   0x00000264       0x30 build/default/production/_ext/1171490990/exceptions.o
 .debug_frame   0x00000294       0x38 build/default/production/_ext/1171490990/startup_xc32.o
 .debug_frame   0x000002cc       0x28 build/default/production/_ext/1171490990/initialization.o
 .debug_frame   0x000002f4       0x20 build/default/production/_ext/1171490990/interrupts.o
 .debug_frame   0x00000314      0x178 build/default/production/_ext/1360937237/app.o
 .debug_frame   0x0000048c       0x28 build/default/production/_ext/1360937237/main.o
 .debug_frame   0x000004b4       0x20 c:/program files/microchip/xc32/v4.20/bin/bin/../../lib/gcc/pic32c/8.3.1/../../../../pic32c/lib/thumb/v8-m.main+fp/hard\libpic32c.a(data_init_wrapper.o)
 .debug_frame   0x000004d4       0x2c c:/program files/microchip/xc32/v4.20/bin/bin/../../lib/gcc/pic32c/8.3.1/../../../../pic32c/lib/thumb/v8-m.main+fp/hard\libpic32c.a(data_init_0_1.o)
 .debug_frame   0x00000500       0x3c c:/program files/microchip/xc32/v4.20/bin/bin/../../lib/gcc/pic32c/8.3.1/../../../../pic32c/lib/thumb/v8-m.main+fp/hard\libc-musl.a(__libc_start_main.o)
 .debug_frame   0x0000053c       0x2c c:/program files/microchip/xc32/v4.20/bin/bin/../../lib/gcc/pic32c/8.3.1/../../../../pic32c/lib/thumb/v8-m.main+fp/hard\libc-musl.a(memcmp.o)

.debug_loc      0x00000000      0x9a1
 .debug_loc     0x00000000       0xb7 build/default/production/_ext/1865468468/plib_nvic.o
 .debug_loc     0x000000b7      0x1bc build/default/production/_ext/1865521619/plib_port.o
 .debug_loc     0x00000273       0x20 build/default/production/_ext/60181049/plib_sqi.o
 .debug_loc     0x00000293       0x4a build/default/production/_ext/1171490990/startup_xc32.o
 .debug_loc     0x000002dd       0x45 build/default/production/_ext/1171490990/initialization.o
 .debug_loc     0x00000322      0x4ee build/default/production/_ext/1360937237/app.o
 .debug_loc     0x00000810       0x20 build/default/production/_ext/1360937237/main.o
 .debug_loc     0x00000830       0x14 c:/program files/microchip/xc32/v4.20/bin/bin/../../lib/gcc/pic32c/8.3.1/../../../../pic32c/lib/thumb/v8-m.main+fp/hard\libpic32c.a(data_init_0_1.o)
 .debug_loc     0x00000844       0x51 c:/program files/microchip/xc32/v4.20/bin/bin/../../lib/gcc/pic32c/8.3.1/../../../../pic32c/lib/thumb/v8-m.main+fp/hard\libc-musl.a(__libc_start_main.o)
 .debug_loc     0x00000895      0x10c c:/program files/microchip/xc32/v4.20/bin/bin/../../lib/gcc/pic32c/8.3.1/../../../../pic32c/lib/thumb/v8-m.main+fp/hard\libc-musl.a(memcmp.o)

.note.GNU-stack
                0x00000000        0x0
 .note.GNU-stack
                0x00000000        0x0 c:/program files/microchip/xc32/v4.20/bin/bin/../../lib/gcc/pic32c/8.3.1/../../../../pic32c/lib/thumb/v8-m.main+fp/hard\libc-musl.a(__libc_start_main.o)
 .note.GNU-stack
                0x00000000        0x0 c:/program files/microchip/xc32/v4.20/bin/bin/../../lib/gcc/pic32c/8.3.1/../../../../pic32c/lib/thumb/v8-m.main+fp/hard\libc-musl.a(libc.o)
 .note.GNU-stack
                0x00000000        0x0 c:/program files/microchip/xc32/v4.20/bin/bin/../../lib/gcc/pic32c/8.3.1/../../../../pic32c/lib/thumb/v8-m.main+fp/hard\libc-musl.a(memcmp.o)
 .note.GNU-stack
                0x00000000        0x0 c:/program files/microchip/xc32/v4.20/bin/bin/../../lib/gcc/pic32c/8.3.1/../../../../pic32c/lib/thumb/v8-m.main+fp/hard\libc-musl.a(__environ.o)

.stack          0x2002ac20      0x100
 .stack         0x2002ac20      0x100 stack

.bss.appData%1  0x20000000    0x28010
 .bss.appData   0x20000000    0x28010 build/default/production/_ext/1360937237/app.o
                0x20000000                appData

.bss.sqiBufDesc%2
                0x20028010     0x2800
 .bss.sqiBufDesc
                0x20028010     0x2800 build/default/production/_ext/1360937237/app.o
                0x20028010                sqiBufDesc

.bss.sqiCmdDesc%3
                0x2002a810       0xa0
 .bss.sqiCmdDesc
                0x2002a810       0xa0 build/default/production/_ext/1360937237/app.o
                0x2002a810                sqiCmdDesc

.bss%4          0x2002a8b0       0x6c
 .bss           0x2002a8b0       0x50 c:/program files/microchip/xc32/v4.20/bin/bin/../../lib/gcc/pic32c/8.3.1/../../../../pic32c/lib/thumb/v8-m.main+fp/hard\libc-musl.a(libc.o)
                0x2002a8b0                __progname_full
                0x2002a8b0                program_invocation_name
                0x2002a8b4                program_invocation_short_name
                0x2002a8b4                __progname
                0x2002a8b8                __sysinfo
                0x2002a8bc                __hwcap
                0x2002a8c0                __libc
 .bss           0x2002a900       0x1c c:/program files/microchip/xc32/v4.20/bin/bin/../../lib/gcc/pic32c/8.3.1/thumb/v8-m.main+fp/hard/crtbegin.o

.bss.sqi_cmd_ULBPR%6
                0x2002a920       0x10
 .bss.sqi_cmd_ULBPR
                0x2002a920       0x10 build/default/production/_ext/1360937237/app.o
                0x2002a920                sqi_cmd_ULBPR

.bss.sqi_cmd_be%7
                0x2002a930       0x10
 .bss.sqi_cmd_be
                0x2002a930       0x10 build/default/production/_ext/1360937237/app.o
                0x2002a930                sqi_cmd_be

.bss.sqi_cmd_ce%8
                0x2002a940       0x10
 .bss.sqi_cmd_ce
                0x2002a940       0x10 build/default/production/_ext/1360937237/app.o
                0x2002a940                sqi_cmd_ce

.bss.sqi_cmd_dummy%9
                0x2002a950       0x10
 .bss.sqi_cmd_dummy
                0x2002a950       0x10 build/default/production/_ext/1360937237/app.o
                0x2002a950                sqi_cmd_dummy

.bss.sqi_cmd_eqio%10
                0x2002a960       0x10
 .bss.sqi_cmd_eqio
                0x2002a960       0x10 build/default/production/_ext/1360937237/app.o
                0x2002a960                sqi_cmd_eqio

.bss.sqi_cmd_hsr%11
                0x2002a970       0x10
 .bss.sqi_cmd_hsr
                0x2002a970       0x10 build/default/production/_ext/1360937237/app.o
                0x2002a970                sqi_cmd_hsr

.bss.sqi_cmd_jedec%12
                0x2002a980       0x10
 .bss.sqi_cmd_jedec
                0x2002a980       0x10 build/default/production/_ext/1360937237/app.o
                0x2002a980                sqi_cmd_jedec

.bss.sqi_cmd_pp%13
                0x2002a990       0x10
 .bss.sqi_cmd_pp
                0x2002a990       0x10 build/default/production/_ext/1360937237/app.o
                0x2002a990                sqi_cmd_pp

.bss.sqi_cmd_rdsr%14
                0x2002a9a0       0x10
 .bss.sqi_cmd_rdsr
                0x2002a9a0       0x10 build/default/production/_ext/1360937237/app.o
                0x2002a9a0                sqi_cmd_rdsr

.bss.sqi_cmd_rst%15
                0x2002a9b0       0x10
 .bss.sqi_cmd_rst
                0x2002a9b0       0x10 build/default/production/_ext/1360937237/app.o
                0x2002a9b0                sqi_cmd_rst

.bss.sqi_cmd_rsten%16
                0x2002a9c0       0x10
 .bss.sqi_cmd_rsten
                0x2002a9c0       0x10 build/default/production/_ext/1360937237/app.o
                0x2002a9c0                sqi_cmd_rsten

.bss.sqi_cmd_se%17
                0x2002a9d0       0x10
 .bss.sqi_cmd_se
                0x2002a9d0       0x10 build/default/production/_ext/1360937237/app.o
                0x2002a9d0                sqi_cmd_se

.bss.sqi_cmd_wren%18
                0x2002a9e0       0x10
 .bss.sqi_cmd_wren
                0x2002a9e0       0x10 build/default/production/_ext/1360937237/app.o
                0x2002a9e0                sqi_cmd_wren

.bss.SQIContext%19
                0x2002a91c        0x4
 .bss.SQIContext
                0x2002a91c        0x4 build/default/production/_ext/60181049/plib_sqi.o

.bss.SQIEventHandler%20
                0x2002a9f0        0x4
 .bss.SQIEventHandler
                0x2002a9f0        0x4 build/default/production/_ext/60181049/plib_sqi.o

.bss.sector_index%21
                0x2002a9f4        0x4
 .bss.sector_index
                0x2002a9f4        0x4 build/default/production/_ext/1360937237/app.o

.bss.write_index%22
                0x2002a9f8        0x4
 .bss.write_index
                0x2002a9f8        0x4 build/default/production/_ext/1360937237/app.o

.bss%23         0x2002a9fc        0x8
 .bss           0x2002a9fc        0x4 c:/program files/microchip/xc32/v4.20/bin/bin/../../lib/gcc/pic32c/8.3.1/../../../../pic32c/lib/thumb/v8-m.main+fp/hard\libpic32c.a(data_init_0_1.o)
 .bss           0x2002aa00        0x4 c:/program files/microchip/xc32/v4.20/bin/bin/../../lib/gcc/pic32c/8.3.1/../../../../pic32c/lib/thumb/v8-m.main+fp/hard\libc-musl.a(__environ.o)
                0x2002aa00                __environ
                0x2002aa00                environ
                0x2002aa00                ___environ
                0x2002aa00                _environ

.eh_frame%z1    0x00000000        0x0
 .eh_frame      0x00000000        0x0 c:/program files/microchip/xc32/v4.20/bin/bin/../../lib/gcc/pic32c/8.3.1/thumb/v8-m.main+fp/hard/crtbegin.o

.config_0A000000.__config_0A000000%25
                0x0a000000        0x4
 .config_0A000000.__config_0A000000
                0x0a000000        0x4 build/default/production/_ext/1171490990/initialization.o
                0x0a000000                __config_0A000000

.config_0A000004.__config_0A000004%26
                0x0a000004        0x4
 .config_0A000004.__config_0A000004
                0x0a000004        0x4 build/default/production/_ext/1171490990/initialization.o
                0x0a000004                __config_0A000004

.config_0A000008.__config_0A000008%27
                0x0a000008        0x4
 .config_0A000008.__config_0A000008
                0x0a000008        0x4 build/default/production/_ext/1171490990/initialization.o
                0x0a000008                __config_0A000008

.config_0A00000C.__config_0A00000C%28
                0x0a00000c        0x4
 .config_0A00000C.__config_0A00000C
                0x0a00000c        0x4 build/default/production/_ext/1171490990/initialization.o
                0x0a00000c                __config_0A00000C

.config_0A000010.__config_0A000010%29
                0x0a000010        0x4
 .config_0A000010.__config_0A000010
                0x0a000010        0x4 build/default/production/_ext/1171490990/initialization.o
                0x0a000010                __config_0A000010

.config_0A000014.__config_0A000014%30
                0x0a000014        0x4
 .config_0A000014.__config_0A000014
                0x0a000014        0x4 build/default/production/_ext/1171490990/initialization.o
                0x0a000014                __config_0A000014

.config_0A000018.__config_0A000018%31
                0x0a000018        0x4
 .config_0A000018.__config_0A000018
                0x0a000018        0x4 build/default/production/_ext/1171490990/initialization.o
                0x0a000018                __config_0A000018

.config_0A00001C.__config_0A00001C%32
                0x0a00001c        0x4
 .config_0A00001C.__config_0A00001C
                0x0a00001c        0x4 build/default/production/_ext/1171490990/initialization.o
                0x0a00001c                __config_0A00001C

.config_0A000020.__config_0A000020%33
                0x0a000020        0x4
 .config_0A000020.__config_0A000020
                0x0a000020        0x4 build/default/production/_ext/1171490990/initialization.o
                0x0a000020                __config_0A000020

.config_0A000024.__config_0A000024%34
                0x0a000024        0x4
 .config_0A000024.__config_0A000024
                0x0a000024        0x4 build/default/production/_ext/1171490990/initialization.o
                0x0a000024                __config_0A000024

.config_0A000028.__config_0A000028%35
                0x0a000028        0x4
 .config_0A000028.__config_0A000028
                0x0a000028        0x4 build/default/production/_ext/1171490990/initialization.o
                0x0a000028                __config_0A000028

.config_0A00002C.__config_0A00002C%36
                0x0a00002c        0x4
 .config_0A00002C.__config_0A00002C
                0x0a00002c        0x4 build/default/production/_ext/1171490990/initialization.o
                0x0a00002c                __config_0A00002C

.config_0A000030.__config_0A000030%37
                0x0a000030        0x4
 .config_0A000030.__config_0A000030
                0x0a000030        0x4 build/default/production/_ext/1171490990/initialization.o
                0x0a000030                __config_0A000030

.config_0A000034.__config_0A000034%38
                0x0a000034        0x4
 .config_0A000034.__config_0A000034
                0x0a000034        0x4 build/default/production/_ext/1171490990/initialization.o
                0x0a000034                __config_0A000034

.config_0A000038.__config_0A000038%39
                0x0a000038        0x4
 .config_0A000038.__config_0A000038
                0x0a000038        0x4 build/default/production/_ext/1171490990/initialization.o
                0x0a000038                __config_0A000038

.config_0A00003C.__config_0A00003C%40
                0x0a00003c        0x4
 .config_0A00003C.__config_0A00003C
                0x0a00003c        0x4 build/default/production/_ext/1171490990/initialization.o
                0x0a00003c                __config_0A00003C

.config_0A000040.__config_0A000040%41
                0x0a000040        0x4
 .config_0A000040.__config_0A000040
                0x0a000040        0x4 build/default/production/_ext/1171490990/initialization.o
                0x0a000040                __config_0A000040

.config_0A000044.__config_0A000044%42
                0x0a000044        0x4
 .config_0A000044.__config_0A000044
                0x0a000044        0x4 build/default/production/_ext/1171490990/initialization.o
                0x0a000044                __config_0A000044

.config_0A000048.__config_0A000048%43
                0x0a000048        0x4
 .config_0A000048.__config_0A000048
                0x0a000048        0x4 build/default/production/_ext/1171490990/initialization.o
                0x0a000048                __config_0A000048

.config_0A00004C.__config_0A00004C%44
                0x0a00004c        0x4
 .config_0A00004C.__config_0A00004C
                0x0a00004c        0x4 build/default/production/_ext/1171490990/initialization.o
                0x0a00004c                __config_0A00004C

.config_0A000054.__config_0A000054%45
                0x0a000054        0x4
 .config_0A000054.__config_0A000054
                0x0a000054        0x4 build/default/production/_ext/1171490990/initialization.o
                0x0a000054                __config_0A000054

.config_0A000058.__config_0A000058%46
                0x0a000058        0x4
 .config_0A000058.__config_0A000058
                0x0a000058        0x4 build/default/production/_ext/1171490990/initialization.o
                0x0a000058                __config_0A000058

.config_0A00005C.__config_0A00005C%47
                0x0a00005c        0x4
 .config_0A00005C.__config_0A00005C
                0x0a00005c        0x4 build/default/production/_ext/1171490990/initialization.o
                0x0a00005c                __config_0A00005C

.config_0A000060.__config_0A000060%48
                0x0a000060        0x4
 .config_0A000060.__config_0A000060
                0x0a000060        0x4 build/default/production/_ext/1171490990/initialization.o
                0x0a000060                __config_0A000060

.config_0A000064.__config_0A000064%49
                0x0a000064        0x4
 .config_0A000064.__config_0A000064
                0x0a000064        0x4 build/default/production/_ext/1171490990/initialization.o
                0x0a000064                __config_0A000064

.config_0A000068.__config_0A000068%50
                0x0a000068        0x4
 .config_0A000068.__config_0A000068
                0x0a000068        0x4 build/default/production/_ext/1171490990/initialization.o
                0x0a000068                __config_0A000068

.config_0A00006C.__config_0A00006C%51
                0x0a00006c        0x4
 .config_0A00006C.__config_0A00006C
                0x0a00006c        0x4 build/default/production/_ext/1171490990/initialization.o
                0x0a00006c                __config_0A00006C

.config_0A000070.__config_0A000070%52
                0x0a000070        0x4
 .config_0A000070.__config_0A000070
                0x0a000070        0x4 build/default/production/_ext/1171490990/initialization.o
                0x0a000070                __config_0A000070

.config_0A000074.__config_0A000074%53
                0x0a000074        0x4
 .config_0A000074.__config_0A000074
                0x0a000074        0x4 build/default/production/_ext/1171490990/initialization.o
                0x0a000074                __config_0A000074

.config_0A000078.__config_0A000078%54
                0x0a000078        0x4
 .config_0A000078.__config_0A000078
                0x0a000078        0x4 build/default/production/_ext/1171490990/initialization.o
                0x0a000078                __config_0A000078

.config_0A00007C.__config_0A00007C%55
                0x0a00007c        0x4
 .config_0A00007C.__config_0A00007C
                0x0a00007c        0x4 build/default/production/_ext/1171490990/initialization.o
                0x0a00007c                __config_0A00007C

.config_0A000080.__config_0A000080%56
                0x0a000080        0x4
 .config_0A000080.__config_0A000080
                0x0a000080        0x4 build/default/production/_ext/1171490990/initialization.o
                0x0a000080                __config_0A000080

.config_0A0000A0.__config_0A0000A0%57
                0x0a0000a0        0x4
 .config_0A0000A0.__config_0A0000A0
                0x0a0000a0        0x4 build/default/production/_ext/1171490990/initialization.o
                0x0a0000a0                __config_0A0000A0

.config_0A002000.__config_0A002000%58
                0x0a002000        0x4
 .config_0A002000.__config_0A002000
                0x0a002000        0x4 build/default/production/_ext/1171490990/initialization.o
                0x0a002000                __config_0A002000

.config_0A002004.__config_0A002004%59
                0x0a002004        0x4
 .config_0A002004.__config_0A002004
                0x0a002004        0x4 build/default/production/_ext/1171490990/initialization.o
                0x0a002004                __config_0A002004

.config_0A002008.__config_0A002008%60
                0x0a002008        0x4
 .config_0A002008.__config_0A002008
                0x0a002008        0x4 build/default/production/_ext/1171490990/initialization.o
                0x0a002008                __config_0A002008

.config_0A002020.__config_0A002020%61
                0x0a002020        0x4
 .config_0A002020.__config_0A002020
                0x0a002020        0x4 build/default/production/_ext/1171490990/initialization.o
                0x0a002020                __config_0A002020

.config_0A002024.__config_0A002024%62
                0x0a002024        0x4
 .config_0A002024.__config_0A002024
                0x0a002024        0x4 build/default/production/_ext/1171490990/initialization.o
                0x0a002024                __config_0A002024

.config_0A002028.__config_0A002028%63
                0x0a002028        0x4
 .config_0A002028.__config_0A002028
                0x0a002028        0x4 build/default/production/_ext/1171490990/initialization.o
                0x0a002028                __config_0A002028

.config_0A00202C.__config_0A00202C%64
                0x0a00202c        0x4
 .config_0A00202C.__config_0A00202C
                0x0a00202c        0x4 build/default/production/_ext/1171490990/initialization.o
                0x0a00202c                __config_0A00202C

.config_0A002030.__config_0A002030%65
                0x0a002030        0x4
 .config_0A002030.__config_0A002030
                0x0a002030        0x4 build/default/production/_ext/1171490990/initialization.o
                0x0a002030                __config_0A002030

.config_0A002034.__config_0A002034%66
                0x0a002034        0x4
 .config_0A002034.__config_0A002034
                0x0a002034        0x4 build/default/production/_ext/1171490990/initialization.o
                0x0a002034                __config_0A002034

.config_0A002038.__config_0A002038%67
                0x0a002038        0x4
 .config_0A002038.__config_0A002038
                0x0a002038        0x4 build/default/production/_ext/1171490990/initialization.o
                0x0a002038                __config_0A002038

.config_0A00203C.__config_0A00203C%68
                0x0a00203c        0x4
 .config_0A00203C.__config_0A00203C
                0x0a00203c        0x4 build/default/production/_ext/1171490990/initialization.o
                0x0a00203c                __config_0A00203C

.config_0A002040.__config_0A002040%69
                0x0a002040        0x4
 .config_0A002040.__config_0A002040
                0x0a002040        0x4 build/default/production/_ext/1171490990/initialization.o
                0x0a002040                __config_0A002040

.config_0A002044.__config_0A002044%70
                0x0a002044        0x4
 .config_0A002044.__config_0A002044
                0x0a002044        0x4 build/default/production/_ext/1171490990/initialization.o
                0x0a002044                __config_0A002044

.config_0A002048.__config_0A002048%71
                0x0a002048        0x4
 .config_0A002048.__config_0A002048
                0x0a002048        0x4 build/default/production/_ext/1171490990/initialization.o
                0x0a002048                __config_0A002048

.config_0A00204C.__config_0A00204C%72
                0x0a00204c        0x4
 .config_0A00204C.__config_0A00204C
                0x0a00204c        0x4 build/default/production/_ext/1171490990/initialization.o
                0x0a00204c                __config_0A00204C

.config_0A002050.__config_0A002050%73
                0x0a002050        0x4
 .config_0A002050.__config_0A002050
                0x0a002050        0x4 build/default/production/_ext/1171490990/initialization.o
                0x0a002050                __config_0A002050

.config_0A002054.__config_0A002054%74
                0x0a002054        0x4
 .config_0A002054.__config_0A002054
                0x0a002054        0x4 build/default/production/_ext/1171490990/initialization.o
                0x0a002054                __config_0A002054

.config_0A002058.__config_0A002058%75
                0x0a002058        0x4
 .config_0A002058.__config_0A002058
                0x0a002058        0x4 build/default/production/_ext/1171490990/initialization.o
                0x0a002058                __config_0A002058

.config_0A00205C.__config_0A00205C%76
                0x0a00205c        0x4
 .config_0A00205C.__config_0A00205C
                0x0a00205c        0x4 build/default/production/_ext/1171490990/initialization.o
                0x0a00205c                __config_0A00205C

.config_0A002060.__config_0A002060%77
                0x0a002060        0x4
 .config_0A002060.__config_0A002060
                0x0a002060        0x4 build/default/production/_ext/1171490990/initialization.o
                0x0a002060                __config_0A002060

.config_0A002064.__config_0A002064%78
                0x0a002064        0x4
 .config_0A002064.__config_0A002064
                0x0a002064        0x4 build/default/production/_ext/1171490990/initialization.o
                0x0a002064                __config_0A002064

.config_0A002068.__config_0A002068%79
                0x0a002068        0x4
 .config_0A002068.__config_0A002068
                0x0a002068        0x4 build/default/production/_ext/1171490990/initialization.o
                0x0a002068                __config_0A002068

.config_0A00206C.__config_0A00206C%80
                0x0a00206c        0x4
 .config_0A00206C.__config_0A00206C
                0x0a00206c        0x4 build/default/production/_ext/1171490990/initialization.o
                0x0a00206c                __config_0A00206C

.config_0A002070.__config_0A002070%81
                0x0a002070        0x4
 .config_0A002070.__config_0A002070
                0x0a002070        0x4 build/default/production/_ext/1171490990/initialization.o
                0x0a002070                __config_0A002070

.config_0A002074.__config_0A002074%82
                0x0a002074        0x4
 .config_0A002074.__config_0A002074
                0x0a002074        0x4 build/default/production/_ext/1171490990/initialization.o
                0x0a002074                __config_0A002074

.config_0A002078.__config_0A002078%83
                0x0a002078        0x4
 .config_0A002078.__config_0A002078
                0x0a002078        0x4 build/default/production/_ext/1171490990/initialization.o
                0x0a002078                __config_0A002078

.config_0A00207C.__config_0A00207C%84
                0x0a00207c        0x4
 .config_0A00207C.__config_0A00207C
                0x0a00207c        0x4 build/default/production/_ext/1171490990/initialization.o
                0x0a00207c                __config_0A00207C

.config_0A002080.__config_0A002080%85
                0x0a002080        0x4
 .config_0A002080.__config_0A002080
                0x0a002080        0x4 build/default/production/_ext/1171490990/initialization.o
                0x0a002080                __config_0A002080

.config_0A002084.__config_0A002084%86
                0x0a002084        0x4
 .config_0A002084.__config_0A002084
                0x0a002084        0x4 build/default/production/_ext/1171490990/initialization.o
                0x0a002084                __config_0A002084

.config_0A002088.__config_0A002088%87
                0x0a002088        0x4
 .config_0A002088.__config_0A002088
                0x0a002088        0x4 build/default/production/_ext/1171490990/initialization.o
                0x0a002088                __config_0A002088

.config_0A00208C.__config_0A00208C%88
                0x0a00208c        0x4
 .config_0A00208C.__config_0A00208C
                0x0a00208c        0x4 build/default/production/_ext/1171490990/initialization.o
                0x0a00208c                __config_0A00208C

.config_0A002090.__config_0A002090%89
                0x0a002090        0x4
 .config_0A002090.__config_0A002090
                0x0a002090        0x4 build/default/production/_ext/1171490990/initialization.o
                0x0a002090                __config_0A002090

.config_0A002094.__config_0A002094%90
                0x0a002094        0x4
 .config_0A002094.__config_0A002094
                0x0a002094        0x4 build/default/production/_ext/1171490990/initialization.o
                0x0a002094                __config_0A002094

.config_0A002098.__config_0A002098%91
                0x0a002098        0x4
 .config_0A002098.__config_0A002098
                0x0a002098        0x4 build/default/production/_ext/1171490990/initialization.o
                0x0a002098                __config_0A002098

.config_0A00209C.__config_0A00209C%92
                0x0a00209c        0x4
 .config_0A00209C.__config_0A00209C
                0x0a00209c        0x4 build/default/production/_ext/1171490990/initialization.o
                0x0a00209c                __config_0A00209C

.config_0A0020A0.__config_0A0020A0%93
                0x0a0020a0        0x4
 .config_0A0020A0.__config_0A0020A0
                0x0a0020a0        0x4 build/default/production/_ext/1171490990/initialization.o
                0x0a0020a0                __config_0A0020A0

.config_0A0020A4.__config_0A0020A4%94
                0x0a0020a4        0x4
 .config_0A0020A4.__config_0A0020A4
                0x0a0020a4        0x4 build/default/production/_ext/1171490990/initialization.o
                0x0a0020a4                __config_0A0020A4

.config_0A0020A8.__config_0A0020A8%95
                0x0a0020a8        0x4
 .config_0A0020A8.__config_0A0020A8
                0x0a0020a8        0x4 build/default/production/_ext/1171490990/initialization.o
                0x0a0020a8                __config_0A0020A8

.config_0A0020AC.__config_0A0020AC%96
                0x0a0020ac        0x4
 .config_0A0020AC.__config_0A0020AC
                0x0a0020ac        0x4 build/default/production/_ext/1171490990/initialization.o
                0x0a0020ac                __config_0A0020AC

.config_0A0020B0.__config_0A0020B0%97
                0x0a0020b0        0x4
 .config_0A0020B0.__config_0A0020B0
                0x0a0020b0        0x4 build/default/production/_ext/1171490990/initialization.o
                0x0a0020b0                __config_0A0020B0

.config_0A0020B4.__config_0A0020B4%98
                0x0a0020b4        0x4
 .config_0A0020B4.__config_0A0020B4
                0x0a0020b4        0x4 build/default/production/_ext/1171490990/initialization.o
                0x0a0020b4                __config_0A0020B4

.config_0A0020B8.__config_0A0020B8%99
                0x0a0020b8        0x4
 .config_0A0020B8.__config_0A0020B8
                0x0a0020b8        0x4 build/default/production/_ext/1171490990/initialization.o
                0x0a0020b8                __config_0A0020B8

.config_0A0020BC.__config_0A0020BC%100
                0x0a0020bc        0x4
 .config_0A0020BC.__config_0A0020BC
                0x0a0020bc        0x4 build/default/production/_ext/1171490990/initialization.o
                0x0a0020bc                __config_0A0020BC

.config_0A0020C0.__config_0A0020C0%101
                0x0a0020c0        0x4
 .config_0A0020C0.__config_0A0020C0
                0x0a0020c0        0x4 build/default/production/_ext/1171490990/initialization.o
                0x0a0020c0                __config_0A0020C0

.config_0A0020C4.__config_0A0020C4%102
                0x0a0020c4        0x4
 .config_0A0020C4.__config_0A0020C4
                0x0a0020c4        0x4 build/default/production/_ext/1171490990/initialization.o
                0x0a0020c4                __config_0A0020C4

.config_0A0020C8.__config_0A0020C8%103
                0x0a0020c8        0x4
 .config_0A0020C8.__config_0A0020C8
                0x0a0020c8        0x4 build/default/production/_ext/1171490990/initialization.o
                0x0a0020c8                __config_0A0020C8

.config_0A0020CC.__config_0A0020CC%104
                0x0a0020cc        0x4
 .config_0A0020CC.__config_0A0020CC
                0x0a0020cc        0x4 build/default/production/_ext/1171490990/initialization.o
                0x0a0020cc                __config_0A0020CC

.config_0A0020D0.__config_0A0020D0%105
                0x0a0020d0        0x4
 .config_0A0020D0.__config_0A0020D0
                0x0a0020d0        0x4 build/default/production/_ext/1171490990/initialization.o
                0x0a0020d0                __config_0A0020D0

.config_0A0020D4.__config_0A0020D4%106
                0x0a0020d4        0x4
 .config_0A0020D4.__config_0A0020D4
                0x0a0020d4        0x4 build/default/production/_ext/1171490990/initialization.o
                0x0a0020d4                __config_0A0020D4

.config_0A0020D8.__config_0A0020D8%107
                0x0a0020d8        0x4
 .config_0A0020D8.__config_0A0020D8
                0x0a0020d8        0x4 build/default/production/_ext/1171490990/initialization.o
                0x0a0020d8                __config_0A0020D8

.config_0A0020DC.__config_0A0020DC%108
                0x0a0020dc        0x4
 .config_0A0020DC.__config_0A0020DC
                0x0a0020dc        0x4 build/default/production/_ext/1171490990/initialization.o
                0x0a0020dc                __config_0A0020DC

.config_0A0020E0.__config_0A0020E0%109
                0x0a0020e0        0x4
 .config_0A0020E0.__config_0A0020E0
                0x0a0020e0        0x4 build/default/production/_ext/1171490990/initialization.o
                0x0a0020e0                __config_0A0020E0

.config_0A0020E4.__config_0A0020E4%110
                0x0a0020e4        0x4
 .config_0A0020E4.__config_0A0020E4
                0x0a0020e4        0x4 build/default/production/_ext/1171490990/initialization.o
                0x0a0020e4                __config_0A0020E4

.config_0A0020E8.__config_0A0020E8%111
                0x0a0020e8        0x4
 .config_0A0020E8.__config_0A0020E8
                0x0a0020e8        0x4 build/default/production/_ext/1171490990/initialization.o
                0x0a0020e8                __config_0A0020E8

.config_0A0020EC.__config_0A0020EC%112
                0x0a0020ec        0x4
 .config_0A0020EC.__config_0A0020EC
                0x0a0020ec        0x4 build/default/production/_ext/1171490990/initialization.o
                0x0a0020ec                __config_0A0020EC

.config_0A0020F0.__config_0A0020F0%113
                0x0a0020f0        0x4
 .config_0A0020F0.__config_0A0020F0
                0x0a0020f0        0x4 build/default/production/_ext/1171490990/initialization.o
                0x0a0020f0                __config_0A0020F0

.config_0A0020F4.__config_0A0020F4%114
                0x0a0020f4        0x4
 .config_0A0020F4.__config_0A0020F4
                0x0a0020f4        0x4 build/default/production/_ext/1171490990/initialization.o
                0x0a0020f4                __config_0A0020F4

.config_0A0020F8.__config_0A0020F8%115
                0x0a0020f8        0x4
 .config_0A0020F8.__config_0A0020F8
                0x0a0020f8        0x4 build/default/production/_ext/1171490990/initialization.o
                0x0a0020f8                __config_0A0020F8

.config_0A0020FC.__config_0A0020FC%116
                0x0a0020fc        0x4
 .config_0A0020FC.__config_0A0020FC
                0x0a0020fc        0x4 build/default/production/_ext/1171490990/initialization.o
                0x0a0020fc                __config_0A0020FC

.config_0A002100.__config_0A002100%117
                0x0a002100        0x4
 .config_0A002100.__config_0A002100
                0x0a002100        0x4 build/default/production/_ext/1171490990/initialization.o
                0x0a002100                __config_0A002100

.config_0A002110.__config_0A002110%118
                0x0a002110        0x4
 .config_0A002110.__config_0A002110
                0x0a002110        0x4 build/default/production/_ext/1171490990/initialization.o
                0x0a002110                __config_0A002110

.config_0A002114.__config_0A002114%119
                0x0a002114        0x4
 .config_0A002114.__config_0A002114
                0x0a002114        0x4 build/default/production/_ext/1171490990/initialization.o
                0x0a002114                __config_0A002114

.config_0A002118.__config_0A002118%120
                0x0a002118        0x4
 .config_0A002118.__config_0A002118
                0x0a002118        0x4 build/default/production/_ext/1171490990/initialization.o
                0x0a002118                __config_0A002118

.config_0A00211C.__config_0A00211C%121
                0x0a00211c        0x4
 .config_0A00211C.__config_0A00211C
                0x0a00211c        0x4 build/default/production/_ext/1171490990/initialization.o
                0x0a00211c                __config_0A00211C

.config_0A002120.__config_0A002120%122
                0x0a002120        0x4
 .config_0A002120.__config_0A002120
                0x0a002120        0x4 build/default/production/_ext/1171490990/initialization.o
                0x0a002120                __config_0A002120

.config_0A004000.__config_0A004000%123
                0x0a004000        0x4
 .config_0A004000.__config_0A004000
                0x0a004000        0x4 build/default/production/_ext/1171490990/initialization.o
                0x0a004000                __config_0A004000

.config_0A008000.__config_0A008000%124
                0x0a008000        0x4
 .config_0A008000.__config_0A008000
                0x0a008000        0x4 build/default/production/_ext/1171490990/initialization.o
                0x0a008000                __config_0A008000

.config_0A008004.__config_0A008004%125
                0x0a008004        0x4
 .config_0A008004.__config_0A008004
                0x0a008004        0x4 build/default/production/_ext/1171490990/initialization.o
                0x0a008004                __config_0A008004

.config_0A008008.__config_0A008008%126
                0x0a008008        0x4
 .config_0A008008.__config_0A008008
                0x0a008008        0x4 build/default/production/_ext/1171490990/initialization.o
                0x0a008008                __config_0A008008

.config_0A00800C.__config_0A00800C%127
                0x0a00800c        0x4
 .config_0A00800C.__config_0A00800C
                0x0a00800c        0x4 build/default/production/_ext/1171490990/initialization.o
                0x0a00800c                __config_0A00800C

.config_0A008010.__config_0A008010%128
                0x0a008010        0x4
 .config_0A008010.__config_0A008010
                0x0a008010        0x4 build/default/production/_ext/1171490990/initialization.o
                0x0a008010                __config_0A008010

.config_0A008014.__config_0A008014%129
                0x0a008014        0x4
 .config_0A008014.__config_0A008014
                0x0a008014        0x4 build/default/production/_ext/1171490990/initialization.o
                0x0a008014                __config_0A008014

.config_0A008018.__config_0A008018%130
                0x0a008018        0x4
 .config_0A008018.__config_0A008018
                0x0a008018        0x4 build/default/production/_ext/1171490990/initialization.o
                0x0a008018                __config_0A008018

.config_0A00801C.__config_0A00801C%131
                0x0a00801c        0x4
 .config_0A00801C.__config_0A00801C
                0x0a00801c        0x4 build/default/production/_ext/1171490990/initialization.o
                0x0a00801c                __config_0A00801C

.config_0A008020.__config_0A008020%132
                0x0a008020        0x4
 .config_0A008020.__config_0A008020
                0x0a008020        0x4 build/default/production/_ext/1171490990/initialization.o
                0x0a008020                __config_0A008020

.config_0A008024.__config_0A008024%133
                0x0a008024        0x4
 .config_0A008024.__config_0A008024
                0x0a008024        0x4 build/default/production/_ext/1171490990/initialization.o
                0x0a008024                __config_0A008024

.config_0A008028.__config_0A008028%134
                0x0a008028        0x4
 .config_0A008028.__config_0A008028
                0x0a008028        0x4 build/default/production/_ext/1171490990/initialization.o
                0x0a008028                __config_0A008028

.config_0A00802C.__config_0A00802C%135
                0x0a00802c        0x4
 .config_0A00802C.__config_0A00802C
                0x0a00802c        0x4 build/default/production/_ext/1171490990/initialization.o
                0x0a00802c                __config_0A00802C

.config_0A008030.__config_0A008030%136
                0x0a008030        0x4
 .config_0A008030.__config_0A008030
                0x0a008030        0x4 build/default/production/_ext/1171490990/initialization.o
                0x0a008030                __config_0A008030

.config_0A008034.__config_0A008034%137
                0x0a008034        0x4
 .config_0A008034.__config_0A008034
                0x0a008034        0x4 build/default/production/_ext/1171490990/initialization.o
                0x0a008034                __config_0A008034

.config_0A008038.__config_0A008038%138
                0x0a008038        0x4
 .config_0A008038.__config_0A008038
                0x0a008038        0x4 build/default/production/_ext/1171490990/initialization.o
                0x0a008038                __config_0A008038

.config_0A00803C.__config_0A00803C%139
                0x0a00803c        0x4
 .config_0A00803C.__config_0A00803C
                0x0a00803c        0x4 build/default/production/_ext/1171490990/initialization.o
                0x0a00803c                __config_0A00803C

.config_0A008040.__config_0A008040%140
                0x0a008040        0x4
 .config_0A008040.__config_0A008040
                0x0a008040        0x4 build/default/production/_ext/1171490990/initialization.o
                0x0a008040                __config_0A008040

.config_0A008044.__config_0A008044%141
                0x0a008044        0x4
 .config_0A008044.__config_0A008044
                0x0a008044        0x4 build/default/production/_ext/1171490990/initialization.o
                0x0a008044                __config_0A008044

.config_0A008048.__config_0A008048%142
                0x0a008048        0x4
 .config_0A008048.__config_0A008048
                0x0a008048        0x4 build/default/production/_ext/1171490990/initialization.o
                0x0a008048                __config_0A008048

.config_0A00804C.__config_0A00804C%143
                0x0a00804c        0x4
 .config_0A00804C.__config_0A00804C
                0x0a00804c        0x4 build/default/production/_ext/1171490990/initialization.o
                0x0a00804c                __config_0A00804C

.config_0A008054.__config_0A008054%144
                0x0a008054        0x4
 .config_0A008054.__config_0A008054
                0x0a008054        0x4 build/default/production/_ext/1171490990/initialization.o
                0x0a008054                __config_0A008054

.config_0A008058.__config_0A008058%145
                0x0a008058        0x4
 .config_0A008058.__config_0A008058
                0x0a008058        0x4 build/default/production/_ext/1171490990/initialization.o
                0x0a008058                __config_0A008058

.config_0A00805C.__config_0A00805C%146
                0x0a00805c        0x4
 .config_0A00805C.__config_0A00805C
                0x0a00805c        0x4 build/default/production/_ext/1171490990/initialization.o
                0x0a00805c                __config_0A00805C

.config_0A008060.__config_0A008060%147
                0x0a008060        0x4
 .config_0A008060.__config_0A008060
                0x0a008060        0x4 build/default/production/_ext/1171490990/initialization.o
                0x0a008060                __config_0A008060

.config_0A008064.__config_0A008064%148
                0x0a008064        0x4
 .config_0A008064.__config_0A008064
                0x0a008064        0x4 build/default/production/_ext/1171490990/initialization.o
                0x0a008064                __config_0A008064

.config_0A008068.__config_0A008068%149
                0x0a008068        0x4
 .config_0A008068.__config_0A008068
                0x0a008068        0x4 build/default/production/_ext/1171490990/initialization.o
                0x0a008068                __config_0A008068

.config_0A00806C.__config_0A00806C%150
                0x0a00806c        0x4
 .config_0A00806C.__config_0A00806C
                0x0a00806c        0x4 build/default/production/_ext/1171490990/initialization.o
                0x0a00806c                __config_0A00806C

.config_0A008070.__config_0A008070%151
                0x0a008070        0x4
 .config_0A008070.__config_0A008070
                0x0a008070        0x4 build/default/production/_ext/1171490990/initialization.o
                0x0a008070                __config_0A008070

.config_0A008074.__config_0A008074%152
                0x0a008074        0x4
 .config_0A008074.__config_0A008074
                0x0a008074        0x4 build/default/production/_ext/1171490990/initialization.o
                0x0a008074                __config_0A008074

.config_0A008078.__config_0A008078%153
                0x0a008078        0x4
 .config_0A008078.__config_0A008078
                0x0a008078        0x4 build/default/production/_ext/1171490990/initialization.o
                0x0a008078                __config_0A008078

.config_0A00807C.__config_0A00807C%154
                0x0a00807c        0x4
 .config_0A00807C.__config_0A00807C
                0x0a00807c        0x4 build/default/production/_ext/1171490990/initialization.o
                0x0a00807c                __config_0A00807C

.config_0A008080.__config_0A008080%155
                0x0a008080        0x4
 .config_0A008080.__config_0A008080
                0x0a008080        0x4 build/default/production/_ext/1171490990/initialization.o
                0x0a008080                __config_0A008080

.config_0A0080A0.__config_0A0080A0%156
                0x0a0080a0        0x4
 .config_0A0080A0.__config_0A0080A0
                0x0a0080a0        0x4 build/default/production/_ext/1171490990/initialization.o
                0x0a0080a0                __config_0A0080A0

.config_0A00A000.__config_0A00A000%157
                0x0a00a000        0x4
 .config_0A00A000.__config_0A00A000
                0x0a00a000        0x4 build/default/production/_ext/1171490990/initialization.o
                0x0a00a000                __config_0A00A000

.config_0A00A004.__config_0A00A004%158
                0x0a00a004        0x4
 .config_0A00A004.__config_0A00A004
                0x0a00a004        0x4 build/default/production/_ext/1171490990/initialization.o
                0x0a00a004                __config_0A00A004

.config_0A00A008.__config_0A00A008%159
                0x0a00a008        0x4
 .config_0A00A008.__config_0A00A008
                0x0a00a008        0x4 build/default/production/_ext/1171490990/initialization.o
                0x0a00a008                __config_0A00A008

.config_0A00A020.__config_0A00A020%160
                0x0a00a020        0x4
 .config_0A00A020.__config_0A00A020
                0x0a00a020        0x4 build/default/production/_ext/1171490990/initialization.o
                0x0a00a020                __config_0A00A020

.config_0A00A024.__config_0A00A024%161
                0x0a00a024        0x4
 .config_0A00A024.__config_0A00A024
                0x0a00a024        0x4 build/default/production/_ext/1171490990/initialization.o
                0x0a00a024                __config_0A00A024

.config_0A00A028.__config_0A00A028%162
                0x0a00a028        0x4
 .config_0A00A028.__config_0A00A028
                0x0a00a028        0x4 build/default/production/_ext/1171490990/initialization.o
                0x0a00a028                __config_0A00A028

.config_0A00A02C.__config_0A00A02C%163
                0x0a00a02c        0x4
 .config_0A00A02C.__config_0A00A02C
                0x0a00a02c        0x4 build/default/production/_ext/1171490990/initialization.o
                0x0a00a02c                __config_0A00A02C

.config_0A00A030.__config_0A00A030%164
                0x0a00a030        0x4
 .config_0A00A030.__config_0A00A030
                0x0a00a030        0x4 build/default/production/_ext/1171490990/initialization.o
                0x0a00a030                __config_0A00A030

.config_0A00A034.__config_0A00A034%165
                0x0a00a034        0x4
 .config_0A00A034.__config_0A00A034
                0x0a00a034        0x4 build/default/production/_ext/1171490990/initialization.o
                0x0a00a034                __config_0A00A034

.config_0A00A038.__config_0A00A038%166
                0x0a00a038        0x4
 .config_0A00A038.__config_0A00A038
                0x0a00a038        0x4 build/default/production/_ext/1171490990/initialization.o
                0x0a00a038                __config_0A00A038

.config_0A00A03C.__config_0A00A03C%167
                0x0a00a03c        0x4
 .config_0A00A03C.__config_0A00A03C
                0x0a00a03c        0x4 build/default/production/_ext/1171490990/initialization.o
                0x0a00a03c                __config_0A00A03C

.config_0A00A040.__config_0A00A040%168
                0x0a00a040        0x4
 .config_0A00A040.__config_0A00A040
                0x0a00a040        0x4 build/default/production/_ext/1171490990/initialization.o
                0x0a00a040                __config_0A00A040

.config_0A00A044.__config_0A00A044%169
                0x0a00a044        0x4
 .config_0A00A044.__config_0A00A044
                0x0a00a044        0x4 build/default/production/_ext/1171490990/initialization.o
                0x0a00a044                __config_0A00A044

.config_0A00A048.__config_0A00A048%170
                0x0a00a048        0x4
 .config_0A00A048.__config_0A00A048
                0x0a00a048        0x4 build/default/production/_ext/1171490990/initialization.o
                0x0a00a048                __config_0A00A048

.config_0A00A04C.__config_0A00A04C%171
                0x0a00a04c        0x4
 .config_0A00A04C.__config_0A00A04C
                0x0a00a04c        0x4 build/default/production/_ext/1171490990/initialization.o
                0x0a00a04c                __config_0A00A04C

.config_0A00A050.__config_0A00A050%172
                0x0a00a050        0x4
 .config_0A00A050.__config_0A00A050
                0x0a00a050        0x4 build/default/production/_ext/1171490990/initialization.o
                0x0a00a050                __config_0A00A050

.config_0A00A054.__config_0A00A054%173
                0x0a00a054        0x4
 .config_0A00A054.__config_0A00A054
                0x0a00a054        0x4 build/default/production/_ext/1171490990/initialization.o
                0x0a00a054                __config_0A00A054

.config_0A00A058.__config_0A00A058%174
                0x0a00a058        0x4
 .config_0A00A058.__config_0A00A058
                0x0a00a058        0x4 build/default/production/_ext/1171490990/initialization.o
                0x0a00a058                __config_0A00A058

.config_0A00A05C.__config_0A00A05C%175
                0x0a00a05c        0x4
 .config_0A00A05C.__config_0A00A05C
                0x0a00a05c        0x4 build/default/production/_ext/1171490990/initialization.o
                0x0a00a05c                __config_0A00A05C

.config_0A00A060.__config_0A00A060%176
                0x0a00a060        0x4
 .config_0A00A060.__config_0A00A060
                0x0a00a060        0x4 build/default/production/_ext/1171490990/initialization.o
                0x0a00a060                __config_0A00A060

.config_0A00A064.__config_0A00A064%177
                0x0a00a064        0x4
 .config_0A00A064.__config_0A00A064
                0x0a00a064        0x4 build/default/production/_ext/1171490990/initialization.o
                0x0a00a064                __config_0A00A064

.config_0A00A068.__config_0A00A068%178
                0x0a00a068        0x4
 .config_0A00A068.__config_0A00A068
                0x0a00a068        0x4 build/default/production/_ext/1171490990/initialization.o
                0x0a00a068                __config_0A00A068

.config_0A00A06C.__config_0A00A06C%179
                0x0a00a06c        0x4
 .config_0A00A06C.__config_0A00A06C
                0x0a00a06c        0x4 build/default/production/_ext/1171490990/initialization.o
                0x0a00a06c                __config_0A00A06C

.config_0A00A070.__config_0A00A070%180
                0x0a00a070        0x4
 .config_0A00A070.__config_0A00A070
                0x0a00a070        0x4 build/default/production/_ext/1171490990/initialization.o
                0x0a00a070                __config_0A00A070

.config_0A00A074.__config_0A00A074%181
                0x0a00a074        0x4
 .config_0A00A074.__config_0A00A074
                0x0a00a074        0x4 build/default/production/_ext/1171490990/initialization.o
                0x0a00a074                __config_0A00A074

.config_0A00A078.__config_0A00A078%182
                0x0a00a078        0x4
 .config_0A00A078.__config_0A00A078
                0x0a00a078        0x4 build/default/production/_ext/1171490990/initialization.o
                0x0a00a078                __config_0A00A078

.config_0A00A07C.__config_0A00A07C%183
                0x0a00a07c        0x4
 .config_0A00A07C.__config_0A00A07C
                0x0a00a07c        0x4 build/default/production/_ext/1171490990/initialization.o
                0x0a00a07c                __config_0A00A07C

.config_0A00A080.__config_0A00A080%184
                0x0a00a080        0x4
 .config_0A00A080.__config_0A00A080
                0x0a00a080        0x4 build/default/production/_ext/1171490990/initialization.o
                0x0a00a080                __config_0A00A080

.config_0A00A084.__config_0A00A084%185
                0x0a00a084        0x4
 .config_0A00A084.__config_0A00A084
                0x0a00a084        0x4 build/default/production/_ext/1171490990/initialization.o
                0x0a00a084                __config_0A00A084

.config_0A00A088.__config_0A00A088%186
                0x0a00a088        0x4
 .config_0A00A088.__config_0A00A088
                0x0a00a088        0x4 build/default/production/_ext/1171490990/initialization.o
                0x0a00a088                __config_0A00A088

.config_0A00A08C.__config_0A00A08C%187
                0x0a00a08c        0x4
 .config_0A00A08C.__config_0A00A08C
                0x0a00a08c        0x4 build/default/production/_ext/1171490990/initialization.o
                0x0a00a08c                __config_0A00A08C

.config_0A00A090.__config_0A00A090%188
                0x0a00a090        0x4
 .config_0A00A090.__config_0A00A090
                0x0a00a090        0x4 build/default/production/_ext/1171490990/initialization.o
                0x0a00a090                __config_0A00A090

.config_0A00A094.__config_0A00A094%189
                0x0a00a094        0x4
 .config_0A00A094.__config_0A00A094
                0x0a00a094        0x4 build/default/production/_ext/1171490990/initialization.o
                0x0a00a094                __config_0A00A094

.config_0A00A098.__config_0A00A098%190
                0x0a00a098        0x4
 .config_0A00A098.__config_0A00A098
                0x0a00a098        0x4 build/default/production/_ext/1171490990/initialization.o
                0x0a00a098                __config_0A00A098

.config_0A00A09C.__config_0A00A09C%191
                0x0a00a09c        0x4
 .config_0A00A09C.__config_0A00A09C
                0x0a00a09c        0x4 build/default/production/_ext/1171490990/initialization.o
                0x0a00a09c                __config_0A00A09C

.config_0A00A0A0.__config_0A00A0A0%192
                0x0a00a0a0        0x4
 .config_0A00A0A0.__config_0A00A0A0
                0x0a00a0a0        0x4 build/default/production/_ext/1171490990/initialization.o
                0x0a00a0a0                __config_0A00A0A0

.config_0A00A0A4.__config_0A00A0A4%193
                0x0a00a0a4        0x4
 .config_0A00A0A4.__config_0A00A0A4
                0x0a00a0a4        0x4 build/default/production/_ext/1171490990/initialization.o
                0x0a00a0a4                __config_0A00A0A4

.config_0A00A0A8.__config_0A00A0A8%194
                0x0a00a0a8        0x4
 .config_0A00A0A8.__config_0A00A0A8
                0x0a00a0a8        0x4 build/default/production/_ext/1171490990/initialization.o
                0x0a00a0a8                __config_0A00A0A8

.config_0A00A0AC.__config_0A00A0AC%195
                0x0a00a0ac        0x4
 .config_0A00A0AC.__config_0A00A0AC
                0x0a00a0ac        0x4 build/default/production/_ext/1171490990/initialization.o
                0x0a00a0ac                __config_0A00A0AC

.config_0A00A0B0.__config_0A00A0B0%196
                0x0a00a0b0        0x4
 .config_0A00A0B0.__config_0A00A0B0
                0x0a00a0b0        0x4 build/default/production/_ext/1171490990/initialization.o
                0x0a00a0b0                __config_0A00A0B0

.config_0A00A0B4.__config_0A00A0B4%197
                0x0a00a0b4        0x4
 .config_0A00A0B4.__config_0A00A0B4
                0x0a00a0b4        0x4 build/default/production/_ext/1171490990/initialization.o
                0x0a00a0b4                __config_0A00A0B4

.config_0A00A0B8.__config_0A00A0B8%198
                0x0a00a0b8        0x4
 .config_0A00A0B8.__config_0A00A0B8
                0x0a00a0b8        0x4 build/default/production/_ext/1171490990/initialization.o
                0x0a00a0b8                __config_0A00A0B8

.config_0A00A0BC.__config_0A00A0BC%199
                0x0a00a0bc        0x4
 .config_0A00A0BC.__config_0A00A0BC
                0x0a00a0bc        0x4 build/default/production/_ext/1171490990/initialization.o
                0x0a00a0bc                __config_0A00A0BC

.config_0A00A0C0.__config_0A00A0C0%200
                0x0a00a0c0        0x4
 .config_0A00A0C0.__config_0A00A0C0
                0x0a00a0c0        0x4 build/default/production/_ext/1171490990/initialization.o
                0x0a00a0c0                __config_0A00A0C0

.config_0A00A0C4.__config_0A00A0C4%201
                0x0a00a0c4        0x4
 .config_0A00A0C4.__config_0A00A0C4
                0x0a00a0c4        0x4 build/default/production/_ext/1171490990/initialization.o
                0x0a00a0c4                __config_0A00A0C4

.config_0A00A0C8.__config_0A00A0C8%202
                0x0a00a0c8        0x4
 .config_0A00A0C8.__config_0A00A0C8
                0x0a00a0c8        0x4 build/default/production/_ext/1171490990/initialization.o
                0x0a00a0c8                __config_0A00A0C8

.config_0A00A0CC.__config_0A00A0CC%203
                0x0a00a0cc        0x4
 .config_0A00A0CC.__config_0A00A0CC
                0x0a00a0cc        0x4 build/default/production/_ext/1171490990/initialization.o
                0x0a00a0cc                __config_0A00A0CC

.config_0A00A0D0.__config_0A00A0D0%204
                0x0a00a0d0        0x4
 .config_0A00A0D0.__config_0A00A0D0
                0x0a00a0d0        0x4 build/default/production/_ext/1171490990/initialization.o
                0x0a00a0d0                __config_0A00A0D0

.config_0A00A0D4.__config_0A00A0D4%205
                0x0a00a0d4        0x4
 .config_0A00A0D4.__config_0A00A0D4
                0x0a00a0d4        0x4 build/default/production/_ext/1171490990/initialization.o
                0x0a00a0d4                __config_0A00A0D4

.config_0A00A0D8.__config_0A00A0D8%206
                0x0a00a0d8        0x4
 .config_0A00A0D8.__config_0A00A0D8
                0x0a00a0d8        0x4 build/default/production/_ext/1171490990/initialization.o
                0x0a00a0d8                __config_0A00A0D8

.config_0A00A0DC.__config_0A00A0DC%207
                0x0a00a0dc        0x4
 .config_0A00A0DC.__config_0A00A0DC
                0x0a00a0dc        0x4 build/default/production/_ext/1171490990/initialization.o
                0x0a00a0dc                __config_0A00A0DC

.config_0A00A0E0.__config_0A00A0E0%208
                0x0a00a0e0        0x4
 .config_0A00A0E0.__config_0A00A0E0
                0x0a00a0e0        0x4 build/default/production/_ext/1171490990/initialization.o
                0x0a00a0e0                __config_0A00A0E0

.config_0A00A0E4.__config_0A00A0E4%209
                0x0a00a0e4        0x4
 .config_0A00A0E4.__config_0A00A0E4
                0x0a00a0e4        0x4 build/default/production/_ext/1171490990/initialization.o
                0x0a00a0e4                __config_0A00A0E4

.config_0A00A0E8.__config_0A00A0E8%210
                0x0a00a0e8        0x4
 .config_0A00A0E8.__config_0A00A0E8
                0x0a00a0e8        0x4 build/default/production/_ext/1171490990/initialization.o
                0x0a00a0e8                __config_0A00A0E8

.config_0A00A0EC.__config_0A00A0EC%211
                0x0a00a0ec        0x4
 .config_0A00A0EC.__config_0A00A0EC
                0x0a00a0ec        0x4 build/default/production/_ext/1171490990/initialization.o
                0x0a00a0ec                __config_0A00A0EC

.config_0A00A0F0.__config_0A00A0F0%212
                0x0a00a0f0        0x4
 .config_0A00A0F0.__config_0A00A0F0
                0x0a00a0f0        0x4 build/default/production/_ext/1171490990/initialization.o
                0x0a00a0f0                __config_0A00A0F0

.config_0A00A0F4.__config_0A00A0F4%213
                0x0a00a0f4        0x4
 .config_0A00A0F4.__config_0A00A0F4
                0x0a00a0f4        0x4 build/default/production/_ext/1171490990/initialization.o
                0x0a00a0f4                __config_0A00A0F4

.config_0A00A0F8.__config_0A00A0F8%214
                0x0a00a0f8        0x4
 .config_0A00A0F8.__config_0A00A0F8
                0x0a00a0f8        0x4 build/default/production/_ext/1171490990/initialization.o
                0x0a00a0f8                __config_0A00A0F8

.config_0A00A0FC.__config_0A00A0FC%215
                0x0a00a0fc        0x4
 .config_0A00A0FC.__config_0A00A0FC
                0x0a00a0fc        0x4 build/default/production/_ext/1171490990/initialization.o
                0x0a00a0fc                __config_0A00A0FC

.config_0A00A100.__config_0A00A100%216
                0x0a00a100        0x4
 .config_0A00A100.__config_0A00A100
                0x0a00a100        0x4 build/default/production/_ext/1171490990/initialization.o
                0x0a00a100                __config_0A00A100

.config_0A00A110.__config_0A00A110%217
                0x0a00a110        0x4
 .config_0A00A110.__config_0A00A110
                0x0a00a110        0x4 build/default/production/_ext/1171490990/initialization.o
                0x0a00a110                __config_0A00A110

.config_0A00A114.__config_0A00A114%218
                0x0a00a114        0x4
 .config_0A00A114.__config_0A00A114
                0x0a00a114        0x4 build/default/production/_ext/1171490990/initialization.o
                0x0a00a114                __config_0A00A114

.config_0A00A118.__config_0A00A118%219
                0x0a00a118        0x4
 .config_0A00A118.__config_0A00A118
                0x0a00a118        0x4 build/default/production/_ext/1171490990/initialization.o
                0x0a00a118                __config_0A00A118

.config_0A00A11C.__config_0A00A11C%220
                0x0a00a11c        0x4
 .config_0A00A11C.__config_0A00A11C
                0x0a00a11c        0x4 build/default/production/_ext/1171490990/initialization.o
                0x0a00a11c                __config_0A00A11C

.config_0A00A120.__config_0A00A120%221
                0x0a00a120        0x4
 .config_0A00A120.__config_0A00A120
                0x0a00a120        0x4 build/default/production/_ext/1171490990/initialization.o
                0x0a00a120                __config_0A00A120

.text.APP_Tasks%222
                0x0c000020      0x150
 .text.APP_Tasks
                0x0c000020      0x150 build/default/production/_ext/1360937237/app.o
                0x0c000020                APP_Tasks

.dinit%223      0x0c000170      0x130
 .dinit         0x0c000170      0x130 data_init

.text.APP_Read%224
                0x0c0002a0       0xd4
 .text.APP_Read
                0x0c0002a0       0xd4 build/default/production/_ext/1360937237/app.o
                0x0c0002a0                APP_Read

.text.APP_Initialize%225
                0x0c000374       0xac
 .text.APP_Initialize
                0x0c000374       0xac build/default/production/_ext/1360937237/app.o
                0x0c000374                APP_Initialize

.text.CLOCK_Initialize%226
                0x0c000420       0x98
 .text.CLOCK_Initialize
                0x0c000420       0x98 build/default/production/_ext/1984496892/plib_clock.o
                0x0c000420                CLOCK_Initialize

.text.SQI_Initialize%227
                0x0c0004b8       0x8c
 .text.SQI_Initialize
                0x0c0004b8       0x8c build/default/production/_ext/60181049/plib_sqi.o
                0x0c0004b8                SQI_Initialize

.text.SQI_InterruptHandler%228
                0x0c000544       0x88
 .text.SQI_InterruptHandler
                0x0c000544       0x88 build/default/production/_ext/60181049/plib_sqi.o
                0x0c000544                SQI_InterruptHandler

.text.Reset_Handler%229
                0x0c0005cc       0x68
 .text.Reset_Handler
                0x0c0005cc       0x68 build/default/production/_ext/1171490990/startup_xc32.o
                0x0c0005cc                Reset_Handler

.text.__pic32c_data_initialization_impl%230
                0x0c000634       0x60
 .text.__pic32c_data_initialization_impl
                0x0c000634       0x60 c:/program files/microchip/xc32/v4.20/bin/bin/../../lib/gcc/pic32c/8.3.1/../../../../pic32c/lib/thumb/v8-m.main+fp/hard\libpic32c.a(data_init_0_1.o)
                0x0c000634                __copy_needed
                0x0c000634                __pic32c_data_initialization_impl

.text.APP_ResetFlash%231
                0x0c000694       0x5c
 .text.APP_ResetFlash
                0x0c000694       0x5c build/default/production/_ext/1360937237/app.o
                0x0c000694                APP_ResetFlash

.text.__libc_start_init%232
                0x0c0006f0       0x5c
 .text.__libc_start_init
                0x0c0006f0       0x5c c:/program files/microchip/xc32/v4.20/bin/bin/../../lib/gcc/pic32c/8.3.1/../../../../pic32c/lib/thumb/v8-m.main+fp/hard\libc-musl.a(__libc_start_main.o)
                0x0c0006f0                __libc_init_array

.text.PORT_Initialize%233
                0x0c00074c       0x54
 .text.PORT_Initialize
                0x0c00074c       0x54 build/default/production/_ext/1865521619/plib_port.o
                0x0c00074c                PORT_Initialize

.text.APP_PageWrite%234
                0x0c0007a0       0x54
 .text.APP_PageWrite
                0x0c0007a0       0x54 build/default/production/_ext/1360937237/app.o
                0x0c0007a0                APP_PageWrite

.text.APP_ReadJedecId%235
                0x0c0007f4       0x4c
 .text.APP_ReadJedecId
                0x0c0007f4       0x4c build/default/production/_ext/1360937237/app.o
                0x0c0007f4                APP_ReadJedecId

.text%236       0x0c000840       0x40
 .text          0x0c000840       0x40 c:/program files/microchip/xc32/v4.20/bin/bin/../../lib/gcc/pic32c/8.3.1/thumb/v8-m.main+fp/hard/crtbegin.o

.text.APP_UnlockFlash%237
                0x0c000880       0x38
 .text.APP_UnlockFlash
                0x0c000880       0x38 build/default/production/_ext/1360937237/app.o
                0x0c000880                APP_UnlockFlash

.text.NVIC_Initialize%238
                0x0c0008b8       0x34
 .text.NVIC_Initialize
                0x0c0008b8       0x34 build/default/production/_ext/1865468468/plib_nvic.o
                0x0c0008b8                NVIC_Initialize

.text.APP_EnableQuadIO%239
                0x0c0008ec       0x34
 .text.APP_EnableQuadIO
                0x0c0008ec       0x34 build/default/production/_ext/1360937237/app.o
                0x0c0008ec                APP_EnableQuadIO

.text.APP_Erase%240
                0x0c000920       0x34
 .text.APP_Erase
                0x0c000920       0x34 build/default/production/_ext/1360937237/app.o
                0x0c000920                APP_Erase

.text.APP_WriteEnable%241
                0x0c000954       0x24
 .text.APP_WriteEnable
                0x0c000954       0x24 build/default/production/_ext/1360937237/app.o
                0x0c000954                APP_WriteEnable

.text.SQI_DMATransfer%242
                0x0c000978       0x20
 .text.SQI_DMATransfer
                0x0c000978       0x20 build/default/production/_ext/60181049/plib_sqi.o
                0x0c000978                SQI_DMATransfer

.text.SYS_Initialize%243
                0x0c000998       0x1c
 .text.SYS_Initialize
                0x0c000998       0x1c build/default/production/_ext/1171490990/initialization.o
                0x0c000998                SYS_Initialize

.text.APP_SectorErase%244
                0x0c0009b4       0x1c
 .text.APP_SectorErase
                0x0c0009b4       0x1c build/default/production/_ext/1360937237/app.o
                0x0c0009b4                APP_SectorErase

.text.memcmp%245
                0x0c0009d0       0x1c
 .text.memcmp   0x0c0009d0       0x1c c:/program files/microchip/xc32/v4.20/bin/bin/../../lib/gcc/pic32c/8.3.1/../../../../pic32c/lib/thumb/v8-m.main+fp/hard\libc-musl.a(memcmp.o)
                0x0c0009d0                memcmp

.text.SQI_RegisterCallback%246
                0x0c0009ec       0x14
 .text.SQI_RegisterCallback
                0x0c0009ec       0x14 build/default/production/_ext/60181049/plib_sqi.o
                0x0c0009ec                SQI_RegisterCallback

.text.main%247  0x0c000a00       0x12
 .text.main     0x0c000a00       0x12 build/default/production/_ext/1360937237/main.o
                0x0c000a00                main

.text.PM_Initialize%248
                0x0c000a14       0x10
 .text.PM_Initialize
                0x0c000a14       0x10 build/default/production/_ext/829342769/plib_pm.o
                0x0c000a14                PM_Initialize

.text.APP_EventHandler%249
                0x0c000a24        0xc
 .text.APP_EventHandler
                0x0c000a24        0xc build/default/production/_ext/1360937237/app.o

.text.__pic32c_data_initialization%250
                0x0c000a30        0x4
 .text.__pic32c_data_initialization